CLIB_FOPEN_MAX                  = $FFFFFFFF ; L zcc68BC18
REGISTER_SP                     = $FFFFFFFF ; L zcc68BC18
TAR__clib_malloc_heap_size      = $FFFFFFFF ; L zcc68BC18
__MMAP                          = $FFFFFFFF ; L zcc68BC18
__clib_fopen_max                = $FFFFFFFF ; L zcc68BC18
__register_sp                   = $FFFFFFFF ; L zcc68BC18
CLIB_MALLOC_HEAP_SIZE           = $0000 ; L zcc68BC18
CLIB_OPT_STDIO                  = $0000 ; L zcc68BC18
CLIB_STDIO_HEAP_SIZE            = $0000 ; L zcc68BC18
CRT_ENABLE_CLOSE                = $0000 ; L zcc68BC18
CRT_ENABLE_EIDI                 = $0000 ; L zcc68BC18
CRT_ON_EXIT                     = $0000 ; L zcc68BC18
IOCTL_RESET                     = $0000 ; G zcc68BC18
STDIO_SEEK_SET                  = $0000 ; G zcc68BC18
TAR__clib_balloc_table_size     = $0000 ; L zcc68BC18
TAR__clib_exit_stack_size       = $0000 ; L zcc68BC18
TAR__clib_fopen_max             = $0000 ; L zcc68BC18
TAR__clib_open_max              = $0000 ; L zcc68BC18
TAR__clib_quickexit_stack_size  = $0000 ; L zcc68BC18
TAR__crt_enable_commandline     = $0000 ; L zcc68BC18
TAR__crt_enable_nmi             = $0000 ; L zcc68BC18
TAR__crt_enable_restart         = $0000 ; L zcc68BC18
TAR__crt_enable_rst             = $0000 ; L zcc68BC18
TAR__crt_include_preamble       = $0000 ; L zcc68BC18
TAR__crt_initialize_bss         = $0000 ; L zcc68BC18
TAR__crt_model                  = $0000 ; L zcc68BC18
TAR__crt_org_bss                = $0000 ; L zcc68BC18
TAR__crt_org_data               = $0000 ; L zcc68BC18
__BSS_END_size                  = $0000 ; G 
__BSS_UNINITIALIZED_size        = $0000 ; G 
__BSS_size                      = $0000 ; G 
__CLIB_OPT_ERROR                = $0000 ; L error_edom_mc
__CLIB_OPT_ERROR                = $0000 ; L error_einval_zc
__CLIB_OPT_ERROR                = $0000 ; L error_erange_zc
__CLIB_OPT_FASTCOPY             = $0000 ; L asm_memset
__CLIB_OPT_FASTCOPY             = $0000 ; L asm_zx_cls
__CLIB_OPT_IMATH                = $0000 ; L l_divs_16_16x16
__CLIB_OPT_IMATH                = $0000 ; L l_divu_16_16x8
__CLIB_OPT_IMATH                = $0000 ; L l_mulu_16_16x16
__CODE_END_size                 = $0000 ; G 
__CRTDEF                        = $0000 ; L zcc68BC18
__DATA_END_size                 = $0000 ; G 
__DATA_size                     = $0000 ; G 
__EOK                           = $0000 ; G zcc68BC18
__IGNORE_size                   = $0000 ; G 
__bss_alloc_balloc_size         = $0000 ; G 
__bss_alloc_malloc_size         = $0000 ; G 
__bss_arch_size                 = $0000 ; G 
__bss_clib_size                 = $0000 ; G 
__bss_compress_aplib_size       = $0000 ; G 
__bss_driver_size               = $0000 ; G 
__bss_fcntl_size                = $0000 ; G 
__bss_font_size                 = $0000 ; G 
__bss_input_size                = $0000 ; G 
__bss_lib_size                  = $0000 ; G 
__bss_sound_bit_size            = $0000 ; G 
__bss_stdio_size                = $0000 ; G 
__bss_string_size               = $0000 ; G 
__clib_balloc_table_size        = $0000 ; L zcc68BC18
__clib_exit_stack_size          = $0000 ; L zcc68BC18
__clib_malloc_heap_size         = $0000 ; L zcc68BC18
__clib_open_max                 = $0000 ; L zcc68BC18
__clib_quickexit_stack_size     = $0000 ; L zcc68BC18
__clib_stdio_heap_size          = $0000 ; L zcc68BC18
__code_adt_b_array_size         = $0000 ; G 
__code_adt_b_vector_size        = $0000 ; G 
__code_adt_ba_priority_queue_size = $0000 ; G 
__code_adt_ba_stack_size        = $0000 ; G 
__code_adt_bv_priority_queue_size = $0000 ; G 
__code_adt_bv_stack_size        = $0000 ; G 
__code_adt_p_forward_list_alt_size = $0000 ; G 
__code_adt_p_forward_list_size  = $0000 ; G 
__code_adt_p_list_size          = $0000 ; G 
__code_adt_p_queue_size         = $0000 ; G 
__code_adt_p_stack_size         = $0000 ; G 
__code_adt_w_array_size         = $0000 ; G 
__code_adt_w_vector_size        = $0000 ; G 
__code_adt_wa_priority_queue_size = $0000 ; G 
__code_adt_wa_stack_size        = $0000 ; G 
__code_adt_wv_priority_queue_size = $0000 ; G 
__code_adt_wv_stack_size        = $0000 ; G 
__code_alloc_balloc_size        = $0000 ; G 
__code_alloc_malloc_size        = $0000 ; G 
__code_alloc_obstack_size       = $0000 ; G 
__code_bifrost2_size            = $0000 ; G 
__code_bifrost_h_size           = $0000 ; G 
__code_bifrost_l_size           = $0000 ; G 
__code_clib_size                = $0000 ; G 
__code_compress_aplib_size      = $0000 ; G 
__code_compress_zx7_size        = $0000 ; G 
__code_crt_exit_size            = $0000 ; G 
__code_crt_init_size            = $0000 ; G 
__code_ctype_size               = $0000 ; G 
__code_driver_character_input_size = $0000 ; G 
__code_driver_character_output_size = $0000 ; G 
__code_driver_general_size      = $0000 ; G 
__code_driver_memstream_size    = $0000 ; G 
__code_driver_size              = $0000 ; G 
__code_driver_terminal_input_size = $0000 ; G 
__code_driver_terminal_output_size = $0000 ; G 
__code_driver_tty_size          = $0000 ; G 
__code_fcntl_size               = $0000 ; G 
__code_font_fzx_size            = $0000 ; G 
__code_font_size                = $0000 ; G 
__code_fp_genmath_size          = $0000 ; G 
__code_fp_math48_size           = $0000 ; G 
__code_inttypes_size            = $0000 ; G 
__code_l_sccz80_size            = $0000 ; G 
__code_lib_size                 = $0000 ; G 
__code_locale_size              = $0000 ; G 
__code_network_size             = $0000 ; G 
__code_nirvanam_size            = $0000 ; G 
__code_setjmp_size              = $0000 ; G 
__code_stdio_size               = $0000 ; G 
__code_temp_sp1_size            = $0000 ; G 
__code_threads_mutex_size       = $0000 ; G 
__code_threads_size             = $0000 ; G 
__crt_enable_close              = $0000 ; L zcc68BC18
__crt_enable_commandline        = $0000 ; L zcc68BC18
__crt_enable_eidi               = $0000 ; L zcc68BC18
__crt_enable_restart            = $0000 ; L zcc68BC18
__crt_include_preamble          = $0000 ; L zcc68BC18
__crt_initialize_bss            = $0000 ; L zcc68BC18
__crt_model                     = $0000 ; L zcc68BC18
__crt_on_exit                   = $0000 ; L zcc68BC18
__data_alloc_balloc_size        = $0000 ; G 
__data_alloc_malloc_size        = $0000 ; G 
__data_clib_size                = $0000 ; G 
__data_driver_size              = $0000 ; G 
__data_fcntl_fdtable_body_size  = $0000 ; G 
__data_fcntl_size               = $0000 ; G 
__data_fcntl_stdio_heap_body_size = $0000 ; G 
__data_fcntl_stdio_heap_head_size = $0000 ; G 
__data_fcntl_stdio_heap_tail_size = $0000 ; G 
__data_font_size                = $0000 ; G 
__data_lib_size                 = $0000 ; G 
__data_stdio_size               = $0000 ; G 
__data_user_size                = $0000 ; G 
__exit_stack_size               = $0000 ; G zcc68BC18
__fcntl_fdtbl                   = $0000 ; G zcc68BC18
__fcntl_fdtbl_size              = $0000 ; G zcc68BC18
__head                          = $0000 ; G 
__quickexit_stack_size          = $0000 ; G zcc68BC18
__rodata_clib_size              = $0000 ; G 
__rodata_driver_size            = $0000 ; G 
__rodata_error_strings_size     = $0000 ; G 
__rodata_fcntl_size             = $0000 ; G 
__rodata_font_4x8_size          = $0000 ; G 
__rodata_font_8x8_size          = $0000 ; G 
__rodata_font_fzx_size          = $0000 ; G 
__rodata_font_size              = $0000 ; G 
__rodata_lib_size               = $0000 ; G 
__rodata_sound_bit_size         = $0000 ; G 
__rodata_stdio_size             = $0000 ; G 
__rodata_stdlib_size            = $0000 ; G 
__smc_clib_size                 = $0000 ; G 
__smc_compiler_size             = $0000 ; G 
__smc_driver_size               = $0000 ; G 
__smc_fcntl_size                = $0000 ; G 
__smc_font_size                 = $0000 ; G 
__smc_l_size                    = $0000 ; G 
__smc_lib_size                  = $0000 ; G 
__smc_sound_bit_size            = $0000 ; G 
__smc_user_size                 = $0000 ; G 
thrd_success                    = $0000 ; G zcc68BC18
DEFINED_CLIB_FOPEN_MAX          = $0001 ; L zcc68BC18
DEFINED_CLIB_MALLOC_HEAP_SIZE   = $0001 ; L zcc68BC18
DEFINED_CLIB_OPT_STDIO          = $0001 ; L zcc68BC18
DEFINED_CLIB_STDIO_HEAP_SIZE    = $0001 ; L zcc68BC18
DEFINED_CRT_ENABLE_CLOSE        = $0001 ; L zcc68BC18
DEFINED_CRT_ENABLE_EIDI         = $0001 ; L zcc68BC18
DEFINED_CRT_ON_EXIT             = $0001 ; L zcc68BC18
DEFINED_CRT_ORG_CODE            = $0001 ; L zcc68BC18
DEFINED_REGISTER_SP             = $0001 ; L zcc68BC18
DEFINED_Z88DK_USES_SDCC         = $0001 ; L zcc68BC18
DEFINED___MMAP                  = $0001 ; L zcc68BC18
DEFINED_startup                 = $0001 ; L zcc68BC18
STDIO_MSG_PUTC                  = $0001 ; G zcc68BC18
STDIO_SEEK_CUR                  = $0001 ; G zcc68BC18
TAR__crt_enable_close           = $0001 ; L zcc68BC18
TAR__crt_enable_eidi            = $0001 ; L zcc68BC18
Z88DK_USES_SDCC                 = $0001 ; L zcc68BC18
_CLIB_CFG_ASM_                  = $0001 ; L asm_memset
_CLIB_CFG_ASM_                  = $0001 ; L asm_zx_cls
_CLIB_CFG_ASM_                  = $0001 ; L error_edom_mc
_CLIB_CFG_ASM_                  = $0001 ; L error_einval_zc
_CLIB_CFG_ASM_                  = $0001 ; L error_erange_zc
_CLIB_CFG_ASM_                  = $0001 ; L l_divs_16_16x16
_CLIB_CFG_ASM_                  = $0001 ; L l_divu_16_16x8
_CLIB_CFG_ASM_                  = $0001 ; L l_mulu_16_16x16
_CLIB_TARGET_CFG_ASM_           = $0001 ; L asm_bit_beep_raw
_CLIB_TARGET_CFG_ASM_           = $0001 ; L asm_bit_close
_CLIB_TARGET_CFG_ASM_           = $0001 ; L asm_bit_open
_CLIB_TARGET_CFG_ASM_           = $0001 ; L asm_z80_delay_ms
__CODE_size                     = $0001 ; G 
__EACCES                        = $0001 ; G zcc68BC18
__NIRVANA_HOLE_size             = $0001 ; G 
__SDCC                          = $0001 ; L asm_memset
__SDCC                          = $0001 ; L asm_zx_cls
__SDCC                          = $0001 ; L error_edom_mc
__SDCC                          = $0001 ; L error_einval_zc
__SDCC                          = $0001 ; L error_erange_zc
__SDCC                          = $0001 ; L l_compare_de_hl
__SDCC                          = $0001 ; L l_divs_16_16x16
__SDCC                          = $0001 ; L l_divu_16_16x8
__SDCC                          = $0001 ; L l_mulu_16_16x16
__SDCC                          = $0001 ; L zcc68BC14
__SDCC                          = $0001 ; L zcc68BC17
__SDCC                          = $0001 ; L zcc68BC18
__SDCC_IY                       = $0001 ; L asm_memset
__SDCC_IY                       = $0001 ; L asm_zx_cls
__SDCC_IY                       = $0001 ; L error_edom_mc
__SDCC_IY                       = $0001 ; L error_einval_zc
__SDCC_IY                       = $0001 ; L error_erange_zc
__SDCC_IY                       = $0001 ; L l_compare_de_hl
__SDCC_IY                       = $0001 ; L l_divs_16_16x16
__SDCC_IY                       = $0001 ; L l_divu_16_16x8
__SDCC_IY                       = $0001 ; L l_mulu_16_16x16
__SDCC_IY                       = $0001 ; L zcc68BC18
__data_sound_bit_size           = $0001 ; G 
__data_threads_size             = $0001 ; G 
__rodata_error_string_end_size  = $0001 ; G 
__sound_bit_method              = $0001 ; L asm_bit_beep_raw
mtx_plain                       = $0001 ; G zcc68BC18
thrd_error                      = $0001 ; G zcc68BC18
STDIO_MSG_WRIT                  = $0002 ; G zcc68BC18
STDIO_SEEK_END                  = $0002 ; G zcc68BC18
__EBADF                         = $0002 ; G zcc68BC18
__bss_error_size                = $0002 ; G 
__bss_stdlib_size               = $0002 ; G 
__code_crt_return_size          = $0002 ; G 
mtx_recursive                   = $0002 ; G zcc68BC18
thrd_nomem                      = $0002 ; G zcc68BC18
STDIO_MSG_GETC                  = $0003 ; G zcc68BC18
__EBDFD                         = $0003 ; G zcc68BC18
__LOADER_size                   = $0003 ; G 
STDIO_MSG_EATC                  = $0004 ; G zcc68BC18
__EDOM                          = $0004 ; G zcc68BC18
__code_crt_main_size            = $0004 ; G 
__data_stdlib_size              = $0004 ; G 
__sound_bit_toggle_pos          = $0004 ; L asm_bit_beep_raw
mtx_timed                       = $0004 ; G zcc68BC18
thrd_busy                       = $0004 ; G zcc68BC18
STDIO_MSG_READ                  = $0005 ; G zcc68BC18
__EFBIG                         = $0005 ; G zcc68BC18
STDIO_MSG_SEEK                  = $0006 ; G zcc68BC18
__EINVAL                        = $0006 ; G zcc68BC18
__bss_user_size                 = $0006 ; G 
STDIO_MSG_ICTL                  = $0007 ; G zcc68BC18
TAR__crt_enable_streams         = $0007 ; L zcc68BC18
__EMFILE                        = $0007 ; G zcc68BC18
STDIO_MSG_FLSH                  = $0008 ; G zcc68BC18
__ENFILE                        = $0008 ; G zcc68BC18
thrd_timedout                   = $0008 ; G zcc68BC18
STDIO_MSG_CLOS                  = $0009 ; G zcc68BC18
__ENOLCK                        = $0009 ; G zcc68BC18
__ENOMEM                        = $000A ; G zcc68BC18
__ENOTSUP                       = $000B ; G zcc68BC18
__EOVERFLOW                     = $000C ; G zcc68BC18
__ERANGE                        = $000D ; G zcc68BC18
__ESTAT                         = $000E ; G zcc68BC18
ICHAR_MSG_GETC                  = $000F ; G zcc68BC18
ITERM_MSG_GETC                  = $000F ; G zcc68BC18
__EAGAIN                        = $000F ; G zcc68BC18
__EWOULDBLOCK                   = $000F ; G zcc68BC18
ITERM_MSG_INTERRUPT             = $0010 ; G zcc68BC18
__sound_bit_toggle              = $0010 ; L asm_bit_beep_raw
ITERM_MSG_PUTC                  = $0011 ; G zcc68BC18
ITERM_MSG_PRINT_CURSOR          = $0012 ; G zcc68BC18
ITERM_MSG_ERASE_CURSOR          = $0013 ; G zcc68BC18
ITERM_MSG_ERASE_CURSOR_PWD      = $0014 ; G zcc68BC18
ITERM_MSG_BS                    = $0015 ; G zcc68BC18
ITERM_MSG_BS_PWD                = $0016 ; G zcc68BC18
ITERM_MSG_READLINE_BEGIN        = $0017 ; G zcc68BC18
__sound_bit_read_mask           = $0017 ; L asm_bit_open
ITERM_MSG_READLINE_END          = $0018 ; G zcc68BC18
ITERM_MSG_BELL                  = $0019 ; G zcc68BC18
OCHAR_MSG_PUTC_BIN              = $001E ; G zcc68BC18
OTERM_MSG_PUTC                  = $001E ; G zcc68BC18
OTERM_MSG_TTY                   = $001F ; G zcc68BC18
startup                         = $001F ; L zcc68BC18
OCHAR_MSG_PUTC                  = $0020 ; G zcc68BC18
OTERM_MSG_PRINTC                = $0020 ; G zcc68BC18
__MCLOAD_size                   = $0020 ; G 
__code_string_size              = $0020 ; G 
OTERM_MSG_SCROLL                = $0021 ; G zcc68BC18
OTERM_MSG_CLS                   = $0022 ; G zcc68BC18
OTERM_MSG_PAUSE                 = $0023 ; G zcc68BC18
OTERM_MSG_BELL                  = $0024 ; G zcc68BC18
OTERM_MSG_PSCROLL               = $0025 ; G zcc68BC18
__code_error_size               = $0034 ; G 
__code_z80_size                 = $0037 ; G 
__code_l_sdcc_size              = $0038 ; G 
__code_arch_size                = $003D ; G 
__code_crt_common_size          = $0047 ; G 
__code_sound_bit_size           = $0051 ; G 
__code_nirvanap_size            = $0056 ; G 
__rodata_compiler_size          = $0058 ; G 
__code_l_size                   = $0062 ; G 
__LOADER_CODE_size              = $0071 ; G 
__code_math_size                = $0087 ; G 
__rodata_input_size             = $00A0 ; G 
__code_input_size               = $00AE ; G 
__code_stdlib_size              = $00AE ; G 
__sound_bit_write_mask          = $00E8 ; L asm_bit_close
__sound_bit_port                = $00FE ; L asm_bit_beep_raw
TAR__clib_stdio_heap_size       = $0100 ; L zcc68BC18
IOCTL_OTERM_CLS                 = $0102 ; G zcc68BC18
__bss_compiler_size             = $0108 ; G 
TAR__crt_stack_size             = $0200 ; L zcc68BC18
IOCTL_ITERM_TIE                 = $0201 ; G zcc68BC18
IOCTL_OTERM_RESET_SCROLL        = $0202 ; G zcc68BC18
__code_user_size                = $0237 ; G 
__FONT_size                     = $0300 ; G 
IOCTL_ITERM_SET_EDITBUF         = $0301 ; G zcc68BC18
IOCTL_OTERM_SET_WINDOW_COORD    = $0302 ; G zcc68BC18
IOCTL_ITERM_GET_EDITBUF         = $0381 ; G zcc68BC18
IOCTL_OTERM_GET_WINDOW_COORD    = $0382 ; G zcc68BC18
__data_compiler_size            = $03A7 ; G 
IOCTL_OTERM_SET_WINDOW_RECT     = $0402 ; G zcc68BC18
IOCTL_OTERM_GET_WINDOW_RECT     = $0482 ; G zcc68BC18
IOCTL_OTERM_SET_CURSOR_COORD    = $0502 ; G zcc68BC18
IOCTL_OTERM_GET_CURSOR_COORD    = $0582 ; G zcc68BC18
IOCTL_OTERM_GET_OTERM           = $0602 ; G zcc68BC18
IOCTL_OTERM_SCROLL              = $0702 ; G zcc68BC18
IOCTL_OTERM_FONT                = $0802 ; G zcc68BC18
IOCTL_OTERM_FZX_SET_PAPER_COORD = $0A02 ; G zcc68BC18
IOCTL_OTERM_FZX_GET_PAPER_COORD = $0A82 ; G zcc68BC18
IOCTL_OTERM_FZX_SET_PAPER_RECT  = $0B02 ; G zcc68BC18
IOCTL_OTERM_FZX_GET_PAPER_RECT  = $0B82 ; G zcc68BC18
IOCTL_OTERM_FZX_LEFT_MARGIN     = $0C02 ; G zcc68BC18
IOCTL_OTERM_FZX_LINE_SPACING    = $0D02 ; G zcc68BC18
IOCTL_OTERM_FZX_SPACE_EXPAND    = $0E02 ; G zcc68BC18
IOCTL_OTERM_FZX_SET_FZX_STATE   = $0F02 ; G zcc68BC18
IOCTL_OTERM_FZX_GET_FZX_STATE   = $0F82 ; G zcc68BC18
IOCTL_ITERM_SET_DELAY           = $1001 ; G zcc68BC18
IOCTL_OTERM_FCOLOR              = $1002 ; G zcc68BC18
IOCTL_ITERM_GET_DELAY           = $1081 ; G zcc68BC18
IOCTL_ITERM_LASTK               = $1101 ; G zcc68BC18
IOCTL_OTERM_FMASK               = $1102 ; G zcc68BC18
IOCTL_OTERM_BCOLOR              = $1202 ; G zcc68BC18
__BANK_06_size                  = $1923 ; G 
__rodata_user_size              = $2880 ; G 
__MCLOAD_head                   = $4000 ; G 
mini_loader                     = $4000 ; G zcc68BC15
__MCLOAD_tail                   = $4020 ; G 
__code_compiler_size            = $4C91 ; G 
__LOADER_head                   = $5B00 ; G 
__LOADER_CODE_head              = $5B03 ; G 
__LOADER_tail                   = $5B03 ; G 
__code_compress_zx7_head        = $5B03 ; G 
__code_compress_zx7_tail        = $5B03 ; G 
pietro_loader                   = $5B03 ; G zcc68BC15
__LOADER_CODE_tail              = $5B74 ; G 
CRT_ORG_CODE                    = $5C00 ; L zcc68BC18
__CODE_head                     = $5C00 ; G 
__Restart                       = $5C00 ; L zcc68BC18
__Restart_2                     = $5C00 ; L zcc68BC18
__Start                         = $5C00 ; G zcc68BC18
__crt_org_code                  = $5C00 ; L zcc68BC18
__CODE_tail                     = $5C01 ; G 
__code_crt_init_head            = $5C01 ; G 
__code_crt_init_tail            = $5C01 ; G 
__code_crt_main_head            = $5C01 ; G 
__Exit                          = $5C04 ; G zcc68BC18
__code_crt_exit_head            = $5C05 ; G 
__code_crt_exit_tail            = $5C05 ; G 
__code_crt_main_tail            = $5C05 ; G 
__code_crt_return_head          = $5C05 ; G 
__code_crt_common_head          = $5C07 ; G 
__code_crt_return_tail          = $5C07 ; G 
_zx_isr                         = $5C07 ; G zcc68BC17
_zx_enable_bank_00              = $5C42 ; G zcc68BC17
_zx_enable_bank_06              = $5C46 ; G zcc68BC17
__FONT_head                     = $5C4E ; G 
__code_crt_common_tail          = $5C4E ; G 
_pietro_font                    = $5C4E ; G zcc68BC10
__FONT_tail                     = $5F4E ; G 
__code_adt_b_array_head         = $5F4E ; G 
__code_adt_b_array_tail         = $5F4E ; G 
__code_adt_b_vector_head        = $5F4E ; G 
__code_adt_b_vector_tail        = $5F4E ; G 
__code_adt_ba_priority_queue_head = $5F4E ; G 
__code_adt_ba_priority_queue_tail = $5F4E ; G 
__code_adt_ba_stack_head        = $5F4E ; G 
__code_adt_ba_stack_tail        = $5F4E ; G 
__code_adt_bv_priority_queue_head = $5F4E ; G 
__code_adt_bv_priority_queue_tail = $5F4E ; G 
__code_adt_bv_stack_head        = $5F4E ; G 
__code_adt_bv_stack_tail        = $5F4E ; G 
__code_adt_p_forward_list_alt_head = $5F4E ; G 
__code_adt_p_forward_list_alt_tail = $5F4E ; G 
__code_adt_p_forward_list_head  = $5F4E ; G 
__code_adt_p_forward_list_tail  = $5F4E ; G 
__code_adt_p_list_head          = $5F4E ; G 
__code_adt_p_list_tail          = $5F4E ; G 
__code_adt_p_queue_head         = $5F4E ; G 
__code_adt_p_queue_tail         = $5F4E ; G 
__code_adt_p_stack_head         = $5F4E ; G 
__code_adt_p_stack_tail         = $5F4E ; G 
__code_adt_w_array_head         = $5F4E ; G 
__code_adt_w_array_tail         = $5F4E ; G 
__code_adt_w_vector_head        = $5F4E ; G 
__code_adt_w_vector_tail        = $5F4E ; G 
__code_adt_wa_priority_queue_head = $5F4E ; G 
__code_adt_wa_priority_queue_tail = $5F4E ; G 
__code_adt_wa_stack_head        = $5F4E ; G 
__code_adt_wa_stack_tail        = $5F4E ; G 
__code_adt_wv_priority_queue_head = $5F4E ; G 
__code_adt_wv_priority_queue_tail = $5F4E ; G 
__code_adt_wv_stack_head        = $5F4E ; G 
__code_adt_wv_stack_tail        = $5F4E ; G 
__code_alloc_balloc_head        = $5F4E ; G 
__code_alloc_balloc_tail        = $5F4E ; G 
__code_alloc_malloc_head        = $5F4E ; G 
__code_alloc_malloc_tail        = $5F4E ; G 
__code_alloc_obstack_head       = $5F4E ; G 
__code_alloc_obstack_tail       = $5F4E ; G 
__code_arch_head                = $5F4E ; G 
__code_clib_head                = $5F4E ; G 
__code_clib_tail                = $5F4E ; G 
__code_driver_head              = $5F4E ; G 
__code_driver_tail              = $5F4E ; G 
__code_font_head                = $5F4E ; G 
__code_font_tail                = $5F4E ; G 
asm_zx_cyx2saddr                = $5F4E ; G asm_zx_cyx2saddr
asm_zx_saddr2aaddr              = $5F5D ; G asm_zx_saddr2aaddr
_zx_border_fastcall             = $5F67 ; G zx_border_fastcall
asm_zx_border                   = $5F67 ; G asm_zx_border
_zx_cls_fastcall                = $5F77 ; G zx_cls_fastcall
asm_zx_cls                      = $5F77 ; G asm_zx_cls
__code_arch_tail                = $5F8B ; G 
__code_bifrost2_head            = $5F8B ; G 
__code_bifrost2_tail            = $5F8B ; G 
__code_bifrost_h_head           = $5F8B ; G 
__code_bifrost_h_tail           = $5F8B ; G 
__code_bifrost_l_head           = $5F8B ; G 
__code_bifrost_l_tail           = $5F8B ; G 
__code_compress_aplib_head      = $5F8B ; G 
__code_compress_aplib_tail      = $5F8B ; G 
__code_ctype_head               = $5F8B ; G 
__code_ctype_tail               = $5F8B ; G 
__code_driver_character_input_head = $5F8B ; G 
__code_driver_character_input_tail = $5F8B ; G 
__code_driver_character_output_head = $5F8B ; G 
__code_driver_character_output_tail = $5F8B ; G 
__code_driver_general_head      = $5F8B ; G 
__code_driver_general_tail      = $5F8B ; G 
__code_driver_memstream_head    = $5F8B ; G 
__code_driver_memstream_tail    = $5F8B ; G 
__code_driver_terminal_input_head = $5F8B ; G 
__code_driver_terminal_input_tail = $5F8B ; G 
__code_driver_terminal_output_head = $5F8B ; G 
__code_driver_terminal_output_tail = $5F8B ; G 
__code_driver_tty_head          = $5F8B ; G 
__code_driver_tty_tail          = $5F8B ; G 
__code_error_head               = $5F8B ; G 
__ch_system                     = $5F8F ; G zcc68BC18
error_zc                        = $5F8F ; G error_zc
error_znc                       = $5F97 ; G error_znc
error_einval_zc                 = $5FA0 ; G error_einval_zc
error_erange_zc                 = $5FA0 ; G error_erange_zc
errno_zc                        = $5FA2 ; G errno_zc
error_divide_by_zero_mc         = $5FAD ; G error_divide_by_zero_mc
error_edom_mc                   = $5FAD ; G error_edom_mc
errno_mc                        = $5FAF ; G errno_mc
error_mc                        = $5FBA ; G error_mc
__code_error_tail               = $5FBF ; G 
__code_fcntl_head               = $5FBF ; G 
__code_fcntl_tail               = $5FBF ; G 
__code_font_fzx_head            = $5FBF ; G 
__code_font_fzx_tail            = $5FBF ; G 
__code_fp_genmath_head          = $5FBF ; G 
__code_fp_genmath_tail          = $5FBF ; G 
__code_fp_math48_head           = $5FBF ; G 
__code_fp_math48_tail           = $5FBF ; G 
__code_input_head               = $5FBF ; G 
_in_test_key                    = $5FBF ; G in_test_key
_in_key_scancode_fastcall       = $5FC9 ; G in_key_scancode_fastcall
asm_in_key_scancode             = $5FC9 ; G asm_in_key_scancode
symbol_shift                    = $5FD9 ; L asm_in_key_scancode
cap_shift                       = $5FE1 ; L asm_in_key_scancode
divide_5                        = $5FE9 ; L asm_in_key_scancode
key_bit                         = $5FE9 ; L asm_in_key_scancode
row_loop                        = $5FF2 ; L asm_in_key_scancode
mask_loop                       = $5FF9 ; L asm_in_key_scancode
_in_stick_sinclair1             = $5FFF ; G in_stick_sinclair1
asm_in_stick_sinclair1          = $5FFF ; G asm_in_stick_sinclair1
table                           = $600F ; L asm_in_stick_sinclair1
_in_stick_sinclair2             = $602F ; G in_stick_sinclair2
asm_in_stick_sinclair2          = $602F ; G asm_in_stick_sinclair2
table                           = $603F ; L asm_in_stick_sinclair2
asm_in_test_key                 = $605F ; G asm_in_test_key
_in_wait_nokey                  = $6067 ; G in_wait_nokey
asm_in_wait_nokey               = $6067 ; G asm_in_wait_nokey
__code_input_tail               = $606D ; G 
__code_inttypes_head            = $606D ; G 
__code_inttypes_tail            = $606D ; G 
__code_l_head                   = $606D ; G 
__thread_block_timeout          = $606E ; G zcc68BC18
__thread_context_switch         = $606E ; G zcc68BC18
__thread_unblock                = $606E ; G zcc68BC18
l_ret                           = $606E ; G l_ret
l_small_utoa                    = $606F ; G l_small_utoa
l_utoa_lib                      = $6082 ; G l_small_utoa
no_leading_zeroes               = $6084 ; L l_small_utoa
leading_zeroes                  = $6090 ; L l_small_utoa
write                           = $6093 ; L l_small_utoa
write1s                         = $6098 ; L l_small_utoa
divide                          = $609E ; L l_small_utoa
divloop                         = $60A0 ; L l_small_utoa
___sdcc_call_hl                 = $60A7 ; G ___sdcc_call_hl
l_jphl                          = $60A7 ; G l_jphl
l_neg_de                        = $60A8 ; G l_neg_de
l_neg_hl                        = $60B0 ; G l_neg_hl
l_compare_de_hl                 = $60B8 ; G l_compare_de_hl
l_jpix                          = $60CD ; G l_jpix
____sdcc_2_copy_src_mhl_dst_deix = $60CF ; G ____sdcc_2_copy_src_mhl_dst_deix
__code_l_sccz80_head            = $60CF ; G 
__code_l_sccz80_tail            = $60CF ; G 
__code_l_sdcc_head              = $60CF ; G 
__code_l_tail                   = $60CF ; G 
____sdcc_store_debc_hlix        = $60DB ; G ____sdcc_store_debc_hlix
___sdcc_enter_ix                = $60E9 ; G ___sdcc_enter_ix
__modsint_callee                = $60F3 ; G __modsint_callee
__moduchar_callee               = $60FC ; G __moduchar_callee
__code_l_sdcc_tail              = $6107 ; G 
__code_locale_head              = $6107 ; G 
__code_locale_tail              = $6107 ; G 
__code_math_head                = $6107 ; G 
l_divs_16_16x16                 = $6108 ; G l_divs_16_16x16
l_small_divs_16_16x16           = $6108 ; G l_small_divs_16_16x16
l0_divs_16_16x16                = $610C ; G l_divs_16_16x16
l0_small_divs_16_16x16          = $610C ; G l_small_divs_16_16x16
divide_by_zero                  = $6128 ; L l_small_divs_16_16x16
l_small_divu_16_16x16           = $6134 ; G l_small_divu_16_16x16
l0_small_divu_16_16x16          = $6138 ; G l_small_divu_16_16x16
divisor_sixteen_bit             = $613C ; L l_small_divu_16_16x16
loop_16_0                       = $6142 ; L l_small_divu_16_16x16
loop_16_1                       = $614A ; L l_small_divu_16_16x16
l_divu_16_16x8                  = $6154 ; G l_divu_16_16x8
l_small_divu_16_16x8            = $6154 ; G l_small_divu_16_16x16
l0_divu_16_16x8                 = $6158 ; G l_divu_16_16x8
l0_small_divu_16_16x8           = $6158 ; G l_small_divu_16_16x16
loop_8_0                        = $615C ; L l_small_divu_16_16x16
loop_8_2                        = $6163 ; L l_small_divu_16_16x16
loop_8_1                        = $6165 ; L l_small_divu_16_16x16
divide_zero                     = $616A ; L l_small_divu_16_16x16
l_mulu_16_16x16                 = $616E ; G l_mulu_16_16x16
l_small_mul_16_16x16            = $616E ; G l_small_mul_16_16x16
eight_bit_0                     = $617C ; L l_small_mul_16_16x16
eight_bit_1                     = $617D ; L l_small_mul_16_16x16
l_small_mul_16_16x8             = $617D ; G l_small_mul_16_16x16
rejoin                          = $6180 ; L l_small_mul_16_16x16
loop_0                          = $6183 ; L l_small_mul_16_16x16
loop_1                          = $618A ; L l_small_mul_16_16x16
_NIRVANAP_drawT_callee          = $618E ; G NIRVANAP_drawT_callee
__code_math_tail                = $618E ; G 
__code_network_head             = $618E ; G 
__code_network_tail             = $618E ; G 
__code_nirvanam_head            = $618E ; G 
__code_nirvanam_tail            = $618E ; G 
__code_nirvanap_head            = $618E ; G 
asm_NIRVANAP_drawT              = $6197 ; G asm_NIRVANAP_drawT
_NIRVANAP_drawT_raw_callee      = $619D ; G NIRVANAP_drawT_raw_callee
_NIRVANAP_fillC_callee          = $61A6 ; G NIRVANAP_fillC_callee
_NIRVANAP_fillT_callee          = $61AF ; G NIRVANAP_fillT_callee
asm_NIRVANAP_fillT              = $61B8 ; G asm_NIRVANAP_fillT
_NIRVANAP_paintC_callee         = $61BE ; G NIRVANAP_paintC_callee
_NIRVANAP_spriteT_callee        = $61C6 ; G NIRVANAP_spriteT_callee
asm_NIRVANAP_spriteT            = $61D2 ; G asm_NIRVANAP_spriteT
_NIRVANAP_tiles_fastcall        = $61E0 ; G NIRVANAP_tiles_fastcall
asm_NIRVANAP_tiles              = $61E0 ; G asm_NIRVANAP_tiles
__code_nirvanap_tail            = $61E4 ; G 
__code_setjmp_head              = $61E4 ; G 
__code_setjmp_tail              = $61E4 ; G 
__code_stdio_head               = $61E4 ; G 
__code_stdio_tail               = $61E4 ; G 
__code_stdlib_head              = $61E4 ; G 
__insertion_sort__callee        = $61E4 ; G _insertion_sort__callee
_abs_fastcall                   = $61EE ; G abs_fastcall
asm_abs                         = $61EE ; G asm_abs
_rand                           = $61F4 ; G rand
asm_rand                        = $61F4 ; G asm_rand
_srand_fastcall                 = $620E ; G srand_fastcall
asm_srand                       = $620E ; G asm_srand
seed_ok                         = $6213 ; L asm_srand
asm_random_uniform_xor_32       = $621A ; G asm_random_uniform_xor_32
asm_insertion_sort              = $6242 ; G asm_insertion_sort
asm0_insertion_sort             = $6246 ; L asm_insertion_sort
array_loop                      = $624C ; L asm_insertion_sort
begin_loop                      = $6256 ; L asm_insertion_sort
insert_loop                     = $6259 ; L asm_insertion_sort
insert_exit                     = $6272 ; L asm_insertion_sort
__sort_parameters               = $6278 ; G __sort_parameters
__code_stdlib_tail              = $6292 ; G 
__code_string_head              = $6292 ; G 
asm_memset                      = $6292 ; G asm_memset
asm_memswap                     = $62A3 ; G asm_memswap
asm0_memswap                    = $62A6 ; G asm_memswap
loop                            = $62A7 ; L asm_memswap
__code_string_tail              = $62B2 ; G 
__code_temp_sp1_head            = $62B2 ; G 
__code_temp_sp1_tail            = $62B2 ; G 
__code_threads_head             = $62B2 ; G 
__code_threads_mutex_head       = $62B2 ; G 
__code_threads_mutex_tail       = $62B2 ; G 
__code_threads_tail             = $62B2 ; G 
__code_z80_head                 = $62B2 ; G 
_z80_delay_ms_fastcall          = $62B2 ; G z80_delay_ms_fastcall
asm_z80_delay_ms                = $62B2 ; G asm_z80_delay_ms
ms_loop                         = $62B4 ; L asm_z80_delay_ms
last_ms                         = $62C1 ; L asm_z80_delay_ms
asm_z80_delay_tstate            = $62C7 ; G asm_z80_delay_tstate
loop                            = $62CE ; L asm_z80_delay_tstate
g0                              = $62DC ; L asm_z80_delay_tstate
g1                              = $62DD ; L asm_z80_delay_tstate
b0                              = $62E1 ; L asm_z80_delay_tstate
b1                              = $62E6 ; L asm_z80_delay_tstate
__code_compiler_head            = $62E9 ; G 
__code_lib_head                 = $62E9 ; G 
__code_lib_tail                 = $62E9 ; G 
__code_z80_tail                 = $62E9 ; G 
_main                           = $62E9 ; G zccFB552
l_main_00107                    = $630E ; L zccFB552
l_main_00108                    = $6310 ; L zccFB552
l_main_00103                    = $6367 ; L zccFB552
l_main_00101                    = $6371 ; L zccFB552
_enemy_coin1                    = $6395 ; G zcc687D2
l_enemy_coin1_00101             = $63C1 ; L zcc687D2
l_enemy_coin1_00107             = $63CA ; L zcc687D2
_enemy_coin2                    = $63CB ; G zcc687D2
_enemy_collition                = $63E9 ; G zcc687D2
l_enemy_collition_00113         = $63F2 ; L zcc687D2
l_enemy_collition_00104         = $64A1 ; L zcc687D2
l_enemy_collition_00109         = $64F8 ; L zcc687D2
l_enemy_collition_00114         = $650E ; L zcc687D2
_enemy_collition_check          = $651D ; G zcc687D2
l_enemy_collition_check_00102   = $652F ; L zcc687D2
l_enemy_collition_check_00104   = $6539 ; L zcc687D2
l_enemy_collition_check_00106   = $6546 ; L zcc687D2
l_enemy_collition_check_00108   = $655B ; L zcc687D2
l_enemy_collition_check_00110   = $6564 ; L zcc687D2
l_enemy_collition_check_00112   = $6579 ; L zcc687D2
l_enemy_collition_check_00114   = $658E ; L zcc687D2
l_enemy_collition_check_00116   = $6596 ; L zcc687D2
l_enemy_collition_check_00118   = $65C0 ; L zcc687D2
l_enemy_collition_check_00120   = $65F2 ; L zcc687D2
l_enemy_collition_check_00123   = $6602 ; L zcc687D2
l_enemy_collition_check_00125   = $6604 ; L zcc687D2
_enemy_hit                      = $6605 ; G zcc687D2
l_enemy_hit_00123               = $669B ; L zcc687D2
l_enemy_hit_00101               = $66BC ; L zcc687D2
l_enemy_hit_00102               = $66C6 ; L zcc687D2
l_enemy_hit_00103               = $66D0 ; L zcc687D2
l_enemy_hit_00104               = $66DA ; L zcc687D2
l_enemy_hit_00105               = $66E4 ; L zcc687D2
l_enemy_hit_00106               = $66EE ; L zcc687D2
l_enemy_hit_00107               = $66F8 ; L zcc687D2
l_enemy_hit_00108               = $6702 ; L zcc687D2
l_enemy_hit_00109               = $670E ; L zcc687D2
l_enemy_hit_00110               = $6720 ; L zcc687D2
l_enemy_hit_00111               = $672C ; L zcc687D2
l_enemy_hit_00113               = $6736 ; L zcc687D2
_enemy_flip_change_dir          = $6737 ; G zcc687D2
l_enemy_flip_change_dir_00102   = $6769 ; L zcc687D2
l_enemy_flip_change_dir_00103   = $6785 ; L zcc687D2
l_enemy_flip_change_dir_00105   = $67BB ; L zcc687D2
l_enemy_flip_change_dir_00107   = $67F0 ; L zcc687D2
l_enemy_flip_change_dir_00111   = $6828 ; L zcc687D2
_enemy_flip                     = $682C ; G zcc687D2
l_enemy_flip_00105              = $68C4 ; L zcc687D2
l_enemy_flip_00102              = $68E9 ; L zcc687D2
l_enemy_flip_00103              = $68F9 ; L zcc687D2
l_enemy_flip_00107              = $6910 ; L zcc687D2
_enemy_flip_sidestepper         = $6914 ; G zcc687D2
l_enemy_flip_sidestepper_00102  = $6931 ; L zcc687D2
l_enemy_flip_sidestepper_00104  = $6987 ; L zcc687D2
_enemy_turn                     = $698A ; G zcc687D2
l_enemy_turn_00123              = $698F ; L zcc687D2
l_enemy_turn_00102              = $6A20 ; L zcc687D2
l_enemy_turn_00105              = $6A5B ; L zcc687D2
l_enemy_turn_00107              = $6A60 ; L zcc687D2
l_enemy_turn_00176              = $6A81 ; L zcc687D2
l_enemy_turn_00110              = $6A8D ; L zcc687D2
l_enemy_turn_00111              = $6A92 ; L zcc687D2
l_enemy_turn_00112              = $6A97 ; L zcc687D2
l_enemy_turn_00113              = $6A9C ; L zcc687D2
l_enemy_turn_00114              = $6AA1 ; L zcc687D2
l_enemy_turn_00115              = $6AA6 ; L zcc687D2
l_enemy_turn_00116              = $6AAB ; L zcc687D2
l_enemy_turn_00117              = $6AAE ; L zcc687D2
l_enemy_turn_00121              = $6AC0 ; L zcc687D2
_enemy_standard                 = $6ACC ; G zcc687D2
l_enemy_standard_00101          = $6AF8 ; L zcc687D2
l_enemy_standard_00110          = $6AFF ; L zcc687D2
l_enemy_standard_00111          = $6B44 ; L zcc687D2
_enemy_slipice                  = $6B47 ; G zcc687D2
l_enemy_slipice_00102           = $6BA4 ; L zcc687D2
l_enemy_slipice_00122           = $6C02 ; L zcc687D2
l_enemy_slipice_00116           = $6C25 ; L zcc687D2
l_enemy_slipice_00106           = $6CAC ; L zcc687D2
l_enemy_slipice_00110           = $6CB1 ; L zcc687D2
l_enemy_slipice_00111           = $6CB4 ; L zcc687D2
l_enemy_slipice_00117           = $6CD7 ; L zcc687D2
l_enemy_slipice_00126           = $6CE0 ; L zcc687D2
_enemy_fireball_red             = $6CE1 ; G zcc687D2
l_enemy_fireball_red_00114      = $6D29 ; L zcc687D2
l_enemy_fireball_red_00104      = $6D39 ; L zcc687D2
l_enemy_fireball_red_00105      = $6D4D ; L zcc687D2
l_enemy_fireball_red_00107      = $6D6A ; L zcc687D2
l_enemy_fireball_red_00108      = $6D7B ; L zcc687D2
l_enemy_fireball_red_00109      = $6DAE ; L zcc687D2
l_enemy_fireball_red_00118      = $6DB5 ; L zcc687D2
_enemy_fireball_green           = $6DB6 ; G zcc687D2
l_enemy_fireball_green_00102    = $6E06 ; L zcc687D2
l_enemy_fireball_green_00104    = $6E14 ; L zcc687D2
l_enemy_fireball_green_00105    = $6E1A ; L zcc687D2
l_enemy_fireball_green_00110    = $6E30 ; L zcc687D2
l_enemy_fireball_green_00106    = $6E3B ; L zcc687D2
l_enemy_fireball_green_00113    = $6E5F ; L zcc687D2
_enemy_fighterfly               = $6E60 ; G zcc687D2
l_enemy_fighterfly_00102        = $6E7B ; L zcc687D2
l_enemy_fighterfly_00106        = $6EBE ; L zcc687D2
l_enemy_fighterfly_00109        = $6EED ; L zcc687D2
l_enemy_fighterfly_00115        = $6EF5 ; L zcc687D2
l_enemy_fighterfly_00111        = $6F10 ; L zcc687D2
l_enemy_fighterfly_00116        = $6F1E ; L zcc687D2
_enemy_trip                     = $6F21 ; G zcc687D2
l_enemy_trip_00104              = $6F88 ; L zcc687D2
l_enemy_trip_00108              = $6FE3 ; L zcc687D2
l_enemy_trip_00114              = $702B ; L zcc687D2
_enemy_standard_hit             = $702C ; G zcc687D2
l_enemy_standard_hit_00102      = $705E ; L zcc687D2
_enemy_evolve                   = $7099 ; G zcc687D2
l_enemy_evolve_00104            = $70B6 ; L zcc687D2
l_enemy_evolve_00105            = $70C8 ; L zcc687D2
l_enemy_evolve_00109            = $70E6 ; L zcc687D2
l_enemy_evolve_00111            = $70F7 ; L zcc687D2
_enemy_upgrade                  = $70F8 ; G zcc687D2
_enemy_walk                     = $712A ; G zcc687D2
l_enemy_walk_00102              = $715C ; L zcc687D2
l_enemy_walk_00106              = $717A ; L zcc687D2
l_enemy_walk_00107              = $71A0 ; L zcc687D2
l_enemy_walk_00110              = $71B2 ; L zcc687D2
l_enemy_walk_00112              = $71CB ; L zcc687D2
l_enemy_walk_00114              = $71E3 ; L zcc687D2
l_enemy_walk_00115              = $71F2 ; L zcc687D2
l_enemy_walk_00212              = $7237 ; L zcc687D2
l_enemy_walk_00133              = $7240 ; L zcc687D2
l_enemy_walk_00121              = $7265 ; L zcc687D2
l_enemy_walk_00123              = $72AA ; L zcc687D2
l_enemy_walk_00125              = $72AD ; L zcc687D2
l_enemy_walk_00128              = $72E4 ; L zcc687D2
l_enemy_walk_00135              = $7308 ; L zcc687D2
_enemy_init                     = $7309 ; G zcc687D2
l_enemy_init_00102              = $7377 ; L zcc687D2
l_enemy_init_00103              = $737B ; L zcc687D2
_enemy_kill                     = $73D0 ; G zcc687D2
l_enemy_kill_00102              = $73F7 ; L zcc687D2
l_enemy_kill_00103              = $73FC ; L zcc687D2
l_enemy_kill_00136              = $741A ; L zcc687D2
l_enemy_kill_00137              = $741E ; L zcc687D2
l_enemy_kill_00105              = $746F ; L zcc687D2
l_enemy_kill_00107              = $7473 ; L zcc687D2
l_enemy_kill_00111              = $7481 ; L zcc687D2
l_enemy_kill_00113              = $7490 ; L zcc687D2
_game_calc_index                = $7493 ; G zcc49852
_game_print_footer              = $74AF ; G zcc49852
l_game_print_footer_00102       = $7501 ; L zcc49852
l_game_print_footer_00104       = $7527 ; L zcc49852
___str_0                        = $7544 ; L zcc49852
___str_1                        = $7546 ; L zcc49852
___str_2                        = $754C ; L zcc49852
___str_3                        = $754E ; L zcc49852
___str_4                        = $7550 ; L zcc49852
___str_5                        = $7552 ; L zcc49852
___str_6                        = $7554 ; L zcc49852
_game_phase_print_score_back    = $755A ; G zcc49852
___str_7                        = $7590 ; L zcc49852
___str_8                        = $7594 ; L zcc49852
___str_9                        = $7597 ; L zcc49852
_game_print_lives               = $759A ; G zcc49852
l_game_print_lives_00102        = $75B6 ; L zcc49852
_game_tick                      = $75CD ; G zcc49852
_game_start_timer               = $75D9 ; G zcc49852
_game_phase_calc                = $75E5 ; G zcc49852
l_game_phase_calc_00102         = $762C ; L zcc49852
_game_phase_init                = $7648 ; G zcc49852
l_game_phase_init_00104         = $771B ; L zcc49852
l_game_phase_init_00105         = $7730 ; L zcc49852
l_game_phase_init_00107         = $773F ; L zcc49852
l_game_phase_init_00109         = $775D ; L zcc49852
l_game_phase_init_00111         = $7770 ; L zcc49852
_game_print_header              = $7779 ; G zcc49852
_game_phase_print               = $7784 ; G zcc49852
l_game_phase_print_00102        = $77B3 ; L zcc49852
l_game_phase_print_00108        = $77C2 ; L zcc49852
l_game_phase_print_00105        = $77D8 ; L zcc49852
l_game_phase_print_00109        = $77E5 ; L zcc49852
___str_10                       = $77FB ; L zcc49852
___str_11                       = $7801 ; L zcc49852
___str_12                       = $7807 ; L zcc49852
___str_13                       = $780C ; L zcc49852
_game_loop                      = $7813 ; G zcc49852
l_game_loop_00102               = $7861 ; L zcc49852
l_game_loop_00103               = $7863 ; L zcc49852
l_game_loop_00105               = $7892 ; L zcc49852
l_game_loop_00106               = $789E ; L zcc49852
l_game_loop_00134               = $78BE ; L zcc49852
l_game_loop_00111               = $78F0 ; L zcc49852
l_game_loop_00113               = $7914 ; L zcc49852
l_game_loop_00137               = $7925 ; L zcc49852
l_game_loop_00138               = $7968 ; L zcc49852
l_game_loop_00120               = $7972 ; L zcc49852
l_game_loop_00123               = $7990 ; L zcc49852
l_game_loop_00125               = $799C ; L zcc49852
l_game_loop_00127               = $79AF ; L zcc49852
l_game_loop_00133               = $79B2 ; L zcc49852
l_game_loop_00136               = $79BE ; L zcc49852
___str_14                       = $79F7 ; L zcc49852
___str_15                       = $7A0A ; L zcc49852
___str_16                       = $7A1D ; L zcc49852
___str_17                       = $7A30 ; L zcc49852
_game_score_osd                 = $7A3A ; G zcc49852
l_game_score_osd_00105          = $7A9D ; L zcc49852
l_game_score_osd_00102          = $7AB0 ; L zcc49852
l_game_score_osd_00117          = $7ABC ; L zcc49852
l_game_score_osd_00110          = $7B39 ; L zcc49852
l_game_score_osd_00119          = $7B7E ; L zcc49852
_game_bonus_clock               = $7B7F ; G zcc49852
l_game_bonus_clock_00106        = $7BAE ; L zcc49852
l_game_bonus_clock_00108        = $7BE4 ; L zcc49852
_game_bonus_summary             = $7BE5 ; G zcc49852
l_game_bonus_summary_00102      = $7C04 ; L zcc49852
l_game_bonus_summary_00104      = $7C12 ; L zcc49852
l_game_bonus_summary_00106      = $7C5C ; L zcc49852
l_game_bonus_summary_00107      = $7C81 ; L zcc49852
l_game_bonus_summary_00109      = $7C95 ; L zcc49852
l_game_bonus_summary_00112      = $7CA6 ; L zcc49852
___str_18                       = $7CA7 ; L zcc49852
___str_19                       = $7CBA ; L zcc49852
___str_20                       = $7CCD ; L zcc49852
_game_bonus_summary_player      = $7CD6 ; G zcc49852
l_game_bonus_summary_player_00102 = $7D11 ; L zcc49852
l_game_bonus_summary_player_00103 = $7D3F ; L zcc49852
l_game_bonus_summary_player_00107 = $7D68 ; L zcc49852
l_game_bonus_summary_player_00105 = $7D89 ; L zcc49852
l_game_bonus_summary_player_00106 = $7D8F ; L zcc49852
l_game_bonus_summary_player_00109 = $7DC6 ; L zcc49852
___str_21                       = $7DD7 ; L zcc49852
___str_22                       = $7DDE ; L zcc49852
___str_23                       = $7DE4 ; L zcc49852
_game_kill_all_sprites          = $7DEA ; G zcc49852
l_game_kill_all_sprites_00102   = $7DEF ; L zcc49852
_game_check_maze                = $7E03 ; G zcc49852
l_game_check_maze_00103         = $7E27 ; L zcc49852
l_game_check_maze_00104         = $7E2B ; L zcc49852
l_game_check_maze_00105         = $7E2D ; L zcc49852
_game_enemy_add                 = $7E30 ; G zcc49852
l_game_enemy_add_00106          = $7E3C ; L zcc49852
l_game_enemy_add_00107          = $7E5D ; L zcc49852
_game_enemy_quota               = $7E60 ; G zcc49852
l_game_enemy_quota_00101        = $7E75 ; L zcc49852
l_game_enemy_quota_00102        = $7E7A ; L zcc49852
l_game_enemy_quota_00105        = $7EA4 ; L zcc49852
l_game_enemy_quota_00107        = $7EBE ; L zcc49852
l_game_enemy_quota_00111        = $7ED5 ; L zcc49852
l_game_enemy_quota_00114        = $7EE8 ; L zcc49852
l_game_enemy_quota_00184        = $7F02 ; L zcc49852
l_game_enemy_quota_00185        = $7F0D ; L zcc49852
l_game_enemy_quota_00115        = $7F15 ; L zcc49852
l_game_enemy_quota_00118        = $7F27 ; L zcc49852
l_game_enemy_quota_00121        = $7F42 ; L zcc49852
l_game_enemy_quota_00124        = $7F5D ; L zcc49852
l_game_enemy_quota_00127        = $7F76 ; L zcc49852
l_game_enemy_quota_00128        = $7F78 ; L zcc49852
_game_enemy_rnd                 = $7F79 ; G zcc49852
l_game_enemy_rnd_00102          = $7FAB ; L zcc49852
_game_enemy_add1                = $7FAE ; G zcc49852
l_game_enemy_add1_00197         = $7FCA ; L zcc49852
l_game_enemy_add1_00198         = $7FCB ; L zcc49852
l_game_enemy_add1_00107         = $7FDD ; L zcc49852
l_game_enemy_add1_00201         = $7FE8 ; L zcc49852
l_game_enemy_add1_00202         = $7FE9 ; L zcc49852
l_game_enemy_add1_00109         = $7FFB ; L zcc49852
TAR__crt_org_code               = $8000 ; L zcc68BC18
l_game_enemy_add1_00101         = $8010 ; L zcc49852
l_game_enemy_add1_00102         = $8015 ; L zcc49852
l_game_enemy_add1_00111         = $804D ; L zcc49852
l_game_enemy_add1_00115         = $8054 ; L zcc49852
l_game_enemy_add1_00113         = $8069 ; L zcc49852
l_game_enemy_add1_00116         = $806E ; L zcc49852
l_game_enemy_add1_00210         = $8079 ; L zcc49852
l_game_enemy_add1_00211         = $807A ; L zcc49852
l_game_enemy_add1_00118         = $8082 ; L zcc49852
l_game_enemy_add1_00125         = $808E ; L zcc49852
l_game_enemy_add1_00120         = $80A6 ; L zcc49852
l_game_enemy_add1_00122         = $80B1 ; L zcc49852
l_game_enemy_add1_00124         = $80BD ; L zcc49852
l_game_enemy_add1_00126         = $80C3 ; L zcc49852
l_game_enemy_add1_00129         = $80D7 ; L zcc49852
l_game_enemy_add1_00132         = $80DD ; L zcc49852
l_game_enemy_add1_00133         = $8105 ; L zcc49852
_game_enemy_add_get_index       = $8108 ; G zcc49852
l_game_enemy_add_get_index_00104 = $8110 ; L zcc49852
l_game_enemy_add_get_index_00105 = $8127 ; L zcc49852
l_game_enemy_add_get_index_00106 = $8132 ; L zcc49852
_game_freeze                    = $8135 ; G zcc49852
l_game_freeze_00102             = $818A ; L zcc49852
l_game_freeze_00107             = $819E ; L zcc49852
_game_unfreeze_all              = $81A1 ; G zcc49852
l_game_unfreeze_all_00104       = $81A7 ; L zcc49852
l_game_unfreeze_all_00105       = $81B5 ; L zcc49852
l_game_unfreeze_all_00118       = $81BD ; L zcc49852
_game_freeze_all                = $81CA ; G zcc49852
l_game_freeze_all_00104         = $81D0 ; L zcc49852
l_game_freeze_all_00105         = $81DE ; L zcc49852
l_game_freeze_all_00118         = $81E6 ; L zcc49852
_game_print_score               = $81F3 ; G zcc49852
_game_paint_attrib              = $8224 ; G zcc49852
l_game_paint_attrib_00103       = $822D ; L zcc49852
l_game_paint_attrib_00105       = $824E ; L zcc49852
_game_paint_attrib_lin          = $8251 ; G zcc49852
l_game_paint_attrib_lin_00103   = $825A ; L zcc49852
l_game_paint_attrib_lin_00105   = $8275 ; L zcc49852
_game_paint_attrib_lin_h        = $8278 ; G zcc49852
l_game_paint_attrib_lin_h_00103 = $8281 ; L zcc49852
l_game_paint_attrib_lin_h_00105 = $829C ; L zcc49852
_game_menu_config               = $829F ; G zcc49852
l_game_menu_config_00114        = $82C6 ; L zcc49852
l_game_menu_config_00101        = $82CD ; L zcc49852
l_game_menu_config_00119        = $82E7 ; L zcc49852
l_game_menu_config_00120        = $82EA ; L zcc49852
l_game_menu_config_00121        = $8319 ; L zcc49852
l_game_menu_config_00122        = $8321 ; L zcc49852
l_game_menu_config_00162        = $8340 ; L zcc49852
l_game_menu_config_00104        = $8346 ; L zcc49852
l_game_menu_config_00105        = $8353 ; L zcc49852
l_game_menu_config_00106        = $8360 ; L zcc49852
l_game_menu_config_00107        = $836B ; L zcc49852
l_game_menu_config_00163        = $8391 ; L zcc49852
l_game_menu_config_00108        = $8397 ; L zcc49852
l_game_menu_config_00123        = $83AA ; L zcc49852
l_game_menu_config_00124        = $83AC ; L zcc49852
l_game_menu_config_00109        = $83B4 ; L zcc49852
l_game_menu_config_00112        = $83CC ; L zcc49852
l_game_menu_config_00117        = $83DB ; L zcc49852
___str_24                       = $83E0 ; L zcc49852
___str_25                       = $83EB ; L zcc49852
___str_26                       = $83F6 ; L zcc49852
___str_27                       = $8401 ; L zcc49852
___str_28                       = $840C ; L zcc49852
___str_29                       = $8410 ; L zcc49852
___str_30                       = $8414 ; L zcc49852
___str_31                       = $8418 ; L zcc49852
___str_32                       = $841C ; L zcc49852
_game_menu                      = $8420 ; G zcc49852
l_game_menu_00101               = $8429 ; L zcc49852
l_game_menu_00125               = $845D ; L zcc49852
l_game_menu_00104               = $8463 ; L zcc49852
l_game_menu_00105               = $846D ; L zcc49852
l_game_menu_00106               = $8477 ; L zcc49852
_game_menu_paint                = $847C ; G zcc49852
l_game_menu_paint_00102         = $84B9 ; L zcc49852
___str_33                       = $855F ; L zcc49852
___str_34                       = $856D ; L zcc49852
___str_35                       = $857B ; L zcc49852
___str_36                       = $8589 ; L zcc49852
___str_37                       = $859C ; L zcc49852
_game_menu_e                    = $85AE ; G zcc49852
l_game_menu_e_00114             = $85C2 ; L zcc49852
l_game_menu_e_00102             = $85E4 ; L zcc49852
l_game_menu_e_00104             = $8600 ; L zcc49852
l_game_menu_e_00108             = $861A ; L zcc49852
l_game_menu_e_00109             = $8621 ; L zcc49852
l_game_menu_e_00111             = $8631 ; L zcc49852
l_game_menu_e_00112             = $8639 ; L zcc49852
_game_menu_handle               = $8661 ; G zcc49852
l_game_menu_handle_00148        = $8677 ; L zcc49852
l_game_menu_handle_00149        = $867B ; L zcc49852
l_game_menu_handle_00111        = $868A ; L zcc49852
l_game_menu_handle_00104        = $86E7 ; L zcc49852
l_game_menu_handle_00106        = $8707 ; L zcc49852
l_game_menu_handle_00113        = $873C ; L zcc49852
_game_end                       = $8749 ; G zcc49852
l_game_end_00129                = $875F ; L zcc49852
l_game_end_00131                = $8778 ; L zcc49852
l_game_end_00133                = $8791 ; L zcc49852
l_game_end_00105                = $87EE ; L zcc49852
l_game_end_00109                = $87FA ; L zcc49852
l_game_end_00110                = $87FE ; L zcc49852
l_game_end_00221                = $8808 ; L zcc49852
l_game_end_00222                = $8809 ; L zcc49852
l_game_end_00112                = $882B ; L zcc49852
l_game_end_00223                = $8835 ; L zcc49852
l_game_end_00224                = $8836 ; L zcc49852
l_game_end_00115                = $885B ; L zcc49852
l_game_end_00118                = $8888 ; L zcc49852
l_game_end_00121                = $88D2 ; L zcc49852
l_game_end_00124                = $890A ; L zcc49852
l_game_end_00127                = $8963 ; L zcc49852
___str_38                       = $89B5 ; L zcc49852
___str_39                       = $89BF ; L zcc49852
___str_40                       = $89C8 ; L zcc49852
___str_41                       = $89DC ; L zcc49852
___str_42                       = $89F0 ; L zcc49852
___str_43                       = $8A06 ; L zcc49852
___str_44                       = $8A1D ; L zcc49852
_game_hall_check                = $8A34 ; G zcc49852
l_game_hall_check_00104         = $8A55 ; L zcc49852
l_game_hall_check_00105         = $8A66 ; L zcc49852
l_game_hall_check_00106         = $8A69 ; L zcc49852
_compare_scores                 = $8A6C ; G zcc49852
_game_hall_enter                = $8A92 ; G zcc49852
l_game_hall_enter_00102         = $8AC4 ; L zcc49852
l_game_hall_enter_00103         = $8AD7 ; L zcc49852
l_game_hall_enter_00125         = $8AE0 ; L zcc49852
l_game_hall_enter_00105         = $8B05 ; L zcc49852
l_game_hall_enter_00107         = $8B19 ; L zcc49852
l_game_hall_enter_00122         = $8B44 ; L zcc49852
l_game_hall_enter_00109         = $8B7B ; L zcc49852
l_game_hall_enter_00111         = $8B8C ; L zcc49852
l_game_hall_enter_00113         = $8B95 ; L zcc49852
l_game_hall_enter_00190         = $8BC7 ; L zcc49852
l_game_hall_enter_00115         = $8BCC ; L zcc49852
l_game_hall_enter_00191         = $8C04 ; L zcc49852
l_game_hall_enter_00119         = $8C09 ; L zcc49852
l_game_hall_enter_00124         = $8C12 ; L zcc49852
l_game_hall_enter_00126         = $8C2A ; L zcc49852
___str_45                       = $8C38 ; L zcc49852
___str_46                       = $8C45 ; L zcc49852
___str_47                       = $8C58 ; L zcc49852
_game_menu_back                 = $8C6C ; G zcc49852
_game_hall_enter_phs            = $8C86 ; G zcc49852
l_game_hall_enter_phs_00102     = $8CC9 ; L zcc49852
l_game_hall_enter_phs_00104     = $8D01 ; L zcc49852
___str_48                       = $8D04 ; L zcc49852
___str_49                       = $8D09 ; L zcc49852
_game_hall_print_p              = $8D10 ; G zcc49852
l_game_hall_print_p_00102       = $8D5B ; L zcc49852
l_game_hall_print_p_00108       = $8D73 ; L zcc49852
l_game_hall_print_p_00105       = $8DB5 ; L zcc49852
l_game_hall_print_p_00110       = $8DCB ; L zcc49852
_game_hall_edit_p               = $8DCE ; G zcc49852
l_game_hall_edit_p_00102        = $8DFB ; L zcc49852
l_game_hall_edit_p_00103        = $8E13 ; L zcc49852
l_game_hall_edit_p_00107        = $8E49 ; L zcc49852
l_game_hall_edit_p_00120        = $8E55 ; L zcc49852
l_game_hall_edit_p_00168        = $8E6C ; L zcc49852
l_game_hall_edit_p_00167        = $8E76 ; L zcc49852
l_game_hall_edit_p_00115        = $8E87 ; L zcc49852
l_game_hall_edit_p_00116        = $8E8F ; L zcc49852
l_game_hall_edit_p_00121        = $8E91 ; L zcc49852
l_game_hall_edit_p_00122        = $8E96 ; L zcc49852
_game_hall_of_fame              = $8E99 ; G zcc49852
l_game_hall_of_fame_00102       = $8ECB ; L zcc49852
___str_50                       = $8F6C ; L zcc49852
___str_51                       = $8F6E ; L zcc49852
___str_52                       = $8F70 ; L zcc49852
_game_rotate_attrib             = $8F7D ; G zcc49852
_game_colour_message            = $8F99 ; G zcc49852
l_game_colour_message_00107     = $8FBB ; L zcc49852
l_game_colour_message_00103     = $9000 ; L zcc49852
l_game_colour_message_00110     = $9027 ; L zcc49852
_game_check_time                = $902B ; G zcc49852
l_game_check_time_00102         = $9049 ; L zcc49852
l_game_check_time_00104         = $904B ; L zcc49852
_player_init                    = $904E ; G zcc3FB92
l_player_init_00102             = $90FE ; L zcc3FB92
l_player_init_00103             = $9107 ; L zcc3FB92
_player_calc_slide              = $9141 ; G zcc3FB92
l_player_calc_slide_00102       = $9170 ; L zcc3FB92
l_player_calc_slide_00104       = $917E ; L zcc3FB92
_player_check_input             = $9181 ; G zcc3FB92
l_player_check_input_00104      = $919C ; L zcc3FB92
l_player_check_input_00105      = $919E ; L zcc3FB92
_player_collition               = $919F ; G zcc3FB92
l_player_collition_00102        = $91B2 ; L zcc3FB92
l_player_collition_00104        = $91C6 ; L zcc3FB92
l_player_collition_00106        = $91CE ; L zcc3FB92
l_player_collition_00117        = $91D8 ; L zcc3FB92
l_player_collition_00112        = $91FA ; L zcc3FB92
l_player_collition_00107        = $920E ; L zcc3FB92
l_player_collition_00108        = $921A ; L zcc3FB92
l_player_collition_00118        = $9223 ; L zcc3FB92
l_player_collition_00119        = $9232 ; L zcc3FB92
_player_collition_check         = $9233 ; G zcc3FB92
l_player_collition_check_00102  = $924A ; L zcc3FB92
l_player_collition_check_00104  = $925F ; L zcc3FB92
l_player_collition_check_00109  = $929E ; L zcc3FB92
l_player_collition_check_00110  = $92AF ; L zcc3FB92
l_player_collition_check_00111  = $92C0 ; L zcc3FB92
l_player_collition_check_00114  = $9316 ; L zcc3FB92
l_player_collition_check_00116  = $9339 ; L zcc3FB92
l_player_collition_check_00118  = $934E ; L zcc3FB92
l_player_collition_check_00120  = $936F ; L zcc3FB92
l_player_collition_check_00122  = $9382 ; L zcc3FB92
l_player_collition_check_00124  = $93AA ; L zcc3FB92
l_player_collition_check_00125  = $93AC ; L zcc3FB92
_player_kill                    = $93B0 ; G zcc3FB92
l_player_kill_00102             = $93FC ; L zcc3FB92
l_player_kill_00103             = $940D ; L zcc3FB92
l_player_kill_00105             = $9475 ; L zcc3FB92
l_player_kill_00109             = $9491 ; L zcc3FB92
_player_restart                 = $9492 ; G zcc3FB92
l_player_restart_00102          = $94BB ; L zcc3FB92
l_player_restart_00103          = $94D2 ; L zcc3FB92
_player_lost_life               = $9512 ; G zcc3FB92
l_player_lost_life_00102        = $9540 ; L zcc3FB92
l_player_lost_life_00105        = $9544 ; L zcc3FB92
l_player_lost_life_00106        = $954C ; L zcc3FB92
_player_turn                    = $954D ; G zcc3FB92
l_player_turn_00102             = $959B ; L zcc3FB92
l_player_turn_00103             = $95AA ; L zcc3FB92
l_player_turn_00110             = $95B0 ; L zcc3FB92
_player_move                    = $95B1 ; G zcc3FB92
l_player_move_00102             = $9638 ; L zcc3FB92
l_player_move_00104             = $963D ; L zcc3FB92
l_player_move_00108             = $9660 ; L zcc3FB92
l_player_move_00109             = $96AC ; L zcc3FB92
l_player_move_00111             = $96DE ; L zcc3FB92
l_player_move_00113             = $96EF ; L zcc3FB92
l_player_move_00115             = $9775 ; L zcc3FB92
l_player_move_00117             = $977A ; L zcc3FB92
l_player_move_00119             = $97A1 ; L zcc3FB92
l_player_move_00122             = $97A6 ; L zcc3FB92
l_player_move_00126             = $9823 ; L zcc3FB92
l_player_move_00130             = $9861 ; L zcc3FB92
l_player_move_00133             = $98C2 ; L zcc3FB92
l_player_move_00135             = $98EB ; L zcc3FB92
l_player_move_00138             = $9919 ; L zcc3FB92
l_player_move_00140             = $99A0 ; L zcc3FB92
l_player_move_00167             = $99C8 ; L zcc3FB92
l_player_move_00151             = $9A69 ; L zcc3FB92
l_player_move_00152             = $9A87 ; L zcc3FB92
l_player_move_00153             = $9A94 ; L zcc3FB92
l_player_move_00164             = $9A99 ; L zcc3FB92
l_player_move_00156             = $9AC8 ; L zcc3FB92
l_player_move_00157             = $9ACB ; L zcc3FB92
l_player_move_00168             = $9B02 ; L zcc3FB92
l_player_move_00171             = $9B20 ; L zcc3FB92
l_player_move_00172             = $9B34 ; L zcc3FB92
_player_move_input              = $9B39 ; G zcc3FB92
l_player_move_input_00102       = $9B87 ; L zcc3FB92
l_player_move_input_00105       = $9BB2 ; L zcc3FB92
l_player_move_input_00107       = $9BDD ; L zcc3FB92
l_player_move_input_00109       = $9C22 ; L zcc3FB92
l_player_move_input_00111       = $9CA2 ; L zcc3FB92
l_player_move_input_00113       = $9CB5 ; L zcc3FB92
l_player_move_input_00116       = $9CE3 ; L zcc3FB92
l_player_move_input_00118       = $9CE7 ; L zcc3FB92
l_player_move_input_00120       = $9CEA ; L zcc3FB92
l_player_move_input_00123       = $9CEE ; L zcc3FB92
l_player_move_input_00124       = $9CF0 ; L zcc3FB92
_player_move_horizontal         = $9CF1 ; G zcc3FB92
l_player_move_horizontal_00102  = $9CFD ; L zcc3FB92
l_player_move_horizontal_00104  = $9D00 ; L zcc3FB92
_player_push_check              = $9D01 ; G zcc3FB92
l_player_push_check_00102       = $9D12 ; L zcc3FB92
l_player_push_check_00104       = $9D26 ; L zcc3FB92
l_player_push_check_00106       = $9D55 ; L zcc3FB92
l_player_push_check_00109       = $9D70 ; L zcc3FB92
l_player_push_check_00111       = $9D72 ; L zcc3FB92
_player_push                    = $9D73 ; G zcc3FB92
l_player_push_00102             = $9DD7 ; L zcc3FB92
l_player_push_00103             = $9DDA ; L zcc3FB92
_player_hit_slipice             = $9DF6 ; G zcc3FB92
_player_hit_brick               = $9E35 ; G zcc3FB92
l_player_hit_brick_00111        = $9E71 ; L zcc3FB92
l_player_hit_brick_00116        = $9E76 ; L zcc3FB92
l_player_hit_brick_00172        = $9ED9 ; L zcc3FB92
l_player_hit_brick_00117        = $9EE2 ; L zcc3FB92
l_player_hit_brick_00175        = $9F44 ; L zcc3FB92
l_player_hit_brick_00108        = $9FCE ; L zcc3FB92
l_player_hit_brick_00112        = $A01A ; L zcc3FB92
l_player_hit_brick_00118        = $A01C ; L zcc3FB92
_player_hit_brick_clear         = $A01D ; G zcc3FB92
_player_hit_pow                 = $A06B ; G zcc3FB92
l_player_hit_pow_00106          = $A089 ; L zcc3FB92
l_player_hit_pow_00110          = $A098 ; L zcc3FB92
l_player_hit_pow_00111          = $A0BD ; L zcc3FB92
l_player_hit_pow_00105          = $A0EC ; L zcc3FB92
l_player_hit_pow_00112          = $A0F5 ; L zcc3FB92
_player_coin                    = $A0F6 ; G zcc3FB92
l_player_coin_00102             = $A111 ; L zcc3FB92
l_player_coin_00103             = $A117 ; L zcc3FB92
l_player_coin_00107             = $A169 ; L zcc3FB92
l_player_coin_00109             = $A173 ; L zcc3FB92
_player_score_add               = $A176 ; G zcc3FB92
l_player_score_add_00102        = $A1B3 ; L zcc3FB92
l_player_score_add_00104        = $A1E1 ; L zcc3FB92
l_player_score_add_00106        = $A1F2 ; L zcc3FB92
_player_set1                    = $A1F7 ; G zcc3FB92
_player_set2                    = $A211 ; G zcc3FB92
_spr_chktime                    = $A22B ; G zcc45D72
l_spr_chktime_00102             = $A256 ; L zcc45D72
l_spr_chktime_00103             = $A259 ; L zcc45D72
l_spr_chktime_00105             = $A294 ; L zcc45D72
l_spr_chktime_00106             = $A296 ; L zcc45D72
_spr_move_up                    = $A29A ; G zcc45D72
l_spr_move_up_00109             = $A2AE ; L zcc45D72
l_spr_move_up_00102             = $A2F7 ; L zcc45D72
l_spr_move_up_00104             = $A2FB ; L zcc45D72
l_spr_move_up_00110             = $A302 ; L zcc45D72
l_spr_move_up_00113             = $A330 ; L zcc45D72
l_spr_move_up_00114             = $A332 ; L zcc45D72
_spr_move_down                  = $A333 ; G zcc45D72
l_spr_move_down_00102           = $A390 ; L zcc45D72
l_spr_move_down_00106           = $A394 ; L zcc45D72
l_spr_move_down_00108           = $A3BA ; L zcc45D72
l_spr_move_down_00109           = $A3BC ; L zcc45D72
_spr_move_horizontal            = $A3BD ; G zcc45D72
l_spr_move_horizontal_00104     = $A3D2 ; L zcc45D72
l_spr_move_horizontal_00106     = $A3D8 ; L zcc45D72
_spr_move_right                 = $A3D9 ; G zcc45D72
l_spr_move_right_00104          = $A414 ; L zcc45D72
_spr_move_left                  = $A417 ; G zcc45D72
l_spr_move_left_00104           = $A452 ; L zcc45D72
_spr_redraw                     = $A455 ; G zcc45D72
l_spr_redraw_00111              = $A48F ; L zcc45D72
l_spr_redraw_00102              = $A4A3 ; L zcc45D72
l_spr_redraw_00104              = $A4E8 ; L zcc45D72
l_spr_redraw_00106              = $A4F7 ; L zcc45D72
l_spr_redraw_00112              = $A4FC ; L zcc45D72
l_spr_redraw_00113              = $A512 ; L zcc45D72
l_spr_redraw_00115              = $A514 ; L zcc45D72
_spr_killed                     = $A515 ; G zcc45D72
l_spr_killed_00101              = $A53C ; L zcc45D72
l_spr_killed_00102              = $A54C ; L zcc45D72
l_spr_killed_00103              = $A55C ; L zcc45D72
l_spr_killed_00104              = $A56C ; L zcc45D72
l_spr_killed_00105              = $A585 ; L zcc45D72
l_spr_killed_00106              = $A59E ; L zcc45D72
l_spr_killed_00107              = $A5A7 ; L zcc45D72
_spr_anim_fall                  = $A5AC ; G zcc45D72
l_spr_anim_fall_00114           = $A600 ; L zcc45D72
l_spr_anim_fall_00102           = $A642 ; L zcc45D72
l_spr_anim_fall_00107           = $A687 ; L zcc45D72
l_spr_anim_fall_00108           = $A69B ; L zcc45D72
l_spr_anim_fall_00110           = $A6A6 ; L zcc45D72
l_spr_anim_fall_00116           = $A6B0 ; L zcc45D72
_spr_anim_kill                  = $A6B4 ; G zcc45D72
l_spr_anim_kill_00102           = $A6EF ; L zcc45D72
l_spr_anim_kill_00104           = $A6FC ; L zcc45D72
l_spr_anim_kill_00106           = $A733 ; L zcc45D72
l_spr_anim_kill_00108           = $A73C ; L zcc45D72
_spr_check_over                 = $A740 ; G zcc45D72
l_spr_check_over_00102          = $A763 ; L zcc45D72
l_spr_check_over_00112          = $A76E ; L zcc45D72
l_spr_check_over_00106          = $A781 ; L zcc45D72
l_spr_check_over_00113          = $A78C ; L zcc45D72
l_spr_check_over_00114          = $A78E ; L zcc45D72
_spr_destroy                    = $A78F ; G zcc45D72
l_spr_destroy_00103             = $A80A ; L zcc45D72
_spr_set_fall                   = $A80E ; G zcc45D72
l_spr_set_fall_00104            = $A82B ; L zcc45D72
l_spr_set_fall_00106            = $A847 ; L zcc45D72
_spr_tile                       = $A848 ; G zcc45D72
l_spr_tile_00102                = $A862 ; L zcc45D72
l_spr_tile_00103                = $A867 ; L zcc45D72
l_spr_tile_00105                = $A87C ; L zcc45D72
l_spr_tile_00139                = $A8A3 ; L zcc45D72
l_spr_tile_00106                = $A8C7 ; L zcc45D72
l_spr_tile_00107                = $A8D8 ; L zcc45D72
l_spr_tile_00108                = $A8E9 ; L zcc45D72
l_spr_tile_00109                = $A8FA ; L zcc45D72
l_spr_tile_00110                = $A900 ; L zcc45D72
l_spr_tile_00111                = $A906 ; L zcc45D72
l_spr_tile_00112                = $A90C ; L zcc45D72
l_spr_tile_00113                = $A911 ; L zcc45D72
l_spr_tile_00114                = $A916 ; L zcc45D72
l_spr_tile_00115                = $A91B ; L zcc45D72
l_spr_tile_00116                = $A920 ; L zcc45D72
l_spr_tile_00117                = $A925 ; L zcc45D72
l_spr_tile_00118                = $A92A ; L zcc45D72
l_spr_tile_00119                = $A92D ; L zcc45D72
_spr_tile_dir                   = $A930 ; G zcc45D72
l_spr_tile_dir_00102            = $A950 ; L zcc45D72
l_spr_tile_dir_00104            = $A96D ; L zcc45D72
l_spr_tile_dir_00106            = $A979 ; L zcc45D72
l_spr_tile_dir_00108            = $A98D ; L zcc45D72
l_spr_tile_dir_00110            = $A999 ; L zcc45D72
l_spr_tile_dir_00112            = $A9A0 ; L zcc45D72
l_spr_tile_dir_00113            = $A9A3 ; L zcc45D72
_spr_draw_back                  = $A9A6 ; G zcc45D72
l_spr_draw_back_00107           = $A9B5 ; L zcc45D72
l_spr_draw_back_00105           = $A9BA ; L zcc45D72
l_spr_draw_back_00106           = $A9E2 ; L zcc45D72
_spr_draw_clear                 = $AA39 ; G zcc45D72
l_spr_draw_clear_00105          = $AA45 ; L zcc45D72
l_spr_draw_clear_00103          = $AA4A ; L zcc45D72
_spr_draw_pow                   = $AA72 ; G zcc45D72
l_spr_draw_pow_00102            = $AA81 ; L zcc45D72
l_spr_draw_pow_00104            = $AA8D ; L zcc45D72
l_spr_draw_pow_00106            = $AA98 ; L zcc45D72
l_spr_draw_pow_00109            = $AAAF ; L zcc45D72
_spr_back_clr                   = $AAB0 ; G zcc45D72
_spr_back_fix                   = $AAF2 ; G zcc45D72
l_spr_back_fix_00118            = $AB1B ; L zcc45D72
l_spr_back_fix_00119            = $AB1D ; L zcc45D72
l_spr_back_fix_00121            = $AB39 ; L zcc45D72
l_spr_back_fix_00122            = $AB3B ; L zcc45D72
l_spr_back_fix_00107            = $AB4F ; L zcc45D72
l_spr_back_fix_00102            = $ABA7 ; L zcc45D72
l_spr_back_fix_00105            = $ABBF ; L zcc45D72
l_spr_back_fix_00108            = $ABCF ; L zcc45D72
l_spr_back_fix_00115            = $ABEC ; L zcc45D72
_spr_back_fix1                  = $ABEF ; G zcc45D72
_spr_back_fix2                  = $AC30 ; G zcc45D72
_spr_back_fix3                  = $AC71 ; G zcc45D72
_spr_back_fix4                  = $ACB3 ; G zcc45D72
_spr_brick_anim                 = $ACF5 ; G zcc45D72
l_spr_brick_anim_00101          = $AD16 ; L zcc45D72
l_spr_brick_anim_00102          = $AD1C ; L zcc45D72
l_spr_brick_anim_00104          = $AD28 ; L zcc45D72
l_spr_brick_anim_00105          = $AD2D ; L zcc45D72
l_spr_brick_anim_00108          = $AD44 ; L zcc45D72
l_spr_brick_anim_00109          = $AD53 ; L zcc45D72
l_spr_brick_anim_00111          = $AD71 ; L zcc45D72
l_spr_brick_anim_00114          = $AD8B ; L zcc45D72
l_spr_brick_anim_00117          = $ADAE ; L zcc45D72
l_spr_brick_anim_00120          = $ADD8 ; L zcc45D72
_spr_cortina_brick              = $ADDC ; G zcc45D72
l_spr_cortina_brick_00101       = $ADF0 ; L zcc45D72
l_spr_cortina_brick_00103       = $AE18 ; L zcc45D72
_spr_cortina_pipes              = $AE24 ; G zcc45D72
l_spr_cortina_pipes_00130       = $AE2A ; L zcc45D72
l_spr_cortina_pipes_00117       = $AE39 ; L zcc45D72
l_spr_cortina_pipes_00101       = $AE46 ; L zcc45D72
l_spr_cortina_pipes_00102       = $AE47 ; L zcc45D72
l_spr_cortina_pipes_00106       = $AE5A ; L zcc45D72
l_spr_cortina_pipes_00137       = $AE88 ; L zcc45D72
l_spr_cortina_pipes_00121       = $AE97 ; L zcc45D72
l_spr_cortina_pipes_00109       = $AEA4 ; L zcc45D72
l_spr_cortina_pipes_00110       = $AEA5 ; L zcc45D72
l_spr_cortina_pipes_00122       = $AEC5 ; L zcc45D72
_spr_water_splash_draw          = $AEDF ; G zcc45D72
l_spr_water_splash_draw_00103   = $AF22 ; L zcc45D72
___str_0                        = $AF25 ; L zcc45D72
___str_1                        = $AF28 ; L zcc45D72
_spr_water_splash_clear         = $AF2B ; G zcc45D72
___str_2                        = $AF77 ; L zcc45D72
__code_compiler_tail            = $AF7A ; G 
__code_user_head                = $AF7A ; G 
_ay_reset                       = $AF7A ; G zcc68BC11
_ay_is_playing                  = $AF80 ; G zcc68BC11
answer_known                    = $AF9D ; L zcc68BC11
_ay_midi_play                   = $AFA2 ; G zcc68BC11
midi_play                       = $AFAA ; L zcc68BC11
midi_disable                    = $AFC0 ; L zcc68BC11
_ay_fx_play                     = $AFCB ; G zcc68BC11
ay_play                         = $AFD3 ; L zcc68BC11
ay_disable                      = $AFE5 ; L zcc68BC11
_game_fill_row                  = $AFF0 ; G zcc68BC14
game_fill_row                   = $AFF7 ; L zcc68BC14
gf_ploop                        = $B004 ; L zcc68BC14
_sound_nirvana_halt             = $B02F ; L zcc68BC16
_sound_slide                    = $B035 ; G zcc68BC16
_sound_jump                     = $B04D ; G zcc68BC16
_sound_coin                     = $B077 ; G zcc68BC16
_sound_enter_enemy              = $B098 ; G zcc68BC16
_sound_kill                     = $B0A7 ; G zcc68BC16
_sound_hit_enemy                = $B0BF ; G zcc68BC16
_sound_hit_brick                = $B0E9 ; G zcc68BC16
_sound_hit_pow                  = $B101 ; G zcc68BC16
_zx_print_str                   = $B122 ; G zcc68BC17
zx_print_str                    = $B129 ; L zcc68BC17
zps_sloop                       = $B12D ; L zcc68BC17
zps_cloop                       = $B13E ; L zcc68BC17
_zx_print_int                   = $B158 ; G zcc68BC17
zx_print_int                    = $B15F ; L zcc68BC17
_zx_print_chr                   = $B174 ; G zcc68BC17
zx_print_chr                    = $B17C ; L zcc68BC17
_zx_print_bonus_time            = $B18D ; G zcc68BC17
zx_print_bonus_time             = $B194 ; L zcc68BC17
__code_user_tail                = $B1B1 ; G 
__rodata_clib_head              = $B1B1 ; G 
__rodata_clib_tail              = $B1B1 ; G 
__rodata_driver_head            = $B1B1 ; G 
__rodata_driver_tail            = $B1B1 ; G 
__rodata_error_string_end_head  = $B1B1 ; G 
__rodata_error_strings_head     = $B1B1 ; G 
__rodata_error_strings_tail     = $B1B1 ; G 
__rodata_font_head              = $B1B1 ; G 
__rodata_font_tail              = $B1B1 ; G 
__rodata_error_string_end_tail  = $B1B2 ; G 
__rodata_fcntl_head             = $B1B2 ; G 
__rodata_fcntl_tail             = $B1B2 ; G 
__rodata_font_4x8_head          = $B1B2 ; G 
__rodata_font_4x8_tail          = $B1B2 ; G 
__rodata_font_8x8_head          = $B1B2 ; G 
__rodata_font_8x8_tail          = $B1B2 ; G 
__rodata_font_fzx_head          = $B1B2 ; G 
__rodata_font_fzx_tail          = $B1B2 ; G 
__rodata_input_head             = $B1B2 ; G 
in_key_translation_table        = $B1B2 ; G in_key_translation_table
__rodata_compiler_head          = $B252 ; G 
__rodata_input_tail             = $B252 ; G 
__rodata_lib_head               = $B252 ; G 
__rodata_lib_tail               = $B252 ; G 
__rodata_sound_bit_head         = $B252 ; G 
__rodata_sound_bit_tail         = $B252 ; G 
__rodata_stdio_head             = $B252 ; G 
__rodata_stdio_tail             = $B252 ; G 
__rodata_stdlib_head            = $B252 ; G 
__rodata_stdlib_tail            = $B252 ; G 
_hall_valids                    = $B252 ; G zccFB502
___str_0                        = $B27C ; L zccFB502
___str_1                        = $B28B ; L zccFB502
___str_2                        = $B294 ; L zccFB502
___str_3                        = $B29F ; L zccFB502
__rodata_compiler_tail          = $B2AA ; G 
__rodata_user_head              = $B2AA ; G 
_btiles                         = $B2AA ; G zcc68BC9
BANK06_ay_reset                 = $C000 ; G zcc68BC11
__BANK_06_head                  = $C000 ; G 
IOCTL_ITERM_CAPS                = $C009 ; G zcc68BC18
IOCTL_ITERM_COOK                = $C011 ; G zcc68BC18
IOCTL_OTERM_CRLF                = $C012 ; G zcc68BC18
IOCTL_OCHAR_CRLF                = $C014 ; G zcc68BC18
BANK06_ay_midi_play_isr         = $C01D ; G zcc68BC11
IOCTL_ITERM_LINE                = $C021 ; G zcc68BC18
IOCTL_OTERM_COOK                = $C022 ; G zcc68BC18
midi_loop                       = $C024 ; L zcc68BC11
midi_position_hold              = $C03F ; L zcc68BC11
IOCTL_ITERM_PASS                = $C041 ; G zcc68BC18
midi_position_next              = $C041 ; L zcc68BC11
IOCTL_OTERM_PAUSE               = $C042 ; G zcc68BC18
BANK06_ay_reg                   = $C045 ; L zcc68BC11
BANK06_ay_fx_play_isr           = $C053 ; G zcc68BC11
fx_repeat_loop                  = $C056 ; L zcc68BC11
fx_playing                      = $C065 ; L zcc68BC11
fx_loop                         = $C06B ; L zcc68BC11
logvol_loop                     = $C07B ; L zcc68BC11
IOCTL_ITERM_ECHO                = $C081 ; G zcc68BC18
IOCTL_OTERM_PAGE                = $C082 ; G zcc68BC18
fx_repeat                       = $C08C ; L zcc68BC11
BANK06_ay_rout                  = $C093 ; L zcc68BC11
rout_loop                       = $C099 ; L zcc68BC11
_ay_effect_01                   = $C0A9 ; G zcc68BC12
_ay_effect_02                   = $C0E7 ; G zcc68BC12
IOCTL_ITERM_CRLF                = $C101 ; G zcc68BC18
IOCTL_OTERM_BELL                = $C102 ; G zcc68BC18
IOCTL_ICHAR_CRLF                = $C103 ; G zcc68BC18
_ay_effect_03                   = $C15B ; G zcc68BC12
_ay_effect_04                   = $C1D5 ; G zcc68BC12
IOCTL_ITERM_CURS                = $C201 ; G zcc68BC18
IOCTL_OTERM_SIGNAL              = $C202 ; G zcc68BC18
_ay_effect_05                   = $C261 ; G zcc68BC12
_ay_effect_06                   = $C2F3 ; G zcc68BC12
_ay_effect_07                   = $C385 ; G zcc68BC12
_ay_effect_08                   = $C441 ; G zcc68BC12
_ay_effect_09                   = $C4FD ; G zcc68BC12
_ay_effect_10                   = $C5BF ; G zcc68BC12
_ay_effect_11                   = $C681 ; G zcc68BC12
_ay_effect_12                   = $C749 ; G zcc68BC12
_ay_effect_13                   = $C84D ; G zcc68BC12
_ay_effect_14                   = $C963 ; G zcc68BC12
_ay_effect_15                   = $CB09 ; G zcc68BC12
_ay_effect_16                   = $CD15 ; G zcc68BC12
_ay_effect_17                   = $CF69 ; G zcc68BC12
_ay_effect_18                   = $D211 ; G zcc68BC12
_ay_effect_19                   = $D53D ; G zcc68BC12
_ay_effect_background           = $D53D ; G zcc68BC12
_ay_effect_20                   = $D571 ; G zcc68BC12
_pb_midi_title                  = $D5F9 ; G zcc68BC13
_pb_midi_phase_1                = $D7F7 ; G zcc68BC13
__BANK_06_tail                  = $D923 ; G 
__CODE_END_head                 = $DB2A ; G 
__CODE_END_tail                 = $DB2A ; G 
__IGNORE_head                   = $DB2A ; G 
__IGNORE_tail                   = $DB2A ; G 
__rodata_user_tail              = $DB2A ; G 
__size                          = $DB2A ; G 
__tail                          = $DB2A ; G 
asm_NIRVANAP_paintC             = $DC62 ; G asm_NIRVANAP_paintC
IOCTL_OTERM_CLEAR               = $E002 ; G zcc68BC18
_NIRVANAP_isr                   = $F5D2 ; L zcc49852
__NIRVANA_HOLE_head             = $F5E6 ; G 
__NIRVANA_HOLE_tail             = $F5E7 ; G 
__code_sound_bit_head           = $F5E7 ; G 
asm_bit_beep_raw                = $F5E7 ; G asm_bit_beep_raw
beeper                          = $F5EB ; L asm_bit_beep_raw
beixp3                          = $F5FF ; L asm_bit_beep_raw
behllp                          = $F604 ; L asm_bit_beep_raw
be_again                        = $F620 ; L asm_bit_beep_raw
be_end                          = $F624 ; L asm_bit_beep_raw
asm_bit_close                   = $F627 ; G asm_bit_close
asm_bit_open                    = $F632 ; G asm_bit_open
__DATA_head                     = $F638 ; G 
__DATA_tail                     = $F638 ; G 
__code_sound_bit_tail           = $F638 ; G 
__data_alloc_balloc_head        = $F638 ; G 
__data_alloc_balloc_tail        = $F638 ; G 
__data_alloc_malloc_head        = $F638 ; G 
__data_alloc_malloc_tail        = $F638 ; G 
__data_clib_head                = $F638 ; G 
__data_clib_tail                = $F638 ; G 
__data_driver_head              = $F638 ; G 
__data_driver_tail              = $F638 ; G 
__data_fcntl_fdtable_body_head  = $F638 ; G 
__data_fcntl_fdtable_body_tail  = $F638 ; G 
__data_fcntl_head               = $F638 ; G 
__data_fcntl_stdio_heap_body_head = $F638 ; G 
__data_fcntl_stdio_heap_body_tail = $F638 ; G 
__data_fcntl_stdio_heap_head_head = $F638 ; G 
__data_fcntl_stdio_heap_head_tail = $F638 ; G 
__data_fcntl_stdio_heap_tail_head = $F638 ; G 
__data_fcntl_stdio_heap_tail_tail = $F638 ; G 
__data_fcntl_tail               = $F638 ; G 
__data_font_head                = $F638 ; G 
__data_font_tail                = $F638 ; G 
__data_sound_bit_head           = $F638 ; G 
__smc_clib_head                 = $F638 ; G 
__smc_clib_tail                 = $F638 ; G 
__smc_compiler_head             = $F638 ; G 
__smc_compiler_tail             = $F638 ; G 
__smc_driver_head               = $F638 ; G 
__smc_driver_tail               = $F638 ; G 
__smc_fcntl_head                = $F638 ; G 
__smc_fcntl_tail                = $F638 ; G 
__smc_font_head                 = $F638 ; G 
__smc_font_tail                 = $F638 ; G 
__smc_l_head                    = $F638 ; G 
__smc_l_tail                    = $F638 ; G 
__smc_lib_head                  = $F638 ; G 
__smc_lib_tail                  = $F638 ; G 
__smc_sound_bit_head            = $F638 ; G 
__smc_sound_bit_tail            = $F638 ; G 
__smc_user_head                 = $F638 ; G 
__smc_user_tail                 = $F638 ; G 
__sound_bit_state               = $F638 ; G __sound_bit_state
__data_sound_bit_tail           = $F639 ; G 
__data_stdio_head               = $F639 ; G 
__data_stdio_tail               = $F639 ; G 
__data_stdlib_head              = $F639 ; G 
__stdlib_seed                   = $F639 ; G __stdlib_seed
__data_stdlib_tail              = $F63D ; G 
__data_threads_head             = $F63D ; G 
__thrd_id                       = $F63D ; G zcc68BC18
__data_compiler_head            = $F63E ; G 
__data_lib_head                 = $F63E ; G 
__data_lib_tail                 = $F63E ; G 
__data_threads_tail             = $F63E ; G 
_joynames                       = $F63E ; G zccFB502
_phases                         = $F646 ; G zccFB502
_lvl_1                          = $F6C6 ; G zccFB502
_spr_idx                        = $F966 ; G zccFB502
_sprite_speed                   = $F990 ; G zccFB502
_hof                            = $F9A1 ; G zccFB502
_initials                       = $F9DD ; G zccFB502
__BSS_UNINITIALIZED_head        = $F9E5 ; G 
__BSS_UNINITIALIZED_tail        = $F9E5 ; G 
__BSS_head                      = $F9E5 ; G 
__BSS_tail                      = $F9E5 ; G 
__DATA_END_head                 = $F9E5 ; G 
__DATA_END_tail                 = $F9E5 ; G 
__bss_alloc_balloc_head         = $F9E5 ; G 
__bss_alloc_balloc_tail         = $F9E5 ; G 
__bss_alloc_malloc_head         = $F9E5 ; G 
__bss_alloc_malloc_tail         = $F9E5 ; G 
__bss_arch_head                 = $F9E5 ; G 
__bss_arch_tail                 = $F9E5 ; G 
__bss_clib_head                 = $F9E5 ; G 
__bss_clib_tail                 = $F9E5 ; G 
__bss_compress_aplib_head       = $F9E5 ; G 
__bss_compress_aplib_tail       = $F9E5 ; G 
__bss_driver_head               = $F9E5 ; G 
__bss_driver_tail               = $F9E5 ; G 
__bss_error_head                = $F9E5 ; G 
__bss_font_head                 = $F9E5 ; G 
__bss_font_tail                 = $F9E5 ; G 
__data_compiler_tail            = $F9E5 ; G 
__data_user_head                = $F9E5 ; G 
__data_user_tail                = $F9E5 ; G 
_errno                          = $F9E5 ; G _errno
__bss_error_tail                = $F9E7 ; G 
__bss_fcntl_head                = $F9E7 ; G 
__bss_fcntl_tail                = $F9E7 ; G 
__bss_input_head                = $F9E7 ; G 
__bss_input_tail                = $F9E7 ; G 
__bss_sound_bit_head            = $F9E7 ; G 
__bss_sound_bit_tail            = $F9E7 ; G 
__bss_stdio_head                = $F9E7 ; G 
__bss_stdio_tail                = $F9E7 ; G 
__bss_stdlib_head               = $F9E7 ; G 
__exit_stack                    = $F9E7 ; G zcc68BC18
__quickexit_stack               = $F9E8 ; G zcc68BC18
__bss_compiler_head             = $F9E9 ; G 
__bss_lib_head                  = $F9E9 ; G 
__bss_lib_tail                  = $F9E9 ; G 
__bss_stdlib_tail               = $F9E9 ; G 
__bss_string_head               = $F9E9 ; G 
__bss_string_tail               = $F9E9 ; G 
_spec128                        = $F9E9 ; G zccFB502
_joyfunc1                       = $F9EA ; G zccFB502
_joyfunc2                       = $F9EC ; G zccFB502
_k1                             = $F9EE ; G zccFB502
_k2                             = $F9F8 ; G zccFB502
_dirs                           = $FA02 ; G zccFB502
_tbuffer                        = $FA03 ; G zccFB502
_class                          = $FA0A ; G zccFB502
_state                          = $FA12 ; G zccFB502
_state_a                        = $FA1A ; G zccFB502
_tile                           = $FA22 ; G zccFB502
_lin                            = $FA2A ; G zccFB502
_col                            = $FA32 ; G zccFB502
_colint                         = $FA3A ; G zccFB502
_spr_timer                      = $FA42 ; G zccFB502
_spr_timer_c                    = $FA52 ; G zccFB502
_last_time                      = $FA62 ; G zccFB502
_jump_lin                       = $FA72 ; G zccFB502
_hit_lin                        = $FA7A ; G zccFB502
_hit_col                        = $FA7C ; G zccFB502
_sliding                        = $FA7E ; G zccFB502
_player_score                   = $FA80 ; G zccFB502
_player_next_extra              = $FA84 ; G zccFB502
_index_player                   = $FA88 ; G zccFB502
_sprite_other_player            = $FA89 ; G zccFB502
_sprite                         = $FA8A ; G zccFB502
_tile_offset                    = $FA8B ; G zccFB502
_tile_offset_other_player       = $FA8C ; G zccFB502
_hit_count                      = $FA8D ; G zccFB502
_s_tile0                        = $FA8E ; G zccFB502
_s_tile1                        = $FA8F ; G zccFB502
_s_lin0                         = $FA90 ; G zccFB502
_s_lin1                         = $FA91 ; G zccFB502
_s_col0                         = $FA92 ; G zccFB502
_s_col1                         = $FA93 ; G zccFB502
_loop_count                     = $FA94 ; G zccFB502
_index1                         = $FA96 ; G zccFB502
_index2                         = $FA98 ; G zccFB502
_index3                         = $FA9A ; G zccFB502
_index_d                        = $FA9C ; G zccFB502
_tmp                            = $FA9E ; G zccFB502
_tmp0                           = $FA9F ; G zccFB502
_tmp1                           = $FAA0 ; G zccFB502
_tmp_uc                         = $FAA1 ; G zccFB502
_tmp_sc                         = $FAA2 ; G zccFB502
_tmp_ui                         = $FAA3 ; G zccFB502
_enemies                        = $FAA5 ; G zccFB502
_zx_val_asm                     = $FAA6 ; G zccFB502
_attrib                         = $FAA7 ; G zccFB502
_attrib_hl                      = $FAAB ; G zccFB502
_s_state                        = $FAAF ; G zccFB502
_curr_time                      = $FAB0 ; G zccFB502
_entry_time                     = $FAB2 ; G zccFB502
_frame_time                     = $FAB4 ; G zccFB502
_col_time                       = $FAB6 ; G zccFB502
_frame_loop_count               = $FAB8 ; G zccFB502
_spr_count                      = $FABA ; G zccFB502
_game_pow                       = $FABB ; G zccFB502
_game_brick_tile                = $FABC ; G zccFB502
_game_two_player                = $FABD ; G zccFB502
_game_sound                     = $FABE ; G zccFB502
_game_over                      = $FABF ; G zccFB502
_game_lives                     = $FAC0 ; G zccFB502
_game_lives_update              = $FAC2 ; G zccFB502
_game_time_flipped              = $FAC3 ; G zccFB502
_game_time_fireball_start       = $FAC5 ; G zccFB502
_spr_water_clear                = $FAC7 ; G zccFB502
_spr_water_time                 = $FAC8 ; G zccFB502
_game_bonus                     = $FACA ; G zccFB502
_game_type                      = $FACB ; G zccFB502
_game_menu_sel                  = $FACC ; G zccFB502
_game_score_top                 = $FACD ; G zccFB502
_phase_quota                    = $FACF ; G zccFB502
_phase_left                     = $FAD2 ; G zccFB502
_phase_tot                      = $FAD3 ; G zccFB502
_phase_pop                      = $FAD4 ; G zccFB502
_phase_coins                    = $FAD5 ; G zccFB502
_phase_end                      = $FAD6 ; G zccFB502
_phase_curr                     = $FAD7 ; G zccFB502
_phase_angry                    = $FAD8 ; G zccFB502
_phase_bonus_total              = $FAD9 ; G zccFB502
_screen_paper                   = $FADB ; G zccFB502
_screen_ink                     = $FADC ; G zccFB502
_score_osd_lin                  = $FADD ; G zccFB502
_score_osd_col                  = $FADF ; G zccFB502
_score_osd_time                 = $FAE1 ; G zccFB502
_score_osd_tile                 = $FAE5 ; G zccFB502
_sprite_speed_alt               = $FAE9 ; G zccFB502
__bss_compiler_tail             = $FAF1 ; G 
__bss_user_head                 = $FAF1 ; G 
_ay_reset_low                   = $FAF1 ; G zcc68BC11
_ay_midi_playing                = $FAF2 ; G zcc68BC11
_ay_midi_hold                   = $FAF4 ; G zcc68BC11
_ay_fx_playing                  = $FAF5 ; G zcc68BC11
__BSS_END_head                  = $FAF7 ; G 
__BSS_END_tail                  = $FAF7 ; G 
__bss_user_tail                 = $FAF7 ; G 
asm_NIRVANAP_drawT_raw          = $FB06 ; G asm_NIRVANAP_drawT_raw
asm_NIRVANAP_fillT_raw          = $FDA0 ; G asm_NIRVANAP_fillT_raw
_NIRVANAP_start                 = $FDE3 ; G NIRVANAP_start
asm_NIRVANAP_start              = $FDE3 ; G asm_NIRVANAP_start
_NIRVANAP_stop                  = $FDF4 ; G NIRVANAP_stop
asm_NIRVANAP_stop               = $FDF4 ; G asm_NIRVANAP_stop
asm_NIRVANAP_fillC              = $FF21 ; G asm_NIRVANAP_fillC
TAR__register_sp                = $FF58 ; L zcc68BC18
TAR__crt_on_exit                = $30002 ; L zcc68BC18
__clock_freq                    = $3567E0 ; L asm_z80_delay_ms
