CLIB_FOPEN_MAX                  = $FFFFFFFF ; L zx_crt
CLIB_OPEN_MAX                   = $FFFFFFFF ; L zx_crt
REGISTER_SP                     = $FFFFFFFF ; L zx_crt
TAR__clib_malloc_heap_size      = $FFFFFFFF ; L zx_crt
__MMAP                          = $FFFFFFFF ; L zx_crt
__clib_fopen_max                = $FFFFFFFF ; L zx_crt
__clib_open_max                 = $FFFFFFFF ; L zx_crt
__fcntl_fdtbl_size              = $FFFFFFFF ; G zx_crt
__register_sp                   = $FFFFFFFF ; L zx_crt
CLIB_MALLOC_HEAP_SIZE           = $0000 ; L zx_crt
CLIB_OPT_STDIO                  = $0000 ; L zx_crt
CLIB_STDIO_HEAP_SIZE            = $0000 ; L zx_crt
CRT_ENABLE_CLOSE                = $0000 ; L zx_crt
CRT_ENABLE_EIDI                 = $0000 ; L zx_crt
CRT_ON_EXIT                     = $0000 ; L zx_crt
IOCTL_RESET                     = $0000 ; G zx_crt
STDIO_SEEK_SET                  = $0000 ; G zx_crt
TAR__clib_balloc_table_size     = $0000 ; L zx_crt
TAR__clib_exit_stack_size       = $0000 ; L zx_crt
TAR__clib_fopen_max             = $0000 ; L zx_crt
TAR__clib_open_max              = $0000 ; L zx_crt
TAR__clib_quickexit_stack_size  = $0000 ; L zx_crt
TAR__crt_enable_commandline     = $0000 ; L zx_crt
TAR__crt_enable_nmi             = $0000 ; L zx_crt
TAR__crt_enable_restart         = $0000 ; L zx_crt
TAR__crt_enable_rst             = $0000 ; L zx_crt
TAR__crt_include_preamble       = $0000 ; L zx_crt
TAR__crt_initialize_bss         = $0000 ; L zx_crt
TAR__crt_model                  = $0000 ; L zx_crt
TAR__crt_org_bss                = $0000 ; L zx_crt
TAR__crt_org_data               = $0000 ; L zx_crt
__BSS_END_size                  = $0000 ; G 
__BSS_UNINITIALIZED_size        = $0000 ; G 
__BSS_size                      = $0000 ; G 
__CLIB_OPT_ERROR                = $0000 ; L error_edom_mc
__CLIB_OPT_ERROR                = $0000 ; L error_einval_zc
__CLIB_OPT_ERROR                = $0000 ; L error_erange_zc
__CLIB_OPT_FASTCOPY             = $0000 ; L asm_memset
__CLIB_OPT_FASTCOPY             = $0000 ; L asm_zx_cls
__CLIB_OPT_IMATH                = $0000 ; L l_divs_16_16x16
__CLIB_OPT_IMATH                = $0000 ; L l_divu_16_16x8
__CLIB_OPT_IMATH                = $0000 ; L l_mulu_16_16x16
__CODE_END_size                 = $0000 ; G 
__CRTDEF                        = $0000 ; L zx_crt
__DATA_END_size                 = $0000 ; G 
__DATA_size                     = $0000 ; G 
__EOK                           = $0000 ; G zx_crt
__IGNORE_size                   = $0000 ; G 
__NIRVANAP_OPTIONS              = $0000 ; L NIRVANAP_ENGINE
__bss_alloc_balloc_size         = $0000 ; G 
__bss_alloc_malloc_size         = $0000 ; G 
__bss_arch_size                 = $0000 ; G 
__bss_clib_size                 = $0000 ; G 
__bss_compress_aplib_size       = $0000 ; G 
__bss_driver_size               = $0000 ; G 
__bss_fcntl_size                = $0000 ; G 
__bss_font_size                 = $0000 ; G 
__bss_input_size                = $0000 ; G 
__bss_lib_size                  = $0000 ; G 
__bss_sound_bit_size            = $0000 ; G 
__bss_stdio_size                = $0000 ; G 
__bss_string_size               = $0000 ; G 
__clib_balloc_table_size        = $0000 ; L zx_crt
__clib_exit_stack_size          = $0000 ; L zx_crt
__clib_malloc_heap_size         = $0000 ; L zx_crt
__clib_quickexit_stack_size     = $0000 ; L zx_crt
__clib_stdio_heap_size          = $0000 ; L zx_crt
__code_adt_b_array_size         = $0000 ; G 
__code_adt_b_vector_size        = $0000 ; G 
__code_adt_ba_priority_queue_size = $0000 ; G 
__code_adt_ba_stack_size        = $0000 ; G 
__code_adt_bv_priority_queue_size = $0000 ; G 
__code_adt_bv_stack_size        = $0000 ; G 
__code_adt_p_forward_list_alt_size = $0000 ; G 
__code_adt_p_forward_list_size  = $0000 ; G 
__code_adt_p_list_size          = $0000 ; G 
__code_adt_p_queue_size         = $0000 ; G 
__code_adt_p_stack_size         = $0000 ; G 
__code_adt_w_array_size         = $0000 ; G 
__code_adt_w_vector_size        = $0000 ; G 
__code_adt_wa_priority_queue_size = $0000 ; G 
__code_adt_wa_stack_size        = $0000 ; G 
__code_adt_wv_priority_queue_size = $0000 ; G 
__code_adt_wv_stack_size        = $0000 ; G 
__code_alloc_balloc_size        = $0000 ; G 
__code_alloc_malloc_size        = $0000 ; G 
__code_alloc_obstack_size       = $0000 ; G 
__code_bifrost2_size            = $0000 ; G 
__code_bifrost_h_size           = $0000 ; G 
__code_bifrost_l_size           = $0000 ; G 
__code_clib_size                = $0000 ; G 
__code_compress_aplib_size      = $0000 ; G 
__code_compress_zx7_size        = $0000 ; G 
__code_crt_exit_size            = $0000 ; G 
__code_crt_init_size            = $0000 ; G 
__code_ctype_size               = $0000 ; G 
__code_driver_character_input_size = $0000 ; G 
__code_driver_character_output_size = $0000 ; G 
__code_driver_general_size      = $0000 ; G 
__code_driver_memstream_size    = $0000 ; G 
__code_driver_size              = $0000 ; G 
__code_driver_terminal_input_size = $0000 ; G 
__code_driver_terminal_output_size = $0000 ; G 
__code_driver_tty_size          = $0000 ; G 
__code_fcntl_size               = $0000 ; G 
__code_font_fzx_size            = $0000 ; G 
__code_font_size                = $0000 ; G 
__code_fp_genmath_size          = $0000 ; G 
__code_fp_math48_size           = $0000 ; G 
__code_inttypes_size            = $0000 ; G 
__code_l_sccz80_size            = $0000 ; G 
__code_lib_size                 = $0000 ; G 
__code_locale_size              = $0000 ; G 
__code_network_size             = $0000 ; G 
__code_nirvanam_size            = $0000 ; G 
__code_setjmp_size              = $0000 ; G 
__code_stdio_size               = $0000 ; G 
__code_temp_sp1_size            = $0000 ; G 
__code_threads_mutex_size       = $0000 ; G 
__code_threads_size             = $0000 ; G 
__crt_enable_close              = $0000 ; L zx_crt
__crt_enable_commandline        = $0000 ; L zx_crt
__crt_enable_eidi               = $0000 ; L zx_crt
__crt_enable_restart            = $0000 ; L zx_crt
__crt_include_preamble          = $0000 ; L zx_crt
__crt_initialize_bss            = $0000 ; L zx_crt
__crt_model                     = $0000 ; L zx_crt
__crt_on_exit                   = $0000 ; L zx_crt
__data_alloc_balloc_size        = $0000 ; G 
__data_alloc_malloc_size        = $0000 ; G 
__data_clib_size                = $0000 ; G 
__data_driver_size              = $0000 ; G 
__data_fcntl_fdtable_body_size  = $0000 ; G 
__data_fcntl_size               = $0000 ; G 
__data_fcntl_stdio_heap_body_size = $0000 ; G 
__data_fcntl_stdio_heap_head_size = $0000 ; G 
__data_fcntl_stdio_heap_tail_size = $0000 ; G 
__data_font_size                = $0000 ; G 
__data_lib_size                 = $0000 ; G 
__data_stdio_size               = $0000 ; G 
__data_user_size                = $0000 ; G 
__exit_stack_size               = $0000 ; G zx_crt
__fcntl_fdtbl                   = $0000 ; G zx_crt
__head                          = $0000 ; G 
__quickexit_stack_size          = $0000 ; G zx_crt
__rodata_clib_size              = $0000 ; G 
__rodata_driver_size            = $0000 ; G 
__rodata_error_strings_size     = $0000 ; G 
__rodata_fcntl_size             = $0000 ; G 
__rodata_font_4x8_size          = $0000 ; G 
__rodata_font_8x8_size          = $0000 ; G 
__rodata_font_fzx_size          = $0000 ; G 
__rodata_font_size              = $0000 ; G 
__rodata_input_size             = $0000 ; G 
__rodata_lib_size               = $0000 ; G 
__rodata_sound_bit_size         = $0000 ; G 
__rodata_stdio_size             = $0000 ; G 
__rodata_stdlib_size            = $0000 ; G 
__smc_clib_size                 = $0000 ; G 
__smc_compiler_size             = $0000 ; G 
__smc_driver_size               = $0000 ; G 
__smc_fcntl_size                = $0000 ; G 
__smc_font_size                 = $0000 ; G 
__smc_l_size                    = $0000 ; G 
__smc_lib_size                  = $0000 ; G 
__smc_sound_bit_size            = $0000 ; G 
__smc_user_size                 = $0000 ; G 
thrd_success                    = $0000 ; G zx_crt
DEFINED_CLIB_FOPEN_MAX          = $0001 ; L zx_crt
DEFINED_CLIB_MALLOC_HEAP_SIZE   = $0001 ; L zx_crt
DEFINED_CLIB_OPEN_MAX           = $0001 ; L zx_crt
DEFINED_CLIB_OPT_STDIO          = $0001 ; L zx_crt
DEFINED_CLIB_STDIO_HEAP_SIZE    = $0001 ; L zx_crt
DEFINED_CRT_ENABLE_CLOSE        = $0001 ; L zx_crt
DEFINED_CRT_ENABLE_EIDI         = $0001 ; L zx_crt
DEFINED_CRT_ON_EXIT             = $0001 ; L zx_crt
DEFINED_CRT_ORG_CODE            = $0001 ; L zx_crt
DEFINED_REGISTER_SP             = $0001 ; L zx_crt
DEFINED_Z88DK_USES_SDCC         = $0001 ; L zx_crt
DEFINED___MMAP                  = $0001 ; L zx_crt
DEFINED_startup                 = $0001 ; L zx_crt
STDIO_MSG_PUTC                  = $0001 ; G zx_crt
STDIO_SEEK_CUR                  = $0001 ; G zx_crt
TAR__crt_enable_close           = $0001 ; L zx_crt
TAR__crt_enable_eidi            = $0001 ; L zx_crt
Z88DK_USES_SDCC                 = $0001 ; L zx_crt
_CLIB_CFG_ASM_                  = $0001 ; L asm_memset
_CLIB_CFG_ASM_                  = $0001 ; L asm_zx_cls
_CLIB_CFG_ASM_                  = $0001 ; L error_edom_mc
_CLIB_CFG_ASM_                  = $0001 ; L error_einval_zc
_CLIB_CFG_ASM_                  = $0001 ; L error_erange_zc
_CLIB_CFG_ASM_                  = $0001 ; L l_divs_16_16x16
_CLIB_CFG_ASM_                  = $0001 ; L l_divu_16_16x8
_CLIB_CFG_ASM_                  = $0001 ; L l_mulu_16_16x16
_CLIB_TARGET_CFG_ASM_           = $0001 ; L NIRVANAP_ENGINE
_CLIB_TARGET_CFG_ASM_           = $0001 ; L asm_bit_beep_raw
_CLIB_TARGET_CFG_ASM_           = $0001 ; L asm_bit_close
_CLIB_TARGET_CFG_ASM_           = $0001 ; L asm_bit_open
_CLIB_TARGET_CFG_ASM_           = $0001 ; L asm_z80_delay_ms
__CODE_size                     = $0001 ; G 
__EACCES                        = $0001 ; G zx_crt
__NIRVANA_HOLE_size             = $0001 ; G 
__SDCC                          = $0001 ; L asm_memset
__SDCC                          = $0001 ; L asm_zx_cls
__SDCC                          = $0001 ; L error_edom_mc
__SDCC                          = $0001 ; L error_einval_zc
__SDCC                          = $0001 ; L error_erange_zc
__SDCC                          = $0001 ; L l_compare_de_hl
__SDCC                          = $0001 ; L l_divs_16_16x16
__SDCC                          = $0001 ; L l_divu_16_16x8
__SDCC                          = $0001 ; L l_mulu_16_16x16
__SDCC                          = $0001 ; L pietro_game
__SDCC                          = $0001 ; L pietro_zx
__SDCC                          = $0001 ; L zx_crt
__SDCC_IY                       = $0001 ; L asm_memset
__SDCC_IY                       = $0001 ; L asm_zx_cls
__SDCC_IY                       = $0001 ; L error_edom_mc
__SDCC_IY                       = $0001 ; L error_einval_zc
__SDCC_IY                       = $0001 ; L error_erange_zc
__SDCC_IY                       = $0001 ; L l_compare_de_hl
__SDCC_IY                       = $0001 ; L l_divs_16_16x16
__SDCC_IY                       = $0001 ; L l_divu_16_16x8
__SDCC_IY                       = $0001 ; L l_mulu_16_16x16
__SDCC_IY                       = $0001 ; L zx_crt
__data_sound_bit_size           = $0001 ; G 
__data_threads_size             = $0001 ; G 
__rodata_error_string_end_size  = $0001 ; G 
__sound_bit_method              = $0001 ; L asm_bit_beep_raw
__spectrum                      = $0001 ; L NIRVANAP_ENGINE
mtx_plain                       = $0001 ; G zx_crt
thrd_error                      = $0001 ; G zx_crt
STDIO_MSG_WRIT                  = $0002 ; G zx_crt
STDIO_SEEK_END                  = $0002 ; G zx_crt
__EBADF                         = $0002 ; G zx_crt
__bss_error_size                = $0002 ; G 
__bss_stdlib_size               = $0002 ; G 
__code_crt_return_size          = $0002 ; G 
mtx_recursive                   = $0002 ; G zx_crt
thrd_nomem                      = $0002 ; G zx_crt
DEF__crt_enforce_snames         = $0003 ; L zx_crt
STDIO_MSG_GETC                  = $0003 ; G zx_crt
__EBDFD                         = $0003 ; G zx_crt
__LOADER_size                   = $0003 ; G 
STDIO_MSG_EATC                  = $0004 ; G zx_crt
__EDOM                          = $0004 ; G zx_crt
__code_crt_main_size            = $0004 ; G 
__data_stdlib_size              = $0004 ; G 
__sound_bit_toggle_pos          = $0004 ; L asm_bit_beep_raw
mtx_timed                       = $0004 ; G zx_crt
thrd_busy                       = $0004 ; G zx_crt
STDIO_MSG_READ                  = $0005 ; G zx_crt
__EFBIG                         = $0005 ; G zx_crt
STDIO_MSG_SEEK                  = $0006 ; G zx_crt
__EINVAL                        = $0006 ; G zx_crt
__bss_user_size                 = $0006 ; G 
STDIO_MSG_ICTL                  = $0007 ; G zx_crt
TAR__crt_enable_streams         = $0007 ; L zx_crt
__EMFILE                        = $0007 ; G zx_crt
STDIO_MSG_FLSH                  = $0008 ; G zx_crt
__ENFILE                        = $0008 ; G zx_crt
thrd_timedout                   = $0008 ; G zx_crt
STDIO_MSG_CLOS                  = $0009 ; G zx_crt
__ENOLCK                        = $0009 ; G zx_crt
__ENOMEM                        = $000A ; G zx_crt
__ENOTSUP                       = $000B ; G zx_crt
__EOVERFLOW                     = $000C ; G zx_crt
__ERANGE                        = $000D ; G zx_crt
__ESTAT                         = $000E ; G zx_crt
ICHAR_MSG_GETC                  = $000F ; G zx_crt
ITERM_MSG_GETC                  = $000F ; G zx_crt
__EAGAIN                        = $000F ; G zx_crt
__EWOULDBLOCK                   = $000F ; G zx_crt
ITERM_MSG_INTERRUPT             = $0010 ; G zx_crt
__sound_bit_toggle              = $0010 ; L asm_bit_beep_raw
ITERM_MSG_PUTC                  = $0011 ; G zx_crt
ITERM_MSG_PRINT_CURSOR          = $0012 ; G zx_crt
ITERM_MSG_ERASE_CURSOR          = $0013 ; G zx_crt
ITERM_MSG_ERASE_CURSOR_PWD      = $0014 ; G zx_crt
ITERM_MSG_BS                    = $0015 ; G zx_crt
ITERM_MSG_BS_PWD                = $0016 ; G zx_crt
ITERM_MSG_READLINE_BEGIN        = $0017 ; G zx_crt
__sound_bit_read_mask           = $0017 ; L asm_bit_open
ITERM_MSG_READLINE_END          = $0018 ; G zx_crt
ITERM_MSG_BELL                  = $0019 ; G zx_crt
OCHAR_MSG_PUTC_BIN              = $001E ; G zx_crt
OTERM_MSG_PUTC                  = $001E ; G zx_crt
OTERM_MSG_TTY                   = $001F ; G zx_crt
startup                         = $001F ; L zx_crt
OCHAR_MSG_PUTC                  = $0020 ; G zx_crt
OTERM_MSG_PRINTC                = $0020 ; G zx_crt
__MCLOAD_size                   = $0020 ; G 
__code_string_size              = $0020 ; G 
OTERM_MSG_SCROLL                = $0021 ; G zx_crt
OTERM_MSG_CLS                   = $0022 ; G zx_crt
OTERM_MSG_PAUSE                 = $0023 ; G zx_crt
OTERM_MSG_BELL                  = $0024 ; G zx_crt
OTERM_MSG_PSCROLL               = $0025 ; G zx_crt
__code_error_size               = $0034 ; G 
__code_l_sdcc_size              = $0034 ; G 
__code_z80_size                 = $0037 ; G 
__code_arch_size                = $003D ; G 
__code_crt_common_size          = $0047 ; G 
__code_sound_bit_size           = $0051 ; G 
__code_nirvanap_size            = $0052 ; G 
__code_l_size                   = $0062 ; G 
__LOADER_CODE_size              = $0071 ; G 
__code_math_size                = $0087 ; G 
__code_stdlib_size              = $00AE ; G 
__sound_bit_write_mask          = $00E8 ; L asm_bit_close
__sound_bit_port                = $00FE ; L asm_bit_beep_raw
TAR__clib_stdio_heap_size       = $0100 ; L zx_crt
IOCTL_OTERM_CLS                 = $0102 ; G zx_crt
__bss_compiler_size             = $010F ; G 
__code_input_size               = $0127 ; G 
TAR__crt_stack_size             = $0200 ; L zx_crt
IOCTL_ITERM_TIE                 = $0201 ; G zx_crt
IOCTL_OTERM_RESET_SCROLL        = $0202 ; G zx_crt
__code_user_size                = $0237 ; G 
__rodata_compiler_size          = $028F ; G 
__FONT_size                     = $0300 ; G 
IOCTL_ITERM_SET_EDITBUF         = $0301 ; G zx_crt
IOCTL_OTERM_SET_WINDOW_COORD    = $0302 ; G zx_crt
IOCTL_ITERM_GET_EDITBUF         = $0381 ; G zx_crt
IOCTL_OTERM_GET_WINDOW_COORD    = $0382 ; G zx_crt
__data_compiler_size            = $03AD ; G 
IOCTL_OTERM_SET_WINDOW_RECT     = $0402 ; G zx_crt
IOCTL_OTERM_GET_WINDOW_RECT     = $0482 ; G zx_crt
IOCTL_OTERM_SET_CURSOR_COORD    = $0502 ; G zx_crt
IOCTL_OTERM_GET_CURSOR_COORD    = $0582 ; G zx_crt
IOCTL_OTERM_GET_OTERM           = $0602 ; G zx_crt
IOCTL_OTERM_SCROLL              = $0702 ; G zx_crt
IOCTL_OTERM_FONT                = $0802 ; G zx_crt
IOCTL_OTERM_FZX_SET_PAPER_COORD = $0A02 ; G zx_crt
IOCTL_OTERM_FZX_GET_PAPER_COORD = $0A82 ; G zx_crt
IOCTL_OTERM_FZX_SET_PAPER_RECT  = $0B02 ; G zx_crt
IOCTL_OTERM_FZX_GET_PAPER_RECT  = $0B82 ; G zx_crt
IOCTL_OTERM_FZX_LEFT_MARGIN     = $0C02 ; G zx_crt
IOCTL_OTERM_FZX_LINE_SPACING    = $0D02 ; G zx_crt
IOCTL_OTERM_FZX_SPACE_EXPAND    = $0E02 ; G zx_crt
IOCTL_OTERM_FZX_SET_FZX_STATE   = $0F02 ; G zx_crt
IOCTL_OTERM_FZX_GET_FZX_STATE   = $0F82 ; G zx_crt
IOCTL_ITERM_SET_DELAY           = $1001 ; G zx_crt
IOCTL_OTERM_FCOLOR              = $1002 ; G zx_crt
IOCTL_ITERM_GET_DELAY           = $1081 ; G zx_crt
IOCTL_ITERM_LASTK               = $1101 ; G zx_crt
IOCTL_OTERM_FMASK               = $1102 ; G zx_crt
IOCTL_OTERM_BCOLOR              = $1202 ; G zx_crt
__BANK_06_size                  = $1923 ; G 
__NIRVANAP_size                 = $235F ; G 
__rodata_user_size              = $2880 ; G 
__NIRVANAP_CHAR_TABLE           = $3C00 ; L NIRVANAP_ENGINE
__MCLOAD_head                   = $4000 ; G 
mini_loader                     = $4000 ; G pietro_loader
__MCLOAD_tail                   = $4020 ; G 
__code_compiler_size            = $4949 ; G 
__LOADER_head                   = $5B00 ; G 
__LOADER_CODE_head              = $5B03 ; G 
__LOADER_tail                   = $5B03 ; G 
__code_compress_zx7_head        = $5B03 ; G 
__code_compress_zx7_tail        = $5B03 ; G 
pietro_loader                   = $5B03 ; G pietro_loader
__LOADER_CODE_tail              = $5B74 ; G 
CRT_ORG_CODE                    = $5C00 ; L zx_crt
__CODE_head                     = $5C00 ; G 
__Restart                       = $5C00 ; L zx_crt
__Restart_2                     = $5C00 ; L zx_crt
__Start                         = $5C00 ; G zx_crt
__crt_org_code                  = $5C00 ; L zx_crt
__CODE_tail                     = $5C01 ; G 
__code_crt_init_head            = $5C01 ; G 
__code_crt_init_tail            = $5C01 ; G 
__code_crt_main_head            = $5C01 ; G 
__Exit                          = $5C04 ; G zx_crt
__code_crt_exit_head            = $5C05 ; G 
__code_crt_exit_tail            = $5C05 ; G 
__code_crt_main_tail            = $5C05 ; G 
__code_crt_return_head          = $5C05 ; G 
__code_crt_common_head          = $5C07 ; G 
__code_crt_return_tail          = $5C07 ; G 
_zx_isr                         = $5C07 ; G pietro_zx
_zx_enable_bank_00              = $5C42 ; G pietro_zx
_zx_enable_bank_06              = $5C46 ; G pietro_zx
__FONT_head                     = $5C4E ; G 
__code_crt_common_tail          = $5C4E ; G 
_pietro_font                    = $5C4E ; G font
__FONT_tail                     = $5F4E ; G 
__code_adt_b_array_head         = $5F4E ; G 
__code_adt_b_array_tail         = $5F4E ; G 
__code_adt_b_vector_head        = $5F4E ; G 
__code_adt_b_vector_tail        = $5F4E ; G 
__code_adt_ba_priority_queue_head = $5F4E ; G 
__code_adt_ba_priority_queue_tail = $5F4E ; G 
__code_adt_ba_stack_head        = $5F4E ; G 
__code_adt_ba_stack_tail        = $5F4E ; G 
__code_adt_bv_priority_queue_head = $5F4E ; G 
__code_adt_bv_priority_queue_tail = $5F4E ; G 
__code_adt_bv_stack_head        = $5F4E ; G 
__code_adt_bv_stack_tail        = $5F4E ; G 
__code_adt_p_forward_list_alt_head = $5F4E ; G 
__code_adt_p_forward_list_alt_tail = $5F4E ; G 
__code_adt_p_forward_list_head  = $5F4E ; G 
__code_adt_p_forward_list_tail  = $5F4E ; G 
__code_adt_p_list_head          = $5F4E ; G 
__code_adt_p_list_tail          = $5F4E ; G 
__code_adt_p_queue_head         = $5F4E ; G 
__code_adt_p_queue_tail         = $5F4E ; G 
__code_adt_p_stack_head         = $5F4E ; G 
__code_adt_p_stack_tail         = $5F4E ; G 
__code_adt_w_array_head         = $5F4E ; G 
__code_adt_w_array_tail         = $5F4E ; G 
__code_adt_w_vector_head        = $5F4E ; G 
__code_adt_w_vector_tail        = $5F4E ; G 
__code_adt_wa_priority_queue_head = $5F4E ; G 
__code_adt_wa_priority_queue_tail = $5F4E ; G 
__code_adt_wa_stack_head        = $5F4E ; G 
__code_adt_wa_stack_tail        = $5F4E ; G 
__code_adt_wv_priority_queue_head = $5F4E ; G 
__code_adt_wv_priority_queue_tail = $5F4E ; G 
__code_adt_wv_stack_head        = $5F4E ; G 
__code_adt_wv_stack_tail        = $5F4E ; G 
__code_alloc_balloc_head        = $5F4E ; G 
__code_alloc_balloc_tail        = $5F4E ; G 
__code_alloc_malloc_head        = $5F4E ; G 
__code_alloc_malloc_tail        = $5F4E ; G 
__code_alloc_obstack_head       = $5F4E ; G 
__code_alloc_obstack_tail       = $5F4E ; G 
__code_arch_head                = $5F4E ; G 
__code_clib_head                = $5F4E ; G 
__code_clib_tail                = $5F4E ; G 
__code_driver_head              = $5F4E ; G 
__code_driver_tail              = $5F4E ; G 
__code_font_head                = $5F4E ; G 
__code_font_tail                = $5F4E ; G 
asm_zx_cyx2saddr                = $5F4E ; G asm_zx_cyx2saddr
asm_zx_saddr2aaddr              = $5F5D ; G asm_zx_saddr2aaddr
_zx_border_fastcall             = $5F67 ; G zx_border_fastcall
asm_zx_border                   = $5F67 ; G asm_zx_border
_zx_cls_fastcall                = $5F77 ; G zx_cls_fastcall
asm_zx_cls                      = $5F77 ; G asm_zx_cls
__code_arch_tail                = $5F8B ; G 
__code_bifrost2_head            = $5F8B ; G 
__code_bifrost2_tail            = $5F8B ; G 
__code_bifrost_h_head           = $5F8B ; G 
__code_bifrost_h_tail           = $5F8B ; G 
__code_bifrost_l_head           = $5F8B ; G 
__code_bifrost_l_tail           = $5F8B ; G 
__code_compress_aplib_head      = $5F8B ; G 
__code_compress_aplib_tail      = $5F8B ; G 
__code_ctype_head               = $5F8B ; G 
__code_ctype_tail               = $5F8B ; G 
__code_driver_character_input_head = $5F8B ; G 
__code_driver_character_input_tail = $5F8B ; G 
__code_driver_character_output_head = $5F8B ; G 
__code_driver_character_output_tail = $5F8B ; G 
__code_driver_general_head      = $5F8B ; G 
__code_driver_general_tail      = $5F8B ; G 
__code_driver_memstream_head    = $5F8B ; G 
__code_driver_memstream_tail    = $5F8B ; G 
__code_driver_terminal_input_head = $5F8B ; G 
__code_driver_terminal_input_tail = $5F8B ; G 
__code_driver_terminal_output_head = $5F8B ; G 
__code_driver_terminal_output_tail = $5F8B ; G 
__code_driver_tty_head          = $5F8B ; G 
__code_driver_tty_tail          = $5F8B ; G 
__code_error_head               = $5F8B ; G 
__ch_system                     = $5F8F ; G zx_crt
error_zc                        = $5F8F ; G error_zc
error_znc                       = $5F97 ; G error_znc
error_divide_by_zero_mc         = $5FA0 ; G error_divide_by_zero_mc
error_edom_mc                   = $5FA0 ; G error_edom_mc
errno_mc                        = $5FA2 ; G errno_mc
error_mc                        = $5FAD ; G error_mc
error_einval_zc                 = $5FB5 ; G error_einval_zc
error_erange_zc                 = $5FB5 ; G error_erange_zc
errno_zc                        = $5FB7 ; G errno_zc
__code_error_tail               = $5FBF ; G 
__code_fcntl_head               = $5FBF ; G 
__code_fcntl_tail               = $5FBF ; G 
__code_font_fzx_head            = $5FBF ; G 
__code_font_fzx_tail            = $5FBF ; G 
__code_fp_genmath_head          = $5FBF ; G 
__code_fp_genmath_tail          = $5FBF ; G 
__code_fp_math48_head           = $5FBF ; G 
__code_fp_math48_tail           = $5FBF ; G 
__code_input_head               = $5FBF ; G 
_in_stick_keyboard              = $5FBF ; G in_stick_keyboard
_in_test_key                    = $5FC6 ; G in_test_key
_in_stick_cursor                = $5FD0 ; G in_stick_cursor
asm_in_stick_cursor             = $5FD0 ; G asm_in_stick_cursor
table                           = $5FEB ; L asm_in_stick_cursor
_in_stick_fuller                = $600B ; G in_stick_fuller
asm_in_stick_fuller             = $600B ; G asm_in_stick_fuller
_in_stick_kempston              = $6014 ; G in_stick_kempston
asm_in_stick_kempston           = $6014 ; G asm_in_stick_kempston
table                           = $6022 ; L asm_in_stick_kempston
asm_in_stick_keyboard           = $6042 ; G asm_in_stick_keyboard
fire                            = $6045 ; L asm_in_stick_keyboard
right                           = $604F ; L asm_in_stick_keyboard
left                            = $6059 ; L asm_in_stick_keyboard
down                            = $6063 ; L asm_in_stick_keyboard
up                              = $606D ; L asm_in_stick_keyboard
exit                            = $6076 ; L asm_in_stick_keyboard
_in_stick_sinclair1             = $6078 ; G in_stick_sinclair1
asm_in_stick_sinclair1          = $6078 ; G asm_in_stick_sinclair1
table                           = $6088 ; L asm_in_stick_sinclair1
_in_stick_sinclair2             = $60A8 ; G in_stick_sinclair2
asm_in_stick_sinclair2          = $60A8 ; G asm_in_stick_sinclair2
table                           = $60B8 ; L asm_in_stick_sinclair2
asm_in_test_key                 = $60D8 ; G asm_in_test_key
_in_wait_nokey                  = $60E0 ; G in_wait_nokey
asm_in_wait_nokey               = $60E0 ; G asm_in_wait_nokey
__code_input_tail               = $60E6 ; G 
__code_inttypes_head            = $60E6 ; G 
__code_inttypes_tail            = $60E6 ; G 
__code_l_head                   = $60E6 ; G 
__thread_block_timeout          = $60E7 ; G zx_crt
__thread_context_switch         = $60E7 ; G zx_crt
__thread_unblock                = $60E7 ; G zx_crt
l_ret                           = $60E7 ; G l_ret
l_small_utoa                    = $60E8 ; G l_small_utoa
l_utoa_lib                      = $60FB ; G l_small_utoa
no_leading_zeroes               = $60FD ; L l_small_utoa
leading_zeroes                  = $6109 ; L l_small_utoa
write                           = $610C ; L l_small_utoa
write1s                         = $6111 ; L l_small_utoa
divide                          = $6117 ; L l_small_utoa
divloop                         = $6119 ; L l_small_utoa
___sdcc_call_hl                 = $6120 ; G ___sdcc_call_hl
l_jphl                          = $6120 ; G l_jphl
l_neg_de                        = $6121 ; G l_neg_de
l_neg_hl                        = $6129 ; G l_neg_hl
l_compare_de_hl                 = $6131 ; G l_compare_de_hl
l_jpix                          = $6146 ; G l_jpix
____sdcc_2_copy_src_mhl_dst_deix = $6148 ; G ____sdcc_2_copy_src_mhl_dst_deix
__code_l_sccz80_head            = $6148 ; G 
__code_l_sccz80_tail            = $6148 ; G 
__code_l_sdcc_head              = $6148 ; G 
__code_l_tail                   = $6148 ; G 
___sdcc_enter_ix                = $6154 ; G ___sdcc_enter_ix
__divuchar_callee               = $615F ; G __divuchar_callee
__modsint_callee                = $6168 ; G __modsint_callee
__moduchar_callee               = $6171 ; G __moduchar_callee
__code_l_sdcc_tail              = $617C ; G 
__code_locale_head              = $617C ; G 
__code_locale_tail              = $617C ; G 
__code_math_head                = $617C ; G 
l_divs_16_16x16                 = $617D ; G l_divs_16_16x16
l_small_divs_16_16x16           = $617D ; G l_small_divs_16_16x16
l0_divs_16_16x16                = $6181 ; G l_divs_16_16x16
l0_small_divs_16_16x16          = $6181 ; G l_small_divs_16_16x16
divide_by_zero                  = $619D ; L l_small_divs_16_16x16
l_small_divu_16_16x16           = $61A9 ; G l_small_divu_16_16x16
l0_small_divu_16_16x16          = $61AD ; G l_small_divu_16_16x16
divisor_sixteen_bit             = $61B1 ; L l_small_divu_16_16x16
loop_16_0                       = $61B7 ; L l_small_divu_16_16x16
loop_16_1                       = $61BF ; L l_small_divu_16_16x16
l_divu_16_16x8                  = $61C9 ; G l_divu_16_16x8
l_small_divu_16_16x8            = $61C9 ; G l_small_divu_16_16x16
l0_divu_16_16x8                 = $61CD ; G l_divu_16_16x8
l0_small_divu_16_16x8           = $61CD ; G l_small_divu_16_16x16
loop_8_0                        = $61D1 ; L l_small_divu_16_16x16
loop_8_2                        = $61D8 ; L l_small_divu_16_16x16
loop_8_1                        = $61DA ; L l_small_divu_16_16x16
divide_zero                     = $61DF ; L l_small_divu_16_16x16
l_mulu_16_16x16                 = $61E3 ; G l_mulu_16_16x16
l_small_mul_16_16x16            = $61E3 ; G l_small_mul_16_16x16
eight_bit_0                     = $61F1 ; L l_small_mul_16_16x16
eight_bit_1                     = $61F2 ; L l_small_mul_16_16x16
l_small_mul_16_16x8             = $61F2 ; G l_small_mul_16_16x16
rejoin                          = $61F5 ; L l_small_mul_16_16x16
loop_0                          = $61F8 ; L l_small_mul_16_16x16
loop_1                          = $61FF ; L l_small_mul_16_16x16
_NIRVANAP_drawT_callee          = $6203 ; G NIRVANAP_drawT_callee
__code_math_tail                = $6203 ; G 
__code_network_head             = $6203 ; G 
__code_network_tail             = $6203 ; G 
__code_nirvanam_head            = $6203 ; G 
__code_nirvanam_tail            = $6203 ; G 
__code_nirvanap_head            = $6203 ; G 
asm_NIRVANAP_drawT_di           = $620C ; G asm_NIRVANAP_drawT_di
_NIRVANAP_drawT_raw_callee      = $6212 ; G NIRVANAP_drawT_raw_callee
_NIRVANAP_fillC_callee          = $621B ; G NIRVANAP_fillC_callee
_NIRVANAP_fillT_callee          = $6224 ; G NIRVANAP_fillT_callee
asm_NIRVANAP_fillT_di           = $622D ; G asm_NIRVANAP_fillT_di
_NIRVANAP_paintC_callee         = $6233 ; G NIRVANAP_paintC_callee
_NIRVANAP_spriteT_callee        = $623B ; G NIRVANAP_spriteT_callee
asm_NIRVANAP_spriteT            = $6247 ; G asm_NIRVANAP_spriteT
__code_nirvanap_tail            = $6255 ; G 
__code_setjmp_head              = $6255 ; G 
__code_setjmp_tail              = $6255 ; G 
__code_stdio_head               = $6255 ; G 
__code_stdio_tail               = $6255 ; G 
__code_stdlib_head              = $6255 ; G 
__insertion_sort__callee        = $6255 ; G _insertion_sort__callee
_abs_fastcall                   = $625F ; G abs_fastcall
asm_abs                         = $625F ; G asm_abs
_rand                           = $6265 ; G rand
asm_rand                        = $6265 ; G asm_rand
_srand_fastcall                 = $627F ; G srand_fastcall
asm_srand                       = $627F ; G asm_srand
seed_ok                         = $6284 ; L asm_srand
asm_random_uniform_xor_32       = $628B ; G asm_random_uniform_xor_32
asm_insertion_sort              = $62B3 ; G asm_insertion_sort
asm0_insertion_sort             = $62B7 ; L asm_insertion_sort
array_loop                      = $62BD ; L asm_insertion_sort
begin_loop                      = $62C7 ; L asm_insertion_sort
insert_loop                     = $62CA ; L asm_insertion_sort
insert_exit                     = $62E3 ; L asm_insertion_sort
__sort_parameters               = $62E9 ; G __sort_parameters
__code_stdlib_tail              = $6303 ; G 
__code_string_head              = $6303 ; G 
asm_memset                      = $6303 ; G asm_memset
asm_memswap                     = $6314 ; G asm_memswap
asm0_memswap                    = $6317 ; G asm_memswap
loop                            = $6318 ; L asm_memswap
__code_string_tail              = $6323 ; G 
__code_temp_sp1_head            = $6323 ; G 
__code_temp_sp1_tail            = $6323 ; G 
__code_threads_head             = $6323 ; G 
__code_threads_mutex_head       = $6323 ; G 
__code_threads_mutex_tail       = $6323 ; G 
__code_threads_tail             = $6323 ; G 
__code_z80_head                 = $6323 ; G 
_z80_delay_ms_fastcall          = $6323 ; G z80_delay_ms_fastcall
asm_z80_delay_ms                = $6323 ; G asm_z80_delay_ms
ms_loop                         = $6325 ; L asm_z80_delay_ms
last_ms                         = $6332 ; L asm_z80_delay_ms
asm_z80_delay_tstate            = $6338 ; G asm_z80_delay_tstate
loop                            = $633F ; L asm_z80_delay_tstate
g0                              = $634D ; L asm_z80_delay_tstate
g1                              = $634E ; L asm_z80_delay_tstate
b0                              = $6352 ; L asm_z80_delay_tstate
b1                              = $6357 ; L asm_z80_delay_tstate
__code_compiler_head            = $635A ; G 
__code_lib_head                 = $635A ; G 
__code_lib_tail                 = $635A ; G 
__code_z80_tail                 = $635A ; G 
_main                           = $635A ; G pietro_c
l_main_00107                    = $637F ; L pietro_c
l_main_00108                    = $6381 ; L pietro_c
l_main_00103                    = $63DC ; L pietro_c
l_main_00101                    = $63E6 ; L pietro_c
_test_func                      = $640A ; G pietro_c
l_test_func_00102               = $6423 ; L pietro_c
l_test_func_00104               = $642D ; L pietro_c
l_test_func_00106               = $6437 ; L pietro_c
l_test_func_00108               = $6441 ; L pietro_c
l_test_func_00110               = $6451 ; L pietro_c
l_test_func_00119               = $6456 ; L pietro_c
l_test_func_00120               = $64BE ; L pietro_c
_enemy_coin1                    = $64D4 ; G pietro_enemies_c
l_enemy_coin1_00101             = $6500 ; L pietro_enemies_c
l_enemy_coin1_00107             = $6506 ; L pietro_enemies_c
_enemy_coin2                    = $6507 ; G pietro_enemies_c
_enemy_collition                = $6525 ; G pietro_enemies_c
l_enemy_collition_00113         = $652E ; L pietro_enemies_c
l_enemy_collition_00104         = $65DA ; L pietro_enemies_c
l_enemy_collition_00109         = $662E ; L pietro_enemies_c
l_enemy_collition_00114         = $6644 ; L pietro_enemies_c
_enemy_collition_check          = $6653 ; G pietro_enemies_c
l_enemy_collition_check_00102   = $6665 ; L pietro_enemies_c
l_enemy_collition_check_00104   = $666F ; L pietro_enemies_c
l_enemy_collition_check_00106   = $667C ; L pietro_enemies_c
l_enemy_collition_check_00108   = $6691 ; L pietro_enemies_c
l_enemy_collition_check_00110   = $669A ; L pietro_enemies_c
l_enemy_collition_check_00112   = $66AF ; L pietro_enemies_c
l_enemy_collition_check_00114   = $66C4 ; L pietro_enemies_c
l_enemy_collition_check_00116   = $66CC ; L pietro_enemies_c
l_enemy_collition_check_00118   = $66F6 ; L pietro_enemies_c
l_enemy_collition_check_00120   = $6728 ; L pietro_enemies_c
l_enemy_collition_check_00123   = $6738 ; L pietro_enemies_c
l_enemy_collition_check_00125   = $673A ; L pietro_enemies_c
_enemy_hit                      = $673B ; G pietro_enemies_c
l_enemy_hit_00123               = $67D1 ; L pietro_enemies_c
l_enemy_hit_00101               = $67F2 ; L pietro_enemies_c
l_enemy_hit_00102               = $67FA ; L pietro_enemies_c
l_enemy_hit_00103               = $6802 ; L pietro_enemies_c
l_enemy_hit_00104               = $680A ; L pietro_enemies_c
l_enemy_hit_00105               = $6812 ; L pietro_enemies_c
l_enemy_hit_00106               = $681A ; L pietro_enemies_c
l_enemy_hit_00107               = $6822 ; L pietro_enemies_c
l_enemy_hit_00108               = $682A ; L pietro_enemies_c
l_enemy_hit_00109               = $6836 ; L pietro_enemies_c
l_enemy_hit_00110               = $6848 ; L pietro_enemies_c
l_enemy_hit_00111               = $6854 ; L pietro_enemies_c
l_enemy_hit_00113               = $685E ; L pietro_enemies_c
_enemy_flip_change_dir          = $685F ; G pietro_enemies_c
l_enemy_flip_change_dir_00102   = $688F ; L pietro_enemies_c
l_enemy_flip_change_dir_00103   = $68AC ; L pietro_enemies_c
l_enemy_flip_change_dir_00105   = $68E0 ; L pietro_enemies_c
l_enemy_flip_change_dir_00107   = $6915 ; L pietro_enemies_c
_enemy_flip                     = $694A ; G pietro_enemies_c
l_enemy_flip_00105              = $69E5 ; L pietro_enemies_c
l_enemy_flip_00102              = $6A0A ; L pietro_enemies_c
l_enemy_flip_00103              = $6A1A ; L pietro_enemies_c
l_enemy_flip_00107              = $6A2E ; L pietro_enemies_c
_enemy_flip_sidestepper         = $6A33 ; G pietro_enemies_c
l_enemy_flip_sidestepper_00102  = $6A49 ; L pietro_enemies_c
l_enemy_flip_sidestepper_00104  = $6A9D ; L pietro_enemies_c
_enemy_turn                     = $6A9E ; G pietro_enemies_c
l_enemy_turn_00123              = $6AA3 ; L pietro_enemies_c
l_enemy_turn_00102              = $6B2F ; L pietro_enemies_c
l_enemy_turn_00105              = $6B6A ; L pietro_enemies_c
l_enemy_turn_00107              = $6B6F ; L pietro_enemies_c
l_enemy_turn_00176              = $6B90 ; L pietro_enemies_c
l_enemy_turn_00110              = $6B9C ; L pietro_enemies_c
l_enemy_turn_00111              = $6BA1 ; L pietro_enemies_c
l_enemy_turn_00112              = $6BA6 ; L pietro_enemies_c
l_enemy_turn_00113              = $6BAB ; L pietro_enemies_c
l_enemy_turn_00114              = $6BB0 ; L pietro_enemies_c
l_enemy_turn_00115              = $6BB5 ; L pietro_enemies_c
l_enemy_turn_00116              = $6BBA ; L pietro_enemies_c
l_enemy_turn_00117              = $6BBD ; L pietro_enemies_c
l_enemy_turn_00121              = $6BCF ; L pietro_enemies_c
_enemy_standard                 = $6BDB ; G pietro_enemies_c
l_enemy_standard_00101          = $6C07 ; L pietro_enemies_c
l_enemy_standard_00110          = $6C0E ; L pietro_enemies_c
l_enemy_standard_00111          = $6C53 ; L pietro_enemies_c
_enemy_slipice                  = $6C56 ; G pietro_enemies_c
l_enemy_slipice_00102           = $6CB3 ; L pietro_enemies_c
l_enemy_slipice_00122           = $6D0E ; L pietro_enemies_c
l_enemy_slipice_00116           = $6D31 ; L pietro_enemies_c
l_enemy_slipice_00106           = $6DB8 ; L pietro_enemies_c
l_enemy_slipice_00110           = $6DBD ; L pietro_enemies_c
l_enemy_slipice_00111           = $6DC0 ; L pietro_enemies_c
l_enemy_slipice_00117           = $6DE3 ; L pietro_enemies_c
l_enemy_slipice_00126           = $6DE9 ; L pietro_enemies_c
_enemy_fireball_red             = $6DEA ; G pietro_enemies_c
l_enemy_fireball_red_00116      = $6E32 ; L pietro_enemies_c
l_enemy_fireball_red_00102      = $6E42 ; L pietro_enemies_c
l_enemy_fireball_red_00106      = $6E49 ; L pietro_enemies_c
l_enemy_fireball_red_00107      = $6E5D ; L pietro_enemies_c
l_enemy_fireball_red_00109      = $6E7A ; L pietro_enemies_c
l_enemy_fireball_red_00110      = $6E8B ; L pietro_enemies_c
l_enemy_fireball_red_00111      = $6EBE ; L pietro_enemies_c
l_enemy_fireball_red_00120      = $6EC5 ; L pietro_enemies_c
_enemy_fireball_green           = $6EC6 ; G pietro_enemies_c
l_enemy_fireball_green_00102    = $6F16 ; L pietro_enemies_c
l_enemy_fireball_green_00104    = $6F24 ; L pietro_enemies_c
l_enemy_fireball_green_00105    = $6F2A ; L pietro_enemies_c
l_enemy_fireball_green_00110    = $6F40 ; L pietro_enemies_c
l_enemy_fireball_green_00106    = $6F4B ; L pietro_enemies_c
l_enemy_fireball_green_00113    = $6F6F ; L pietro_enemies_c
_enemy_fighterfly               = $6F70 ; G pietro_enemies_c
l_enemy_fighterfly_00102        = $6F8B ; L pietro_enemies_c
l_enemy_fighterfly_00106        = $6FCE ; L pietro_enemies_c
l_enemy_fighterfly_00109        = $6FFD ; L pietro_enemies_c
l_enemy_fighterfly_00115        = $7005 ; L pietro_enemies_c
l_enemy_fighterfly_00111        = $7020 ; L pietro_enemies_c
l_enemy_fighterfly_00116        = $702E ; L pietro_enemies_c
_enemy_trip                     = $7031 ; G pietro_enemies_c
l_enemy_trip_00104              = $7098 ; L pietro_enemies_c
l_enemy_trip_00108              = $70F3 ; L pietro_enemies_c
l_enemy_trip_00114              = $7138 ; L pietro_enemies_c
_enemy_standard_hit             = $7139 ; G pietro_enemies_c
l_enemy_standard_hit_00102      = $716B ; L pietro_enemies_c
_enemy_evolve                   = $71A4 ; G pietro_enemies_c
l_enemy_evolve_00104            = $71C1 ; L pietro_enemies_c
l_enemy_evolve_00105            = $71D3 ; L pietro_enemies_c
l_enemy_evolve_00109            = $71F1 ; L pietro_enemies_c
l_enemy_evolve_00111            = $7202 ; L pietro_enemies_c
_enemy_upgrade                  = $7203 ; G pietro_enemies_c
_enemy_walk                     = $7235 ; G pietro_enemies_c
l_enemy_walk_00102              = $7267 ; L pietro_enemies_c
l_enemy_walk_00106              = $7284 ; L pietro_enemies_c
l_enemy_walk_00107              = $72A9 ; L pietro_enemies_c
l_enemy_walk_00110              = $72BB ; L pietro_enemies_c
l_enemy_walk_00112              = $72D4 ; L pietro_enemies_c
l_enemy_walk_00114              = $72EC ; L pietro_enemies_c
l_enemy_walk_00115              = $72FB ; L pietro_enemies_c
l_enemy_walk_00212              = $7340 ; L pietro_enemies_c
l_enemy_walk_00133              = $7349 ; L pietro_enemies_c
l_enemy_walk_00121              = $736E ; L pietro_enemies_c
l_enemy_walk_00123              = $73B3 ; L pietro_enemies_c
l_enemy_walk_00125              = $73B6 ; L pietro_enemies_c
l_enemy_walk_00128              = $73ED ; L pietro_enemies_c
l_enemy_walk_00135              = $740E ; L pietro_enemies_c
_enemy_init                     = $740F ; G pietro_enemies_c
l_enemy_init_00102              = $747D ; L pietro_enemies_c
l_enemy_init_00103              = $7481 ; L pietro_enemies_c
_enemy_kill                     = $74D3 ; G pietro_enemies_c
l_enemy_kill_00102              = $7500 ; L pietro_enemies_c
l_enemy_kill_00103              = $7505 ; L pietro_enemies_c
l_enemy_kill_00105              = $751F ; L pietro_enemies_c
l_enemy_kill_00144              = $7533 ; L pietro_enemies_c
l_enemy_kill_00145              = $7534 ; L pietro_enemies_c
l_enemy_kill_00107              = $7581 ; L pietro_enemies_c
l_enemy_kill_00109              = $7585 ; L pietro_enemies_c
l_enemy_kill_00113              = $7593 ; L pietro_enemies_c
l_enemy_kill_00115              = $75A2 ; L pietro_enemies_c
_game_calc_index                = $75A7 ; G pietro_game_c
_game_print_footer              = $75C3 ; G pietro_game_c
l_game_print_footer_00102       = $7615 ; L pietro_game_c
l_game_print_footer_00104       = $763B ; L pietro_game_c
_game_phase_print_score_back    = $7658 ; G pietro_game_c
_game_print_lives               = $768E ; G pietro_game_c
l_game_print_lives_00102        = $76AA ; L pietro_game_c
_game_tick                      = $76C1 ; G pietro_game_c
_game_start_timer               = $76CD ; G pietro_game_c
_game_phase_calc                = $76DD ; G pietro_game_c
l_game_phase_calc_00102         = $7724 ; L pietro_game_c
_game_phase_init                = $7740 ; G pietro_game_c
l_game_phase_init_00104         = $7813 ; L pietro_game_c
l_game_phase_init_00105         = $7828 ; L pietro_game_c
l_game_phase_init_00107         = $7837 ; L pietro_game_c
l_game_phase_init_00109         = $7852 ; L pietro_game_c
l_game_phase_init_00111         = $7865 ; L pietro_game_c
_game_print_header              = $786E ; G pietro_game_c
_game_phase_print               = $7879 ; G pietro_game_c
l_game_phase_print_00102        = $78A6 ; L pietro_game_c
l_game_phase_print_00108        = $78B6 ; L pietro_game_c
l_game_phase_print_00105        = $78CD ; L pietro_game_c
l_game_phase_print_00109        = $78DB ; L pietro_game_c
_game_loop                      = $78EC ; G pietro_game_c
l_game_loop_00102               = $793A ; L pietro_game_c
l_game_loop_00103               = $793C ; L pietro_game_c
l_game_loop_00105               = $796B ; L pietro_game_c
l_game_loop_00106               = $7977 ; L pietro_game_c
l_game_loop_00134               = $799F ; L pietro_game_c
l_game_loop_00111               = $79D1 ; L pietro_game_c
l_game_loop_00113               = $79F5 ; L pietro_game_c
l_game_loop_00137               = $7A06 ; L pietro_game_c
l_game_loop_00138               = $7A46 ; L pietro_game_c
l_game_loop_00120               = $7A50 ; L pietro_game_c
l_game_loop_00123               = $7A6E ; L pietro_game_c
l_game_loop_00125               = $7A7A ; L pietro_game_c
l_game_loop_00127               = $7A8D ; L pietro_game_c
l_game_loop_00133               = $7A90 ; L pietro_game_c
l_game_loop_00136               = $7A9C ; L pietro_game_c
_game_score_osd                 = $7AD8 ; G pietro_game_c
l_game_score_osd_00105          = $7B3B ; L pietro_game_c
l_game_score_osd_00102          = $7B4E ; L pietro_game_c
l_game_score_osd_00117          = $7B5A ; L pietro_game_c
l_game_score_osd_00110          = $7BD7 ; L pietro_game_c
l_game_score_osd_00119          = $7C1C ; L pietro_game_c
_game_bonus_clock               = $7C1D ; G pietro_game_c
l_game_bonus_clock_00106        = $7C4C ; L pietro_game_c
l_game_bonus_clock_00108        = $7C82 ; L pietro_game_c
_game_bonus_summary             = $7C83 ; G pietro_game_c
l_game_bonus_summary_00102      = $7CA0 ; L pietro_game_c
l_game_bonus_summary_00104      = $7CAB ; L pietro_game_c
l_game_bonus_summary_00106      = $7CF1 ; L pietro_game_c
l_game_bonus_summary_00107      = $7D12 ; L pietro_game_c
l_game_bonus_summary_00109      = $7D26 ; L pietro_game_c
l_game_bonus_summary_00112      = $7D37 ; L pietro_game_c
_game_bonus_summary_player      = $7D38 ; G pietro_game_c
l_game_bonus_summary_player_00102 = $7D77 ; L pietro_game_c
l_game_bonus_summary_player_00103 = $7DA5 ; L pietro_game_c
l_game_bonus_summary_player_00107 = $7DCE ; L pietro_game_c
l_game_bonus_summary_player_00105 = $7DEF ; L pietro_game_c
l_game_bonus_summary_player_00106 = $7DF5 ; L pietro_game_c
l_game_bonus_summary_player_00109 = $7E2A ; L pietro_game_c
_game_kill_all_sprites          = $7E3C ; G pietro_game_c
l_game_kill_all_sprites_00102   = $7E41 ; L pietro_game_c
_game_check_maze                = $7E52 ; G pietro_game_c
l_game_check_maze_00103         = $7E67 ; L pietro_game_c
l_game_check_maze_00104         = $7E6B ; L pietro_game_c
l_game_check_maze_00105         = $7E6D ; L pietro_game_c
_game_enemy_add                 = $7E6E ; G pietro_game_c
l_game_enemy_add_00106          = $7E7A ; L pietro_game_c
l_game_enemy_add_00107          = $7E9B ; L pietro_game_c
_game_enemy_quota               = $7E9E ; G pietro_game_c
l_game_enemy_quota_00101        = $7EB3 ; L pietro_game_c
l_game_enemy_quota_00102        = $7EB8 ; L pietro_game_c
l_game_enemy_quota_00105        = $7EDF ; L pietro_game_c
l_game_enemy_quota_00107        = $7EF6 ; L pietro_game_c
l_game_enemy_quota_00111        = $7F0A ; L pietro_game_c
l_game_enemy_quota_00114        = $7F1A ; L pietro_game_c
l_game_enemy_quota_00184        = $7F33 ; L pietro_game_c
l_game_enemy_quota_00185        = $7F3E ; L pietro_game_c
l_game_enemy_quota_00115        = $7F46 ; L pietro_game_c
l_game_enemy_quota_00118        = $7F55 ; L pietro_game_c
l_game_enemy_quota_00121        = $7F6D ; L pietro_game_c
l_game_enemy_quota_00124        = $7F85 ; L pietro_game_c
l_game_enemy_quota_00127        = $7F9B ; L pietro_game_c
l_game_enemy_quota_00128        = $7F9D ; L pietro_game_c
_game_enemy_rnd                 = $7F9E ; G pietro_game_c
l_game_enemy_rnd_00102          = $7FCB ; L pietro_game_c
_game_enemy_add1                = $7FCE ; G pietro_game_c
l_game_enemy_add1_00197         = $7FE4 ; L pietro_game_c
l_game_enemy_add1_00198         = $7FE5 ; L pietro_game_c
l_game_enemy_add1_00107         = $7FF4 ; L pietro_game_c
l_game_enemy_add1_00201         = $7FFD ; L pietro_game_c
l_game_enemy_add1_00202         = $7FFE ; L pietro_game_c
TAR__crt_org_code               = $8000 ; L zx_crt
l_game_enemy_add1_00109         = $800F ; L pietro_game_c
l_game_enemy_add1_00101         = $801F ; L pietro_game_c
l_game_enemy_add1_00102         = $8024 ; L pietro_game_c
l_game_enemy_add1_00111         = $8059 ; L pietro_game_c
l_game_enemy_add1_00115         = $8060 ; L pietro_game_c
l_game_enemy_add1_00113         = $8075 ; L pietro_game_c
l_game_enemy_add1_00116         = $807A ; L pietro_game_c
l_game_enemy_add1_00210         = $8083 ; L pietro_game_c
l_game_enemy_add1_00211         = $8084 ; L pietro_game_c
l_game_enemy_add1_00118         = $808E ; L pietro_game_c
l_game_enemy_add1_00125         = $809C ; L pietro_game_c
l_game_enemy_add1_00120         = $80B4 ; L pietro_game_c
l_game_enemy_add1_00122         = $80BF ; L pietro_game_c
l_game_enemy_add1_00124         = $80CB ; L pietro_game_c
l_game_enemy_add1_00126         = $80D1 ; L pietro_game_c
l_game_enemy_add1_00129         = $80E7 ; L pietro_game_c
l_game_enemy_add1_00132         = $80ED ; L pietro_game_c
l_game_enemy_add1_00133         = $8114 ; L pietro_game_c
_game_enemy_add_get_index       = $8118 ; G pietro_game_c
l_game_enemy_add_get_index_00104 = $811E ; L pietro_game_c
l_game_enemy_add_get_index_00105 = $8131 ; L pietro_game_c
l_game_enemy_add_get_index_00106 = $813C ; L pietro_game_c
_game_freeze                    = $813D ; G pietro_game_c
l_game_freeze_00102             = $8192 ; L pietro_game_c
l_game_freeze_00107             = $81A6 ; L pietro_game_c
_game_unfreeze_all              = $81A9 ; G pietro_game_c
l_game_unfreeze_all_00104       = $81AF ; L pietro_game_c
l_game_unfreeze_all_00105       = $81BD ; L pietro_game_c
l_game_unfreeze_all_00118       = $81C5 ; L pietro_game_c
_game_freeze_all                = $81D2 ; G pietro_game_c
l_game_freeze_all_00104         = $81D8 ; L pietro_game_c
l_game_freeze_all_00105         = $81E6 ; L pietro_game_c
l_game_freeze_all_00118         = $81EE ; L pietro_game_c
_game_print_score               = $81FB ; G pietro_game_c
_game_paint_attrib              = $822C ; G pietro_game_c
l_game_paint_attrib_00103       = $8230 ; L pietro_game_c
_game_paint_attrib_lin          = $8250 ; G pietro_game_c
l_game_paint_attrib_lin_00103   = $8259 ; L pietro_game_c
l_game_paint_attrib_lin_00105   = $8274 ; L pietro_game_c
_game_paint_attrib_lin_h        = $8277 ; G pietro_game_c
l_game_paint_attrib_lin_h_00103 = $8280 ; L pietro_game_c
l_game_paint_attrib_lin_h_00105 = $829B ; L pietro_game_c
_game_menu_config               = $829E ; G pietro_game_c
l_game_menu_config_00116        = $82AC ; L pietro_game_c
l_game_menu_config_00101        = $82B3 ; L pietro_game_c
l_game_menu_config_00121        = $82D2 ; L pietro_game_c
l_game_menu_config_00122        = $82DA ; L pietro_game_c
l_game_menu_config_00123        = $8320 ; L pietro_game_c
l_game_menu_config_00124        = $8323 ; L pietro_game_c
l_game_menu_config_00164        = $833C ; L pietro_game_c
l_game_menu_config_00104        = $8342 ; L pietro_game_c
l_game_menu_config_00105        = $834F ; L pietro_game_c
l_game_menu_config_00106        = $835C ; L pietro_game_c
l_game_menu_config_00107        = $8367 ; L pietro_game_c
l_game_menu_config_00165        = $83BE ; L pietro_game_c
l_game_menu_config_00108        = $83C8 ; L pietro_game_c
l_game_menu_config_00125        = $83D2 ; L pietro_game_c
l_game_menu_config_00126        = $83D4 ; L pietro_game_c
l_game_menu_config_00109        = $83DC ; L pietro_game_c
l_game_menu_config_00112        = $83EB ; L pietro_game_c
l_game_menu_config_00113        = $83F5 ; L pietro_game_c
l_game_menu_config_00114        = $8400 ; L pietro_game_c
l_game_menu_config_00119        = $840F ; L pietro_game_c
_game_joystick_change           = $8414 ; G pietro_game_c
l_game_joystick_change_00102    = $843D ; L pietro_game_c
l_game_joystick_change_00104    = $8458 ; L pietro_game_c
l_game_joystick_change_00107    = $846F ; L pietro_game_c
l_game_joystick_change_00110    = $848D ; L pietro_game_c
l_game_joystick_change_00114    = $8493 ; L pietro_game_c
_game_joystick_set_menu         = $8496 ; G pietro_game_c
_game_joystick_set              = $84A3 ; G pietro_game_c
_game_menu                      = $84C0 ; G pietro_game_c
l_game_menu_00101               = $84CF ; L pietro_game_c
l_game_menu_00125               = $8503 ; L pietro_game_c
l_game_menu_00104               = $8509 ; L pietro_game_c
l_game_menu_00105               = $8513 ; L pietro_game_c
l_game_menu_00106               = $851D ; L pietro_game_c
_game_menu_top_paint            = $8522 ; G pietro_game_c
l_game_menu_top_paint_00102     = $8558 ; L pietro_game_c
_game_menu_paint                = $8596 ; G pietro_game_c
_game_menu_e                    = $8611 ; G pietro_game_c
l_game_menu_e_00114             = $8625 ; L pietro_game_c
l_game_menu_e_00102             = $8647 ; L pietro_game_c
l_game_menu_e_00104             = $8663 ; L pietro_game_c
l_game_menu_e_00108             = $867D ; L pietro_game_c
l_game_menu_e_00109             = $8684 ; L pietro_game_c
l_game_menu_e_00111             = $8694 ; L pietro_game_c
l_game_menu_e_00112             = $869C ; L pietro_game_c
_game_menu_handle               = $86C4 ; G pietro_game_c
l_game_menu_handle_00148        = $86DA ; L pietro_game_c
l_game_menu_handle_00149        = $86DE ; L pietro_game_c
l_game_menu_handle_00111        = $86ED ; L pietro_game_c
l_game_menu_handle_00104        = $874A ; L pietro_game_c
l_game_menu_handle_00106        = $876A ; L pietro_game_c
l_game_menu_handle_00113        = $879C ; L pietro_game_c
_game_end                       = $87B0 ; G pietro_game_c
l_game_end_00129                = $87C6 ; L pietro_game_c
l_game_end_00131                = $87DF ; L pietro_game_c
l_game_end_00133                = $87F8 ; L pietro_game_c
l_game_end_00105                = $8855 ; L pietro_game_c
l_game_end_00109                = $8861 ; L pietro_game_c
l_game_end_00110                = $8865 ; L pietro_game_c
l_game_end_00221                = $886F ; L pietro_game_c
l_game_end_00222                = $8870 ; L pietro_game_c
l_game_end_00112                = $8892 ; L pietro_game_c
l_game_end_00223                = $889C ; L pietro_game_c
l_game_end_00224                = $889D ; L pietro_game_c
l_game_end_00115                = $88C2 ; L pietro_game_c
l_game_end_00118                = $88EF ; L pietro_game_c
l_game_end_00121                = $8939 ; L pietro_game_c
l_game_end_00124                = $8971 ; L pietro_game_c
l_game_end_00127                = $89CA ; L pietro_game_c
_game_hall_check                = $8A1C ; G pietro_game_c
l_game_hall_check_00104         = $8A39 ; L pietro_game_c
l_game_hall_check_00105         = $8A4A ; L pietro_game_c
l_game_hall_check_00106         = $8A4D ; L pietro_game_c
_compare_scores                 = $8A4E ; G pietro_game_c
_game_hall_enter                = $8A74 ; G pietro_game_c
l_game_hall_enter_00102         = $8A9F ; L pietro_game_c
l_game_hall_enter_00103         = $8AAD ; L pietro_game_c
l_game_hall_enter_00125         = $8AB6 ; L pietro_game_c
l_game_hall_enter_00105         = $8AD9 ; L pietro_game_c
l_game_hall_enter_00107         = $8AEA ; L pietro_game_c
l_game_hall_enter_00122         = $8B1B ; L pietro_game_c
l_game_hall_enter_00109         = $8B52 ; L pietro_game_c
l_game_hall_enter_00111         = $8B63 ; L pietro_game_c
l_game_hall_enter_00113         = $8B6C ; L pietro_game_c
l_game_hall_enter_00190         = $8B9E ; L pietro_game_c
l_game_hall_enter_00115         = $8BA3 ; L pietro_game_c
l_game_hall_enter_00191         = $8BDB ; L pietro_game_c
l_game_hall_enter_00119         = $8BE0 ; L pietro_game_c
l_game_hall_enter_00124         = $8BE9 ; L pietro_game_c
l_game_hall_enter_00126         = $8C01 ; L pietro_game_c
_game_menu_back                 = $8C0E ; G pietro_game_c
_game_hall_enter_phs            = $8C24 ; G pietro_game_c
l_game_hall_enter_phs_00102     = $8C62 ; L pietro_game_c
l_game_hall_enter_phs_00104     = $8C9A ; L pietro_game_c
_game_hall_print_p              = $8C9B ; G pietro_game_c
l_game_hall_print_p_00102       = $8CE6 ; L pietro_game_c
l_game_hall_print_p_00108       = $8CFE ; L pietro_game_c
l_game_hall_print_p_00105       = $8D40 ; L pietro_game_c
l_game_hall_print_p_00110       = $8D56 ; L pietro_game_c
_game_hall_edit_p               = $8D59 ; G pietro_game_c
l_game_hall_edit_p_00102        = $8D81 ; L pietro_game_c
l_game_hall_edit_p_00103        = $8D97 ; L pietro_game_c
l_game_hall_edit_p_00107        = $8DBE ; L pietro_game_c
l_game_hall_edit_p_00120        = $8DC8 ; L pietro_game_c
l_game_hall_edit_p_00168        = $8DE2 ; L pietro_game_c
l_game_hall_edit_p_00167        = $8DEC ; L pietro_game_c
l_game_hall_edit_p_00115        = $8DFD ; L pietro_game_c
l_game_hall_edit_p_00116        = $8E05 ; L pietro_game_c
l_game_hall_edit_p_00121        = $8E09 ; L pietro_game_c
l_game_hall_edit_p_00122        = $8E0B ; L pietro_game_c
_game_hall_of_fame              = $8E0F ; G pietro_game_c
l_game_hall_of_fame_00102       = $8E3F ; L pietro_game_c
_game_rotate_attrib             = $8EE0 ; G pietro_game_c
_game_colour_message            = $8EFC ; G pietro_game_c
l_game_colour_message_00107     = $8F1E ; L pietro_game_c
l_game_colour_message_00103     = $8F63 ; L pietro_game_c
l_game_colour_message_00110     = $8F8A ; L pietro_game_c
_game_check_time                = $8F8E ; G pietro_game_c
l_game_check_time_00102         = $8FAC ; L pietro_game_c
l_game_check_time_00104         = $8FAE ; L pietro_game_c
_player_init                    = $8FB1 ; G pietro_player_c
l_player_init_00102             = $9061 ; L pietro_player_c
l_player_init_00103             = $906A ; L pietro_player_c
_player_calc_slide              = $90A4 ; G pietro_player_c
l_player_calc_slide_00102       = $90D3 ; L pietro_player_c
l_player_calc_slide_00104       = $90E1 ; L pietro_player_c
_player_check_input             = $90E4 ; G pietro_player_c
l_player_check_input_00104      = $90FF ; L pietro_player_c
l_player_check_input_00105      = $9101 ; L pietro_player_c
_player_collition               = $9102 ; G pietro_player_c
l_player_collition_00102        = $9115 ; L pietro_player_c
l_player_collition_00104        = $9129 ; L pietro_player_c
l_player_collition_00106        = $9131 ; L pietro_player_c
l_player_collition_00119        = $913B ; L pietro_player_c
l_player_collition_00114        = $915A ; L pietro_player_c
l_player_collition_00109        = $916E ; L pietro_player_c
l_player_collition_00110        = $917A ; L pietro_player_c
l_player_collition_00120        = $9180 ; L pietro_player_c
l_player_collition_00121        = $918F ; L pietro_player_c
_player_collition_check         = $9190 ; G pietro_player_c
l_player_collition_check_00102  = $91A7 ; L pietro_player_c
l_player_collition_check_00104  = $91BC ; L pietro_player_c
l_player_collition_check_00109  = $91FB ; L pietro_player_c
l_player_collition_check_00110  = $920C ; L pietro_player_c
l_player_collition_check_00111  = $921D ; L pietro_player_c
l_player_collition_check_00114  = $9273 ; L pietro_player_c
l_player_collition_check_00116  = $9292 ; L pietro_player_c
l_player_collition_check_00118  = $92A7 ; L pietro_player_c
l_player_collition_check_00120  = $92C4 ; L pietro_player_c
l_player_collition_check_00122  = $92D7 ; L pietro_player_c
l_player_collition_check_00124  = $92FF ; L pietro_player_c
l_player_collition_check_00125  = $9301 ; L pietro_player_c
_player_kill                    = $9305 ; G pietro_player_c
l_player_kill_00102             = $9351 ; L pietro_player_c
l_player_kill_00103             = $9362 ; L pietro_player_c
l_player_kill_00105             = $93CA ; L pietro_player_c
l_player_kill_00109             = $93E6 ; L pietro_player_c
_player_restart                 = $93E7 ; G pietro_player_c
l_player_restart_00102          = $9412 ; L pietro_player_c
l_player_restart_00103          = $942B ; L pietro_player_c
_player_lost_life               = $945C ; G pietro_player_c
l_player_lost_life_00102        = $948A ; L pietro_player_c
l_player_lost_life_00105        = $948E ; L pietro_player_c
l_player_lost_life_00106        = $9496 ; L pietro_player_c
_player_turn                    = $9497 ; G pietro_player_c
l_player_turn_00102             = $94E3 ; L pietro_player_c
l_player_turn_00103             = $94F2 ; L pietro_player_c
l_player_turn_00110             = $94F8 ; L pietro_player_c
_player_move                    = $94F9 ; G pietro_player_c
l_player_move_00102             = $957C ; L pietro_player_c
l_player_move_00104             = $9581 ; L pietro_player_c
l_player_move_00108             = $95A4 ; L pietro_player_c
l_player_move_00109             = $95F0 ; L pietro_player_c
l_player_move_00111             = $9622 ; L pietro_player_c
l_player_move_00113             = $9633 ; L pietro_player_c
l_player_move_00115             = $96B9 ; L pietro_player_c
l_player_move_00117             = $96BE ; L pietro_player_c
l_player_move_00119             = $96E5 ; L pietro_player_c
l_player_move_00122             = $96EA ; L pietro_player_c
l_player_move_00126             = $9752 ; L pietro_player_c
l_player_move_00130             = $9790 ; L pietro_player_c
l_player_move_00133             = $97DC ; L pietro_player_c
l_player_move_00135             = $9812 ; L pietro_player_c
l_player_move_00139             = $9840 ; L pietro_player_c
l_player_move_00141             = $98C6 ; L pietro_player_c
l_player_move_00148             = $98ED ; L pietro_player_c
l_player_move_00149             = $98F0 ; L pietro_player_c
l_player_move_00152             = $9925 ; L pietro_player_c
l_player_move_00153             = $9939 ; L pietro_player_c
_player_move_input              = $993E ; G pietro_player_c
l_player_move_input_00102       = $998C ; L pietro_player_c
l_player_move_input_00105       = $99B7 ; L pietro_player_c
l_player_move_input_00107       = $99E2 ; L pietro_player_c
l_player_move_input_00109       = $9A27 ; L pietro_player_c
l_player_move_input_00111       = $9A49 ; L pietro_player_c
l_player_move_input_00112       = $9A57 ; L pietro_player_c
l_player_move_input_00114       = $9AD4 ; L pietro_player_c
l_player_move_input_00116       = $9AE7 ; L pietro_player_c
l_player_move_input_00119       = $9B15 ; L pietro_player_c
l_player_move_input_00121       = $9B19 ; L pietro_player_c
l_player_move_input_00123       = $9B1C ; L pietro_player_c
l_player_move_input_00126       = $9B20 ; L pietro_player_c
l_player_move_input_00127       = $9B22 ; L pietro_player_c
_player_move_horizontal         = $9B23 ; G pietro_player_c
l_player_move_horizontal_00102  = $9B2F ; L pietro_player_c
l_player_move_horizontal_00104  = $9B32 ; L pietro_player_c
_player_push_check              = $9B33 ; G pietro_player_c
l_player_push_check_00102       = $9B44 ; L pietro_player_c
l_player_push_check_00104       = $9B58 ; L pietro_player_c
l_player_push_check_00106       = $9B87 ; L pietro_player_c
l_player_push_check_00109       = $9BA2 ; L pietro_player_c
l_player_push_check_00111       = $9BA4 ; L pietro_player_c
_player_push                    = $9BA5 ; G pietro_player_c
l_player_push_00102             = $9C09 ; L pietro_player_c
l_player_push_00103             = $9C0C ; L pietro_player_c
_player_hit_brick               = $9C28 ; G pietro_player_c
l_player_hit_brick_00114        = $9C50 ; L pietro_player_c
l_player_hit_brick_00166        = $9CB3 ; L pietro_player_c
l_player_hit_brick_00115        = $9CBC ; L pietro_player_c
l_player_hit_brick_00169        = $9D1E ; L pietro_player_c
l_player_hit_brick_00108        = $9DA8 ; L pietro_player_c
l_player_hit_brick_00112        = $9E0B ; L pietro_player_c
l_player_hit_brick_00116        = $9E0D ; L pietro_player_c
_player_hit_brick_clear         = $9E0E ; G pietro_player_c
_player_hit_pow                 = $9E58 ; G pietro_player_c
l_player_hit_pow_00106          = $9E78 ; L pietro_player_c
l_player_hit_pow_00110          = $9E87 ; L pietro_player_c
l_player_hit_pow_00111          = $9EAB ; L pietro_player_c
l_player_hit_pow_00105          = $9EDA ; L pietro_player_c
l_player_hit_pow_00107          = $9F00 ; L pietro_player_c
l_player_hit_pow_00112          = $9F02 ; L pietro_player_c
_player_coin                    = $9F03 ; G pietro_player_c
l_player_coin_00102             = $9F2C ; L pietro_player_c
l_player_coin_00103             = $9F43 ; L pietro_player_c
l_player_coin_00107             = $9F84 ; L pietro_player_c
l_player_coin_00109             = $9F8C ; L pietro_player_c
_player_score_add               = $9F8F ; G pietro_player_c
l_player_score_add_00102        = $9FC5 ; L pietro_player_c
l_player_score_add_00104        = $9FF3 ; L pietro_player_c
l_player_score_add_00106        = $A004 ; L pietro_player_c
_player_set1                    = $A007 ; G pietro_player_c
_player_set2                    = $A021 ; G pietro_player_c
_spr_chktime                    = $A03B ; G pietro_sprite_c
l_spr_chktime_00102             = $A066 ; L pietro_sprite_c
l_spr_chktime_00103             = $A069 ; L pietro_sprite_c
l_spr_chktime_00105             = $A099 ; L pietro_sprite_c
l_spr_chktime_00106             = $A09B ; L pietro_sprite_c
_spr_move_up                    = $A09F ; G pietro_sprite_c
l_spr_move_up_00140             = $A0B2 ; L pietro_sprite_c
l_spr_move_up_00141             = $A0B4 ; L pietro_sprite_c
l_spr_move_up_00108             = $A0CF ; L pietro_sprite_c
l_spr_move_up_00104             = $A10D ; L pietro_sprite_c
l_spr_move_up_00109             = $A111 ; L pietro_sprite_c
l_spr_move_up_00111             = $A135 ; L pietro_sprite_c
l_spr_move_up_00112             = $A14A ; L pietro_sprite_c
l_spr_move_up_00114             = $A14C ; L pietro_sprite_c
_spr_move_down                  = $A14D ; G pietro_sprite_c
l_spr_move_down_00121           = $A160 ; L pietro_sprite_c
l_spr_move_down_00122           = $A162 ; L pietro_sprite_c
l_spr_move_down_00102           = $A1D4 ; L pietro_sprite_c
l_spr_move_down_00104           = $A1D8 ; L pietro_sprite_c
l_spr_move_down_00106           = $A1FA ; L pietro_sprite_c
l_spr_move_down_00107           = $A1FC ; L pietro_sprite_c
_spr_move_horizontal            = $A1FD ; G pietro_sprite_c
l_spr_move_horizontal_00104     = $A212 ; L pietro_sprite_c
l_spr_move_horizontal_00106     = $A218 ; L pietro_sprite_c
_spr_move_right                 = $A219 ; G pietro_sprite_c
l_spr_move_right_00104          = $A254 ; L pietro_sprite_c
_spr_move_left                  = $A257 ; G pietro_sprite_c
l_spr_move_left_00104           = $A292 ; L pietro_sprite_c
_spr_redraw                     = $A295 ; G pietro_sprite_c
l_spr_redraw_00111              = $A2CF ; L pietro_sprite_c
l_spr_redraw_00102              = $A2E3 ; L pietro_sprite_c
l_spr_redraw_00104              = $A325 ; L pietro_sprite_c
l_spr_redraw_00106              = $A332 ; L pietro_sprite_c
l_spr_redraw_00112              = $A337 ; L pietro_sprite_c
l_spr_redraw_00113              = $A34D ; L pietro_sprite_c
l_spr_redraw_00115              = $A34F ; L pietro_sprite_c
_spr_killed                     = $A350 ; G pietro_sprite_c
l_spr_killed_00101              = $A370 ; L pietro_sprite_c
l_spr_killed_00102              = $A37D ; L pietro_sprite_c
l_spr_killed_00103              = $A38A ; L pietro_sprite_c
l_spr_killed_00104              = $A397 ; L pietro_sprite_c
l_spr_killed_00105              = $A3AC ; L pietro_sprite_c
l_spr_killed_00106              = $A3C1 ; L pietro_sprite_c
l_spr_killed_00107              = $A3C5 ; L pietro_sprite_c
_spr_anim_fall                  = $A3C8 ; G pietro_sprite_c
l_spr_anim_fall_00114           = $A416 ; L pietro_sprite_c
l_spr_anim_fall_00102           = $A451 ; L pietro_sprite_c
l_spr_anim_fall_00107           = $A48F ; L pietro_sprite_c
l_spr_anim_fall_00108           = $A49E ; L pietro_sprite_c
l_spr_anim_fall_00110           = $A4A9 ; L pietro_sprite_c
l_spr_anim_fall_00116           = $A4B3 ; L pietro_sprite_c
_spr_anim_kill                  = $A4B7 ; G pietro_sprite_c
l_spr_anim_kill_00102           = $A4F2 ; L pietro_sprite_c
l_spr_anim_kill_00104           = $A4FF ; L pietro_sprite_c
l_spr_anim_kill_00106           = $A536 ; L pietro_sprite_c
l_spr_anim_kill_00108           = $A53C ; L pietro_sprite_c
_spr_check_over                 = $A540 ; G pietro_sprite_c
l_spr_check_over_00102          = $A563 ; L pietro_sprite_c
l_spr_check_over_00112          = $A56E ; L pietro_sprite_c
l_spr_check_over_00106          = $A581 ; L pietro_sprite_c
l_spr_check_over_00113          = $A58C ; L pietro_sprite_c
l_spr_check_over_00114          = $A58E ; L pietro_sprite_c
_spr_destroy                    = $A58F ; G pietro_sprite_c
l_spr_destroy_00103             = $A5FE ; L pietro_sprite_c
_spr_set_fall                   = $A602 ; G pietro_sprite_c
l_spr_set_fall_00104            = $A61F ; L pietro_sprite_c
l_spr_set_fall_00106            = $A63B ; L pietro_sprite_c
_spr_tile                       = $A63C ; G pietro_sprite_c
l_spr_tile_00102                = $A64E ; L pietro_sprite_c
l_spr_tile_00103                = $A653 ; L pietro_sprite_c
l_spr_tile_00105                = $A663 ; L pietro_sprite_c
l_spr_tile_00139                = $A689 ; L pietro_sprite_c
l_spr_tile_00106                = $A6AD ; L pietro_sprite_c
l_spr_tile_00107                = $A6BD ; L pietro_sprite_c
l_spr_tile_00108                = $A6CD ; L pietro_sprite_c
l_spr_tile_00109                = $A6DD ; L pietro_sprite_c
l_spr_tile_00110                = $A6E3 ; L pietro_sprite_c
l_spr_tile_00111                = $A6E9 ; L pietro_sprite_c
l_spr_tile_00112                = $A6EF ; L pietro_sprite_c
l_spr_tile_00113                = $A6F4 ; L pietro_sprite_c
l_spr_tile_00114                = $A6F9 ; L pietro_sprite_c
l_spr_tile_00115                = $A6FE ; L pietro_sprite_c
l_spr_tile_00116                = $A703 ; L pietro_sprite_c
l_spr_tile_00117                = $A708 ; L pietro_sprite_c
l_spr_tile_00118                = $A70D ; L pietro_sprite_c
l_spr_tile_00119                = $A710 ; L pietro_sprite_c
_spr_tile_dir                   = $A711 ; G pietro_sprite_c
l_spr_tile_dir_00102            = $A731 ; L pietro_sprite_c
l_spr_tile_dir_00104            = $A74E ; L pietro_sprite_c
l_spr_tile_dir_00106            = $A75A ; L pietro_sprite_c
l_spr_tile_dir_00108            = $A76E ; L pietro_sprite_c
l_spr_tile_dir_00110            = $A77A ; L pietro_sprite_c
l_spr_tile_dir_00112            = $A781 ; L pietro_sprite_c
l_spr_tile_dir_00113            = $A784 ; L pietro_sprite_c
_spr_draw_back                  = $A787 ; G pietro_sprite_c
l_spr_draw_back_00107           = $A796 ; L pietro_sprite_c
l_spr_draw_back_00105           = $A79B ; L pietro_sprite_c
l_spr_draw_back_00106           = $A7C3 ; L pietro_sprite_c
_spr_draw_clear                 = $A81A ; G pietro_sprite_c
l_spr_draw_clear_00105          = $A826 ; L pietro_sprite_c
l_spr_draw_clear_00103          = $A82B ; L pietro_sprite_c
_spr_draw_pow                   = $A853 ; G pietro_sprite_c
l_spr_draw_pow_00102            = $A862 ; L pietro_sprite_c
l_spr_draw_pow_00104            = $A86E ; L pietro_sprite_c
l_spr_draw_pow_00106            = $A879 ; L pietro_sprite_c
l_spr_draw_pow_00109            = $A890 ; L pietro_sprite_c
_spr_back_clr                   = $A891 ; G pietro_sprite_c
_spr_back_fix                   = $A8D3 ; G pietro_sprite_c
l_spr_back_fix_00118            = $A900 ; L pietro_sprite_c
l_spr_back_fix_00119            = $A902 ; L pietro_sprite_c
l_spr_back_fix_00121            = $A91E ; L pietro_sprite_c
l_spr_back_fix_00122            = $A920 ; L pietro_sprite_c
l_spr_back_fix_00107            = $A934 ; L pietro_sprite_c
l_spr_back_fix_00102            = $A98C ; L pietro_sprite_c
l_spr_back_fix_00105            = $A9A4 ; L pietro_sprite_c
l_spr_back_fix_00108            = $A9B4 ; L pietro_sprite_c
l_spr_back_fix_00115            = $A9D1 ; L pietro_sprite_c
_spr_back_fix1                  = $A9D5 ; G pietro_sprite_c
_spr_back_fix2                  = $AA16 ; G pietro_sprite_c
_spr_back_fix3                  = $AA57 ; G pietro_sprite_c
_spr_back_fix4                  = $AA99 ; G pietro_sprite_c
_spr_brick_anim                 = $AADB ; G pietro_sprite_c
l_spr_brick_anim_00101          = $AAFF ; L pietro_sprite_c
l_spr_brick_anim_00102          = $AB05 ; L pietro_sprite_c
l_spr_brick_anim_00104          = $AB11 ; L pietro_sprite_c
l_spr_brick_anim_00105          = $AB16 ; L pietro_sprite_c
l_spr_brick_anim_00108          = $AB2D ; L pietro_sprite_c
l_spr_brick_anim_00109          = $AB3C ; L pietro_sprite_c
l_spr_brick_anim_00111          = $AB5A ; L pietro_sprite_c
l_spr_brick_anim_00114          = $AB74 ; L pietro_sprite_c
l_spr_brick_anim_00117          = $AB97 ; L pietro_sprite_c
l_spr_brick_anim_00120          = $ABC1 ; L pietro_sprite_c
_spr_cortina_brick              = $ABC5 ; G pietro_sprite_c
l_spr_cortina_brick_00101       = $ABD9 ; L pietro_sprite_c
l_spr_cortina_brick_00103       = $AC01 ; L pietro_sprite_c
_spr_cortina_pipes              = $AC0D ; G pietro_sprite_c
_spr_water_splash_draw          = $AC14 ; G pietro_sprite_c
_spr_water_splash_clear         = $AC57 ; G pietro_sprite_c
__code_compiler_tail            = $ACA3 ; G 
__code_user_head                = $ACA3 ; G 
_ay_reset                       = $ACA3 ; G pietro_ay
_ay_is_playing                  = $ACA9 ; G pietro_ay
answer_known                    = $ACC6 ; L pietro_ay
_ay_midi_play                   = $ACCB ; G pietro_ay
midi_play                       = $ACD3 ; L pietro_ay
midi_disable                    = $ACE9 ; L pietro_ay
_ay_fx_play                     = $ACF4 ; G pietro_ay
ay_play                         = $ACFC ; L pietro_ay
ay_disable                      = $AD0E ; L pietro_ay
_game_fill_row                  = $AD19 ; G pietro_game
game_fill_row                   = $AD20 ; L pietro_game
gf_ploop                        = $AD2D ; L pietro_game
_sound_nirvana_halt             = $AD58 ; L pietro_sound
_sound_slide                    = $AD5E ; G pietro_sound
_sound_jump                     = $AD76 ; G pietro_sound
_sound_coin                     = $ADA0 ; G pietro_sound
_sound_enter_enemy              = $ADC1 ; G pietro_sound
_sound_kill                     = $ADD0 ; G pietro_sound
_sound_hit_enemy                = $ADE8 ; G pietro_sound
_sound_hit_brick                = $AE12 ; G pietro_sound
_sound_hit_pow                  = $AE2A ; G pietro_sound
_zx_print_str                   = $AE4B ; G pietro_zx
zx_print_str                    = $AE52 ; L pietro_zx
zps_sloop                       = $AE56 ; L pietro_zx
zps_cloop                       = $AE67 ; L pietro_zx
_zx_print_int                   = $AE81 ; G pietro_zx
zx_print_int                    = $AE88 ; L pietro_zx
_zx_print_chr                   = $AE9D ; G pietro_zx
zx_print_chr                    = $AEA5 ; L pietro_zx
_zx_print_bonus_time            = $AEB6 ; G pietro_zx
zx_print_bonus_time             = $AEBD ; L pietro_zx
__code_user_tail                = $AEDA ; G 
__rodata_clib_head              = $AEDA ; G 
__rodata_clib_tail              = $AEDA ; G 
__rodata_driver_head            = $AEDA ; G 
__rodata_driver_tail            = $AEDA ; G 
__rodata_error_string_end_head  = $AEDA ; G 
__rodata_error_strings_head     = $AEDA ; G 
__rodata_error_strings_tail     = $AEDA ; G 
__rodata_font_head              = $AEDA ; G 
__rodata_font_tail              = $AEDA ; G 
__rodata_compiler_head          = $AEDB ; G 
__rodata_error_string_end_tail  = $AEDB ; G 
__rodata_fcntl_head             = $AEDB ; G 
__rodata_fcntl_tail             = $AEDB ; G 
__rodata_font_4x8_head          = $AEDB ; G 
__rodata_font_4x8_tail          = $AEDB ; G 
__rodata_font_8x8_head          = $AEDB ; G 
__rodata_font_8x8_tail          = $AEDB ; G 
__rodata_font_fzx_head          = $AEDB ; G 
__rodata_font_fzx_tail          = $AEDB ; G 
__rodata_input_head             = $AEDB ; G 
__rodata_input_tail             = $AEDB ; G 
__rodata_lib_head               = $AEDB ; G 
__rodata_lib_tail               = $AEDB ; G 
__rodata_sound_bit_head         = $AEDB ; G 
__rodata_sound_bit_tail         = $AEDB ; G 
__rodata_stdio_head             = $AEDB ; G 
__rodata_stdio_tail             = $AEDB ; G 
__rodata_stdlib_head            = $AEDB ; G 
__rodata_stdlib_tail            = $AEDB ; G 
_control_method                 = $AEDB ; G globals_c
_hall_valids                    = $AEE9 ; G globals_c
___str_0                        = $AF13 ; L globals_c
___str_1                        = $AF17 ; L globals_c
___str_2                        = $AF1B ; L globals_c
___str_3                        = $AF1F ; L globals_c
___str_4                        = $AF23 ; L globals_c
___str_5                        = $AF27 ; L globals_c
___str_6                        = $AF2B ; L globals_c
___str_0                        = $AF2F ; L pietro_game_c
___str_1                        = $AF31 ; L pietro_game_c
___str_2                        = $AF37 ; L pietro_game_c
___str_3                        = $AF39 ; L pietro_game_c
___str_4                        = $AF3B ; L pietro_game_c
___str_5                        = $AF3D ; L pietro_game_c
___str_6                        = $AF3F ; L pietro_game_c
___str_7                        = $AF45 ; L pietro_game_c
___str_8                        = $AF49 ; L pietro_game_c
___str_9                        = $AF4C ; L pietro_game_c
___str_10                       = $AF4F ; L pietro_game_c
___str_11                       = $AF55 ; L pietro_game_c
___str_12                       = $AF5B ; L pietro_game_c
___str_13                       = $AF60 ; L pietro_game_c
___str_14                       = $AF67 ; L pietro_game_c
___str_15                       = $AF7A ; L pietro_game_c
___str_16                       = $AF8D ; L pietro_game_c
___str_17                       = $AFA0 ; L pietro_game_c
___str_18                       = $AFAA ; L pietro_game_c
___str_19                       = $AFBD ; L pietro_game_c
___str_20                       = $AFD0 ; L pietro_game_c
___str_21                       = $AFD9 ; L pietro_game_c
___str_22                       = $AFE0 ; L pietro_game_c
___str_23                       = $AFE6 ; L pietro_game_c
___str_24                       = $AFEC ; L pietro_game_c
___str_25                       = $AFF7 ; L pietro_game_c
___str_26                       = $B002 ; L pietro_game_c
___str_27                       = $B00D ; L pietro_game_c
___str_28                       = $B018 ; L pietro_game_c
___str_29                       = $B023 ; L pietro_game_c
___str_30                       = $B02E ; L pietro_game_c
___str_31                       = $B032 ; L pietro_game_c
___str_32                       = $B036 ; L pietro_game_c
___str_33                       = $B03A ; L pietro_game_c
___str_34                       = $B03E ; L pietro_game_c
___str_35                       = $B042 ; L pietro_game_c
___str_36                       = $B050 ; L pietro_game_c
___str_37                       = $B05E ; L pietro_game_c
___str_38                       = $B06C ; L pietro_game_c
___str_39                       = $B07F ; L pietro_game_c
___str_40                       = $B091 ; L pietro_game_c
___str_41                       = $B09B ; L pietro_game_c
___str_42                       = $B0A4 ; L pietro_game_c
___str_43                       = $B0B8 ; L pietro_game_c
___str_44                       = $B0CC ; L pietro_game_c
___str_45                       = $B0E2 ; L pietro_game_c
___str_46                       = $B0F9 ; L pietro_game_c
___str_47                       = $B110 ; L pietro_game_c
___str_48                       = $B11D ; L pietro_game_c
___str_49                       = $B130 ; L pietro_game_c
___str_50                       = $B144 ; L pietro_game_c
___str_51                       = $B149 ; L pietro_game_c
___str_52                       = $B150 ; L pietro_game_c
___str_53                       = $B152 ; L pietro_game_c
___str_54                       = $B154 ; L pietro_game_c
___str_0                        = $B161 ; L pietro_sprite_c
___str_1                        = $B164 ; L pietro_sprite_c
___str_2                        = $B167 ; L pietro_sprite_c
__rodata_compiler_tail          = $B16A ; G 
__rodata_user_head              = $B16A ; G 
_btiles                         = $B16A ; G btiles
__NIRVANAP_TILE_IMAGES          = $BB80 ; L NIRVANAP_ENGINE
BANK06_ay_reset                 = $C000 ; G pietro_ay
__BANK_06_head                  = $C000 ; G 
IOCTL_ITERM_CAPS                = $C009 ; G zx_crt
IOCTL_ITERM_COOK                = $C011 ; G zx_crt
IOCTL_OTERM_CRLF                = $C012 ; G zx_crt
IOCTL_OCHAR_CRLF                = $C014 ; G zx_crt
BANK06_ay_midi_play_isr         = $C01D ; G pietro_ay
IOCTL_ITERM_LINE                = $C021 ; G zx_crt
IOCTL_OTERM_COOK                = $C022 ; G zx_crt
midi_loop                       = $C024 ; L pietro_ay
midi_position_hold              = $C03F ; L pietro_ay
IOCTL_ITERM_PASS                = $C041 ; G zx_crt
midi_position_next              = $C041 ; L pietro_ay
IOCTL_OTERM_PAUSE               = $C042 ; G zx_crt
BANK06_ay_reg                   = $C045 ; L pietro_ay
BANK06_ay_fx_play_isr           = $C053 ; G pietro_ay
fx_repeat_loop                  = $C056 ; L pietro_ay
fx_playing                      = $C065 ; L pietro_ay
fx_loop                         = $C06B ; L pietro_ay
logvol_loop                     = $C07B ; L pietro_ay
IOCTL_ITERM_ECHO                = $C081 ; G zx_crt
IOCTL_OTERM_PAGE                = $C082 ; G zx_crt
fx_repeat                       = $C08C ; L pietro_ay
BANK06_ay_rout                  = $C093 ; L pietro_ay
rout_loop                       = $C099 ; L pietro_ay
_ay_effect_01                   = $C0A9 ; G pietro_ay_res_fx
_ay_effect_02                   = $C0E7 ; G pietro_ay_res_fx
IOCTL_ITERM_CRLF                = $C101 ; G zx_crt
IOCTL_OTERM_BELL                = $C102 ; G zx_crt
IOCTL_ICHAR_CRLF                = $C103 ; G zx_crt
_ay_effect_03                   = $C15B ; G pietro_ay_res_fx
_ay_effect_04                   = $C1D5 ; G pietro_ay_res_fx
IOCTL_ITERM_CURS                = $C201 ; G zx_crt
IOCTL_OTERM_SIGNAL              = $C202 ; G zx_crt
_ay_effect_05                   = $C261 ; G pietro_ay_res_fx
_ay_effect_06                   = $C2F3 ; G pietro_ay_res_fx
_ay_effect_07                   = $C385 ; G pietro_ay_res_fx
_ay_effect_08                   = $C441 ; G pietro_ay_res_fx
_ay_effect_09                   = $C4FD ; G pietro_ay_res_fx
_ay_effect_10                   = $C5BF ; G pietro_ay_res_fx
_ay_effect_11                   = $C681 ; G pietro_ay_res_fx
_ay_effect_12                   = $C749 ; G pietro_ay_res_fx
_ay_effect_13                   = $C84D ; G pietro_ay_res_fx
_ay_effect_14                   = $C963 ; G pietro_ay_res_fx
_ay_effect_15                   = $CB09 ; G pietro_ay_res_fx
_ay_effect_16                   = $CD15 ; G pietro_ay_res_fx
_ay_effect_17                   = $CF69 ; G pietro_ay_res_fx
_ay_effect_18                   = $D211 ; G pietro_ay_res_fx
_ay_effect_19                   = $D53D ; G pietro_ay_res_fx
_ay_effect_background           = $D53D ; G pietro_ay_res_fx
_ay_effect_20                   = $D571 ; G pietro_ay_res_fx
_pb_midi_title                  = $D5F9 ; G pietro_ay_res_midi
_pb_midi_phase_1                = $D7F7 ; G pietro_ay_res_midi
__BANK_06_tail                  = $D923 ; G 
__CODE_END_head                 = $D9EA ; G 
__CODE_END_tail                 = $D9EA ; G 
__IGNORE_head                   = $D9EA ; G 
__IGNORE_tail                   = $D9EA ; G 
__rodata_user_tail              = $D9EA ; G 
__NIRVANAP_head                 = $DC03 ; G 
asm_NIRVANAP_printC             = $DC03 ; G NIRVANAP_ENGINE
org_nirvanap                    = $DC03 ; G NIRVANAP_ENGINE
_NIRVANAP_CHAR_TABLE            = $DC15 ; G NIRVANAP_ENGINE
asm_NIRVANAP_paintC             = $DC62 ; G NIRVANAP_ENGINE
main_engine                     = $DC86 ; L NIRVANAP_ENGINE
delay_128k                      = $DCD8 ; L NIRVANAP_ENGINE
wait_raster                     = $DCDA ; L NIRVANAP_ENGINE
race_raster                     = $DD77 ; L NIRVANAP_ENGINE
IOCTL_OTERM_CLEAR               = $E002 ; G zx_crt
exit_raster                     = $F5CF ; L NIRVANAP_ENGINE
_NIRVANAP_ISR_HOOK              = $F5D2 ; G NIRVANAP_ENGINE
__NIRVANA_HOLE_head             = $F5E6 ; G 
__NIRVANA_HOLE_tail             = $F5E7 ; G 
__code_sound_bit_head           = $F5E7 ; G 
asm_bit_beep_raw                = $F5E7 ; G asm_bit_beep_raw
beeper                          = $F5EB ; L asm_bit_beep_raw
beixp3                          = $F5FF ; L asm_bit_beep_raw
behllp                          = $F604 ; L asm_bit_beep_raw
be_again                        = $F620 ; L asm_bit_beep_raw
be_end                          = $F624 ; L asm_bit_beep_raw
asm_bit_close                   = $F627 ; G asm_bit_close
asm_bit_open                    = $F632 ; G asm_bit_open
__DATA_head                     = $F638 ; G 
__DATA_tail                     = $F638 ; G 
__code_sound_bit_tail           = $F638 ; G 
__data_alloc_balloc_head        = $F638 ; G 
__data_alloc_balloc_tail        = $F638 ; G 
__data_alloc_malloc_head        = $F638 ; G 
__data_alloc_malloc_tail        = $F638 ; G 
__data_clib_head                = $F638 ; G 
__data_clib_tail                = $F638 ; G 
__data_driver_head              = $F638 ; G 
__data_driver_tail              = $F638 ; G 
__data_fcntl_fdtable_body_head  = $F638 ; G 
__data_fcntl_fdtable_body_tail  = $F638 ; G 
__data_fcntl_head               = $F638 ; G 
__data_fcntl_stdio_heap_body_head = $F638 ; G 
__data_fcntl_stdio_heap_body_tail = $F638 ; G 
__data_fcntl_stdio_heap_head_head = $F638 ; G 
__data_fcntl_stdio_heap_head_tail = $F638 ; G 
__data_fcntl_stdio_heap_tail_head = $F638 ; G 
__data_fcntl_stdio_heap_tail_tail = $F638 ; G 
__data_fcntl_tail               = $F638 ; G 
__data_font_head                = $F638 ; G 
__data_font_tail                = $F638 ; G 
__data_sound_bit_head           = $F638 ; G 
__smc_clib_head                 = $F638 ; G 
__smc_clib_tail                 = $F638 ; G 
__smc_compiler_head             = $F638 ; G 
__smc_compiler_tail             = $F638 ; G 
__smc_driver_head               = $F638 ; G 
__smc_driver_tail               = $F638 ; G 
__smc_fcntl_head                = $F638 ; G 
__smc_fcntl_tail                = $F638 ; G 
__smc_font_head                 = $F638 ; G 
__smc_font_tail                 = $F638 ; G 
__smc_l_head                    = $F638 ; G 
__smc_l_tail                    = $F638 ; G 
__smc_lib_head                  = $F638 ; G 
__smc_lib_tail                  = $F638 ; G 
__smc_sound_bit_head            = $F638 ; G 
__smc_sound_bit_tail            = $F638 ; G 
__smc_user_head                 = $F638 ; G 
__smc_user_tail                 = $F638 ; G 
__sound_bit_state               = $F638 ; G __sound_bit_state
__data_sound_bit_tail           = $F639 ; G 
__data_stdio_head               = $F639 ; G 
__data_stdio_tail               = $F639 ; G 
__data_stdlib_head              = $F639 ; G 
__stdlib_seed                   = $F639 ; G __stdlib_seed
__data_stdlib_tail              = $F63D ; G 
__data_threads_head             = $F63D ; G 
__thrd_id                       = $F63D ; G zx_crt
__data_compiler_head            = $F63E ; G 
__data_lib_head                 = $F63E ; G 
__data_lib_tail                 = $F63E ; G 
__data_threads_tail             = $F63E ; G 
_joynames                       = $F63E ; G globals_c
_phases                         = $F64C ; G globals_c
_lvl_1                          = $F6CC ; G globals_c
_spr_idx                        = $F96C ; G globals_c
_sprite_speed                   = $F996 ; G globals_c
_hof                            = $F9A7 ; G globals_c
_initials                       = $F9E3 ; G globals_c
__BSS_UNINITIALIZED_head        = $F9EB ; G 
__BSS_UNINITIALIZED_tail        = $F9EB ; G 
__BSS_head                      = $F9EB ; G 
__BSS_tail                      = $F9EB ; G 
__DATA_END_head                 = $F9EB ; G 
__DATA_END_tail                 = $F9EB ; G 
__bss_alloc_balloc_head         = $F9EB ; G 
__bss_alloc_balloc_tail         = $F9EB ; G 
__bss_alloc_malloc_head         = $F9EB ; G 
__bss_alloc_malloc_tail         = $F9EB ; G 
__bss_arch_head                 = $F9EB ; G 
__bss_arch_tail                 = $F9EB ; G 
__bss_clib_head                 = $F9EB ; G 
__bss_clib_tail                 = $F9EB ; G 
__bss_compress_aplib_head       = $F9EB ; G 
__bss_compress_aplib_tail       = $F9EB ; G 
__bss_driver_head               = $F9EB ; G 
__bss_driver_tail               = $F9EB ; G 
__bss_error_head                = $F9EB ; G 
__bss_font_head                 = $F9EB ; G 
__bss_font_tail                 = $F9EB ; G 
__data_compiler_tail            = $F9EB ; G 
__data_user_head                = $F9EB ; G 
__data_user_tail                = $F9EB ; G 
_errno                          = $F9EB ; G _errno
__bss_error_tail                = $F9ED ; G 
__bss_fcntl_head                = $F9ED ; G 
__bss_fcntl_tail                = $F9ED ; G 
__bss_input_head                = $F9ED ; G 
__bss_input_tail                = $F9ED ; G 
__bss_sound_bit_head            = $F9ED ; G 
__bss_sound_bit_tail            = $F9ED ; G 
__bss_stdio_head                = $F9ED ; G 
__bss_stdio_tail                = $F9ED ; G 
__bss_stdlib_head               = $F9ED ; G 
__exit_stack                    = $F9ED ; G zx_crt
__quickexit_stack               = $F9EE ; G zx_crt
__bss_compiler_head             = $F9EF ; G 
__bss_lib_head                  = $F9EF ; G 
__bss_lib_tail                  = $F9EF ; G 
__bss_stdlib_tail               = $F9EF ; G 
__bss_string_head               = $F9EF ; G 
__bss_string_tail               = $F9EF ; G 
_spec128                        = $F9EF ; G globals_c
_joyfunc1                       = $F9F0 ; G globals_c
_joyfunc2                       = $F9F2 ; G globals_c
_k1                             = $F9F4 ; G globals_c
_k2                             = $F9FE ; G globals_c
_dirs                           = $FA08 ; G globals_c
_tbuffer                        = $FA09 ; G globals_c
_class                          = $FA10 ; G globals_c
_state                          = $FA18 ; G globals_c
_state_a                        = $FA20 ; G globals_c
_tile                           = $FA28 ; G globals_c
_lin                            = $FA30 ; G globals_c
_col                            = $FA38 ; G globals_c
_colint                         = $FA40 ; G globals_c
_spr_timer                      = $FA48 ; G globals_c
_spr_timer_c                    = $FA58 ; G globals_c
_last_time                      = $FA68 ; G globals_c
_jump_lin                       = $FA78 ; G globals_c
_hit_lin                        = $FA80 ; G globals_c
_hit_col                        = $FA82 ; G globals_c
_player_jump_c                  = $FA84 ; G globals_c
_sliding                        = $FA86 ; G globals_c
_player_score                   = $FA88 ; G globals_c
_player_next_extra              = $FA8C ; G globals_c
_player_joy                     = $FA90 ; G globals_c
_index_player                   = $FA94 ; G globals_c
_sprite_other_player            = $FA95 ; G globals_c
_sprite                         = $FA96 ; G globals_c
_tile_offset                    = $FA97 ; G globals_c
_tile_offset_other_player       = $FA98 ; G globals_c
_hit_count                      = $FA99 ; G globals_c
_s_tile0                        = $FA9A ; G globals_c
_s_tile1                        = $FA9B ; G globals_c
_s_lin0                         = $FA9C ; G globals_c
_s_lin1                         = $FA9D ; G globals_c
_s_col0                         = $FA9E ; G globals_c
_s_col1                         = $FA9F ; G globals_c
_sprite_lin_inc_mul             = $FAA0 ; G globals_c
_loop_count                     = $FAA1 ; G globals_c
_index1                         = $FAA3 ; G globals_c
_index2                         = $FAA5 ; G globals_c
_index3                         = $FAA7 ; G globals_c
_index_d                        = $FAA9 ; G globals_c
_tmp                            = $FAAB ; G globals_c
_tmp0                           = $FAAC ; G globals_c
_tmp1                           = $FAAD ; G globals_c
_tmp_uc                         = $FAAE ; G globals_c
_tmp_sc                         = $FAAF ; G globals_c
_tmp_ui                         = $FAB0 ; G globals_c
_enemies                        = $FAB2 ; G globals_c
_zx_val_asm                     = $FAB3 ; G globals_c
_attrib                         = $FAB4 ; G globals_c
_attrib_hl                      = $FAB8 ; G globals_c
_s_state                        = $FABC ; G globals_c
_curr_time                      = $FABD ; G globals_c
_entry_time                     = $FABF ; G globals_c
_frame_time                     = $FAC1 ; G globals_c
_col_time                       = $FAC3 ; G globals_c
_frame_loop_count               = $FAC5 ; G globals_c
_spr_count                      = $FAC7 ; G globals_c
_game_pow                       = $FAC8 ; G globals_c
_game_brick_tile                = $FAC9 ; G globals_c
_game_two_player                = $FACA ; G globals_c
_game_sound                     = $FACB ; G globals_c
_game_over                      = $FACC ; G globals_c
_game_lives                     = $FACD ; G globals_c
_game_lives_update              = $FACF ; G globals_c
_game_time_flipped              = $FAD0 ; G globals_c
_game_time_fireball_start       = $FAD2 ; G globals_c
_spr_water_clear                = $FAD4 ; G globals_c
_spr_water_time                 = $FAD5 ; G globals_c
_game_bonus                     = $FAD7 ; G globals_c
_game_type                      = $FAD8 ; G globals_c
_game_menu_sel                  = $FAD9 ; G globals_c
_game_score_top                 = $FADA ; G globals_c
_phase_quota                    = $FADC ; G globals_c
_phase_left                     = $FADF ; G globals_c
_phase_tot                      = $FAE0 ; G globals_c
_phase_pop                      = $FAE1 ; G globals_c
_phase_coins                    = $FAE2 ; G globals_c
_phase_end                      = $FAE3 ; G globals_c
_phase_curr                     = $FAE4 ; G globals_c
_phase_angry                    = $FAE5 ; G globals_c
_phase_bonus_total              = $FAE6 ; G globals_c
_screen_paper                   = $FAE8 ; G globals_c
_screen_ink                     = $FAE9 ; G globals_c
_score_osd_lin                  = $FAEA ; G globals_c
_score_osd_col                  = $FAEC ; G globals_c
_score_osd_time                 = $FAEE ; G globals_c
_score_osd_tile                 = $FAF2 ; G globals_c
_sprite_speed_alt               = $FAF6 ; G globals_c
__bss_compiler_tail             = $FAFE ; G 
__bss_user_head                 = $FAFE ; G 
_ay_reset_low                   = $FAFE ; G pietro_ay
_ay_midi_playing                = $FAFF ; G pietro_ay
_ay_midi_hold                   = $FB01 ; G pietro_ay
_ay_fx_playing                  = $FB02 ; G pietro_ay
__BSS_END_head                  = $FB04 ; G 
__BSS_END_tail                  = $FB04 ; G 
__bss_user_tail                 = $FB04 ; G 
asm_NIRVANAP_drawT              = $FB06 ; G NIRVANAP_ENGINE
_NIRVANAP_TILE_IMAGES           = $FB1C ; G NIRVANAP_ENGINE
exit_draw                       = $FBFC ; L NIRVANAP_ENGINE
bitmaps                         = $FC00 ; L NIRVANAP_ENGINE
attribs                         = $FCC8 ; L NIRVANAP_ENGINE
asm_NIRVANAP_fillT              = $FDA0 ; G NIRVANAP_ENGINE
exit_fill                       = $FDDF ; L NIRVANAP_ENGINE
_NIRVANAP_start                 = $FDE3 ; G NIRVANAP_start
asm_NIRVANAP_start              = $FDE3 ; G NIRVANAP_ENGINE
_NIRVANAP_stop                  = $FDF4 ; G NIRVANAP_stop
asm_NIRVANAP_stop               = $FDF4 ; G NIRVANAP_ENGINE
deltas                          = $FF01 ; L NIRVANAP_ENGINE
asm_NIRVANAP_fillC              = $FF21 ; G NIRVANAP_ENGINE
asm_NIRVANAP_readC              = $FF3E ; G NIRVANAP_ENGINE
TAR__register_sp                = $FF58 ; L zx_crt
__NIRVANAP_tail                 = $FF62 ; G 
__size                          = $FF62 ; G 
__tail                          = $FF62 ; G 
TAR__crt_on_exit                = $30002 ; L zx_crt
__clock_freq                    = $3567E0 ; L asm_z80_delay_ms
