CLIB_FOPEN_MAX                  = $FFFFFFFF ; L zcc5FD918
REGISTER_SP                     = $FFFFFFFF ; L zcc5FD918
TAR__clib_malloc_heap_size      = $FFFFFFFF ; L zcc5FD918
__MMAP                          = $FFFFFFFF ; L zcc5FD918
__clib_fopen_max                = $FFFFFFFF ; L zcc5FD918
__register_sp                   = $FFFFFFFF ; L zcc5FD918
CLIB_MALLOC_HEAP_SIZE           = $0000 ; L zcc5FD918
CLIB_OPT_STDIO                  = $0000 ; L zcc5FD918
CLIB_STDIO_HEAP_SIZE            = $0000 ; L zcc5FD918
CRT_ENABLE_CLOSE                = $0000 ; L zcc5FD918
CRT_ENABLE_EIDI                 = $0000 ; L zcc5FD918
CRT_ON_EXIT                     = $0000 ; L zcc5FD918
IOCTL_RESET                     = $0000 ; G zcc5FD918
STDIO_SEEK_SET                  = $0000 ; G zcc5FD918
TAR__clib_balloc_table_size     = $0000 ; L zcc5FD918
TAR__clib_exit_stack_size       = $0000 ; L zcc5FD918
TAR__clib_fopen_max             = $0000 ; L zcc5FD918
TAR__clib_open_max              = $0000 ; L zcc5FD918
TAR__clib_quickexit_stack_size  = $0000 ; L zcc5FD918
TAR__crt_enable_commandline     = $0000 ; L zcc5FD918
TAR__crt_enable_nmi             = $0000 ; L zcc5FD918
TAR__crt_enable_restart         = $0000 ; L zcc5FD918
TAR__crt_enable_rst             = $0000 ; L zcc5FD918
TAR__crt_include_preamble       = $0000 ; L zcc5FD918
TAR__crt_initialize_bss         = $0000 ; L zcc5FD918
TAR__crt_model                  = $0000 ; L zcc5FD918
TAR__crt_org_bss                = $0000 ; L zcc5FD918
TAR__crt_org_data               = $0000 ; L zcc5FD918
__BSS_END_size                  = $0000 ; G 
__BSS_UNINITIALIZED_size        = $0000 ; G 
__BSS_size                      = $0000 ; G 
__CLIB_OPT_ERROR                = $0000 ; L error_edom_mc
__CLIB_OPT_ERROR                = $0000 ; L error_einval_zc
__CLIB_OPT_ERROR                = $0000 ; L error_erange_zc
__CLIB_OPT_FASTCOPY             = $0000 ; L asm_memset
__CLIB_OPT_FASTCOPY             = $0000 ; L asm_zx_cls
__CLIB_OPT_IMATH                = $0000 ; L l_divs_16_16x16
__CLIB_OPT_IMATH                = $0000 ; L l_divu_16_16x8
__CLIB_OPT_IMATH                = $0000 ; L l_mulu_16_16x16
__CODE_END_size                 = $0000 ; G 
__CRTDEF                        = $0000 ; L zcc5FD918
__DATA_END_size                 = $0000 ; G 
__DATA_size                     = $0000 ; G 
__EOK                           = $0000 ; G zcc5FD918
__IGNORE_size                   = $0000 ; G 
__bss_alloc_balloc_size         = $0000 ; G 
__bss_alloc_malloc_size         = $0000 ; G 
__bss_arch_size                 = $0000 ; G 
__bss_clib_size                 = $0000 ; G 
__bss_compress_aplib_size       = $0000 ; G 
__bss_driver_size               = $0000 ; G 
__bss_fcntl_size                = $0000 ; G 
__bss_font_size                 = $0000 ; G 
__bss_input_size                = $0000 ; G 
__bss_lib_size                  = $0000 ; G 
__bss_sound_bit_size            = $0000 ; G 
__bss_stdio_size                = $0000 ; G 
__bss_string_size               = $0000 ; G 
__clib_balloc_table_size        = $0000 ; L zcc5FD918
__clib_exit_stack_size          = $0000 ; L zcc5FD918
__clib_malloc_heap_size         = $0000 ; L zcc5FD918
__clib_open_max                 = $0000 ; L zcc5FD918
__clib_quickexit_stack_size     = $0000 ; L zcc5FD918
__clib_stdio_heap_size          = $0000 ; L zcc5FD918
__code_adt_b_array_size         = $0000 ; G 
__code_adt_b_vector_size        = $0000 ; G 
__code_adt_ba_priority_queue_size = $0000 ; G 
__code_adt_ba_stack_size        = $0000 ; G 
__code_adt_bv_priority_queue_size = $0000 ; G 
__code_adt_bv_stack_size        = $0000 ; G 
__code_adt_p_forward_list_alt_size = $0000 ; G 
__code_adt_p_forward_list_size  = $0000 ; G 
__code_adt_p_list_size          = $0000 ; G 
__code_adt_p_queue_size         = $0000 ; G 
__code_adt_p_stack_size         = $0000 ; G 
__code_adt_w_array_size         = $0000 ; G 
__code_adt_w_vector_size        = $0000 ; G 
__code_adt_wa_priority_queue_size = $0000 ; G 
__code_adt_wa_stack_size        = $0000 ; G 
__code_adt_wv_priority_queue_size = $0000 ; G 
__code_adt_wv_stack_size        = $0000 ; G 
__code_alloc_balloc_size        = $0000 ; G 
__code_alloc_malloc_size        = $0000 ; G 
__code_alloc_obstack_size       = $0000 ; G 
__code_bifrost2_size            = $0000 ; G 
__code_bifrost_h_size           = $0000 ; G 
__code_bifrost_l_size           = $0000 ; G 
__code_clib_size                = $0000 ; G 
__code_compress_aplib_size      = $0000 ; G 
__code_compress_zx7_size        = $0000 ; G 
__code_crt_exit_size            = $0000 ; G 
__code_crt_init_size            = $0000 ; G 
__code_ctype_size               = $0000 ; G 
__code_driver_character_input_size = $0000 ; G 
__code_driver_character_output_size = $0000 ; G 
__code_driver_general_size      = $0000 ; G 
__code_driver_memstream_size    = $0000 ; G 
__code_driver_size              = $0000 ; G 
__code_driver_terminal_input_size = $0000 ; G 
__code_driver_terminal_output_size = $0000 ; G 
__code_driver_tty_size          = $0000 ; G 
__code_fcntl_size               = $0000 ; G 
__code_font_fzx_size            = $0000 ; G 
__code_font_size                = $0000 ; G 
__code_fp_genmath_size          = $0000 ; G 
__code_fp_math48_size           = $0000 ; G 
__code_inttypes_size            = $0000 ; G 
__code_l_sccz80_size            = $0000 ; G 
__code_lib_size                 = $0000 ; G 
__code_locale_size              = $0000 ; G 
__code_network_size             = $0000 ; G 
__code_nirvanam_size            = $0000 ; G 
__code_setjmp_size              = $0000 ; G 
__code_stdio_size               = $0000 ; G 
__code_temp_sp1_size            = $0000 ; G 
__code_threads_mutex_size       = $0000 ; G 
__code_threads_size             = $0000 ; G 
__crt_enable_close              = $0000 ; L zcc5FD918
__crt_enable_commandline        = $0000 ; L zcc5FD918
__crt_enable_eidi               = $0000 ; L zcc5FD918
__crt_enable_restart            = $0000 ; L zcc5FD918
__crt_include_preamble          = $0000 ; L zcc5FD918
__crt_initialize_bss            = $0000 ; L zcc5FD918
__crt_model                     = $0000 ; L zcc5FD918
__crt_on_exit                   = $0000 ; L zcc5FD918
__data_alloc_balloc_size        = $0000 ; G 
__data_alloc_malloc_size        = $0000 ; G 
__data_clib_size                = $0000 ; G 
__data_driver_size              = $0000 ; G 
__data_fcntl_fdtable_body_size  = $0000 ; G 
__data_fcntl_size               = $0000 ; G 
__data_fcntl_stdio_heap_body_size = $0000 ; G 
__data_fcntl_stdio_heap_head_size = $0000 ; G 
__data_fcntl_stdio_heap_tail_size = $0000 ; G 
__data_font_size                = $0000 ; G 
__data_lib_size                 = $0000 ; G 
__data_stdio_size               = $0000 ; G 
__data_user_size                = $0000 ; G 
__exit_stack_size               = $0000 ; G zcc5FD918
__fcntl_fdtbl                   = $0000 ; G zcc5FD918
__fcntl_fdtbl_size              = $0000 ; G zcc5FD918
__head                          = $0000 ; G 
__quickexit_stack_size          = $0000 ; G zcc5FD918
__rodata_clib_size              = $0000 ; G 
__rodata_driver_size            = $0000 ; G 
__rodata_error_strings_size     = $0000 ; G 
__rodata_fcntl_size             = $0000 ; G 
__rodata_font_4x8_size          = $0000 ; G 
__rodata_font_8x8_size          = $0000 ; G 
__rodata_font_fzx_size          = $0000 ; G 
__rodata_font_size              = $0000 ; G 
__rodata_lib_size               = $0000 ; G 
__rodata_sound_bit_size         = $0000 ; G 
__rodata_stdio_size             = $0000 ; G 
__rodata_stdlib_size            = $0000 ; G 
__smc_clib_size                 = $0000 ; G 
__smc_compiler_size             = $0000 ; G 
__smc_driver_size               = $0000 ; G 
__smc_fcntl_size                = $0000 ; G 
__smc_font_size                 = $0000 ; G 
__smc_l_size                    = $0000 ; G 
__smc_lib_size                  = $0000 ; G 
__smc_sound_bit_size            = $0000 ; G 
__smc_user_size                 = $0000 ; G 
thrd_success                    = $0000 ; G zcc5FD918
DEFINED_CLIB_FOPEN_MAX          = $0001 ; L zcc5FD918
DEFINED_CLIB_MALLOC_HEAP_SIZE   = $0001 ; L zcc5FD918
DEFINED_CLIB_OPT_STDIO          = $0001 ; L zcc5FD918
DEFINED_CLIB_STDIO_HEAP_SIZE    = $0001 ; L zcc5FD918
DEFINED_CRT_ENABLE_CLOSE        = $0001 ; L zcc5FD918
DEFINED_CRT_ENABLE_EIDI         = $0001 ; L zcc5FD918
DEFINED_CRT_ON_EXIT             = $0001 ; L zcc5FD918
DEFINED_CRT_ORG_CODE            = $0001 ; L zcc5FD918
DEFINED_REGISTER_SP             = $0001 ; L zcc5FD918
DEFINED_Z88DK_USES_SDCC         = $0001 ; L zcc5FD918
DEFINED___MMAP                  = $0001 ; L zcc5FD918
DEFINED_startup                 = $0001 ; L zcc5FD918
STDIO_MSG_PUTC                  = $0001 ; G zcc5FD918
STDIO_SEEK_CUR                  = $0001 ; G zcc5FD918
TAR__crt_enable_close           = $0001 ; L zcc5FD918
TAR__crt_enable_eidi            = $0001 ; L zcc5FD918
Z88DK_USES_SDCC                 = $0001 ; L zcc5FD918
_CLIB_CFG_ASM_                  = $0001 ; L asm_memset
_CLIB_CFG_ASM_                  = $0001 ; L asm_zx_cls
_CLIB_CFG_ASM_                  = $0001 ; L error_edom_mc
_CLIB_CFG_ASM_                  = $0001 ; L error_einval_zc
_CLIB_CFG_ASM_                  = $0001 ; L error_erange_zc
_CLIB_CFG_ASM_                  = $0001 ; L l_divs_16_16x16
_CLIB_CFG_ASM_                  = $0001 ; L l_divu_16_16x8
_CLIB_CFG_ASM_                  = $0001 ; L l_mulu_16_16x16
_CLIB_TARGET_CFG_ASM_           = $0001 ; L asm_bit_beep_raw
_CLIB_TARGET_CFG_ASM_           = $0001 ; L asm_bit_close
_CLIB_TARGET_CFG_ASM_           = $0001 ; L asm_bit_open
_CLIB_TARGET_CFG_ASM_           = $0001 ; L asm_z80_delay_ms
__CODE_size                     = $0001 ; G 
__EACCES                        = $0001 ; G zcc5FD918
__NIRVANA_HOLE_size             = $0001 ; G 
__SDCC                          = $0001 ; L asm_memset
__SDCC                          = $0001 ; L asm_zx_cls
__SDCC                          = $0001 ; L error_edom_mc
__SDCC                          = $0001 ; L error_einval_zc
__SDCC                          = $0001 ; L error_erange_zc
__SDCC                          = $0001 ; L l_compare_de_hl
__SDCC                          = $0001 ; L l_divs_16_16x16
__SDCC                          = $0001 ; L l_divu_16_16x8
__SDCC                          = $0001 ; L l_mulu_16_16x16
__SDCC                          = $0001 ; L zcc5FD914
__SDCC                          = $0001 ; L zcc5FD917
__SDCC                          = $0001 ; L zcc5FD918
__SDCC_IY                       = $0001 ; L asm_memset
__SDCC_IY                       = $0001 ; L asm_zx_cls
__SDCC_IY                       = $0001 ; L error_edom_mc
__SDCC_IY                       = $0001 ; L error_einval_zc
__SDCC_IY                       = $0001 ; L error_erange_zc
__SDCC_IY                       = $0001 ; L l_compare_de_hl
__SDCC_IY                       = $0001 ; L l_divs_16_16x16
__SDCC_IY                       = $0001 ; L l_divu_16_16x8
__SDCC_IY                       = $0001 ; L l_mulu_16_16x16
__SDCC_IY                       = $0001 ; L zcc5FD918
__data_sound_bit_size           = $0001 ; G 
__data_threads_size             = $0001 ; G 
__rodata_error_string_end_size  = $0001 ; G 
__sound_bit_method              = $0001 ; L asm_bit_beep_raw
mtx_plain                       = $0001 ; G zcc5FD918
thrd_error                      = $0001 ; G zcc5FD918
STDIO_MSG_WRIT                  = $0002 ; G zcc5FD918
STDIO_SEEK_END                  = $0002 ; G zcc5FD918
__EBADF                         = $0002 ; G zcc5FD918
__bss_error_size                = $0002 ; G 
__bss_stdlib_size               = $0002 ; G 
__code_crt_return_size          = $0002 ; G 
mtx_recursive                   = $0002 ; G zcc5FD918
thrd_nomem                      = $0002 ; G zcc5FD918
STDIO_MSG_GETC                  = $0003 ; G zcc5FD918
__EBDFD                         = $0003 ; G zcc5FD918
__LOADER_size                   = $0003 ; G 
STDIO_MSG_EATC                  = $0004 ; G zcc5FD918
__EDOM                          = $0004 ; G zcc5FD918
__code_crt_main_size            = $0004 ; G 
__data_stdlib_size              = $0004 ; G 
__sound_bit_toggle_pos          = $0004 ; L asm_bit_beep_raw
mtx_timed                       = $0004 ; G zcc5FD918
thrd_busy                       = $0004 ; G zcc5FD918
STDIO_MSG_READ                  = $0005 ; G zcc5FD918
__EFBIG                         = $0005 ; G zcc5FD918
STDIO_MSG_SEEK                  = $0006 ; G zcc5FD918
__EINVAL                        = $0006 ; G zcc5FD918
__bss_user_size                 = $0006 ; G 
STDIO_MSG_ICTL                  = $0007 ; G zcc5FD918
TAR__crt_enable_streams         = $0007 ; L zcc5FD918
__EMFILE                        = $0007 ; G zcc5FD918
STDIO_MSG_FLSH                  = $0008 ; G zcc5FD918
__ENFILE                        = $0008 ; G zcc5FD918
thrd_timedout                   = $0008 ; G zcc5FD918
STDIO_MSG_CLOS                  = $0009 ; G zcc5FD918
__ENOLCK                        = $0009 ; G zcc5FD918
__ENOMEM                        = $000A ; G zcc5FD918
__ENOTSUP                       = $000B ; G zcc5FD918
__EOVERFLOW                     = $000C ; G zcc5FD918
__ERANGE                        = $000D ; G zcc5FD918
__ESTAT                         = $000E ; G zcc5FD918
ICHAR_MSG_GETC                  = $000F ; G zcc5FD918
ITERM_MSG_GETC                  = $000F ; G zcc5FD918
__EAGAIN                        = $000F ; G zcc5FD918
__EWOULDBLOCK                   = $000F ; G zcc5FD918
ITERM_MSG_INTERRUPT             = $0010 ; G zcc5FD918
__sound_bit_toggle              = $0010 ; L asm_bit_beep_raw
ITERM_MSG_PUTC                  = $0011 ; G zcc5FD918
ITERM_MSG_PRINT_CURSOR          = $0012 ; G zcc5FD918
ITERM_MSG_ERASE_CURSOR          = $0013 ; G zcc5FD918
ITERM_MSG_ERASE_CURSOR_PWD      = $0014 ; G zcc5FD918
ITERM_MSG_BS                    = $0015 ; G zcc5FD918
ITERM_MSG_BS_PWD                = $0016 ; G zcc5FD918
ITERM_MSG_READLINE_BEGIN        = $0017 ; G zcc5FD918
__sound_bit_read_mask           = $0017 ; L asm_bit_open
ITERM_MSG_READLINE_END          = $0018 ; G zcc5FD918
ITERM_MSG_BELL                  = $0019 ; G zcc5FD918
OCHAR_MSG_PUTC_BIN              = $001E ; G zcc5FD918
OTERM_MSG_PUTC                  = $001E ; G zcc5FD918
__code_l_sdcc_size              = $001E ; G 
OTERM_MSG_TTY                   = $001F ; G zcc5FD918
startup                         = $001F ; L zcc5FD918
OCHAR_MSG_PUTC                  = $0020 ; G zcc5FD918
OTERM_MSG_PRINTC                = $0020 ; G zcc5FD918
__MCLOAD_size                   = $0020 ; G 
__code_string_size              = $0020 ; G 
OTERM_MSG_SCROLL                = $0021 ; G zcc5FD918
OTERM_MSG_CLS                   = $0022 ; G zcc5FD918
OTERM_MSG_PAUSE                 = $0023 ; G zcc5FD918
OTERM_MSG_BELL                  = $0024 ; G zcc5FD918
OTERM_MSG_PSCROLL               = $0025 ; G zcc5FD918
__code_error_size               = $0034 ; G 
__code_z80_size                 = $0037 ; G 
__code_arch_size                = $003D ; G 
__code_crt_common_size          = $0047 ; G 
__code_sound_bit_size           = $0051 ; G 
__code_nirvanap_size            = $0056 ; G 
__rodata_compiler_size          = $0058 ; G 
__code_l_size                   = $0062 ; G 
__LOADER_CODE_size              = $0071 ; G 
__code_math_size                = $0087 ; G 
__rodata_input_size             = $00A0 ; G 
__code_input_size               = $00AE ; G 
__code_stdlib_size              = $00AE ; G 
__sound_bit_write_mask          = $00E8 ; L asm_bit_close
__sound_bit_port                = $00FE ; L asm_bit_beep_raw
TAR__clib_stdio_heap_size       = $0100 ; L zcc5FD918
IOCTL_OTERM_CLS                 = $0102 ; G zcc5FD918
__bss_compiler_size             = $010A ; G 
TAR__crt_stack_size             = $0200 ; L zcc5FD918
IOCTL_ITERM_TIE                 = $0201 ; G zcc5FD918
IOCTL_OTERM_RESET_SCROLL        = $0202 ; G zcc5FD918
__code_user_size                = $0241 ; G 
__FONT_size                     = $0300 ; G 
IOCTL_ITERM_SET_EDITBUF         = $0301 ; G zcc5FD918
IOCTL_OTERM_SET_WINDOW_COORD    = $0302 ; G zcc5FD918
IOCTL_ITERM_GET_EDITBUF         = $0381 ; G zcc5FD918
IOCTL_OTERM_GET_WINDOW_COORD    = $0382 ; G zcc5FD918
__data_compiler_size            = $03A7 ; G 
IOCTL_OTERM_SET_WINDOW_RECT     = $0402 ; G zcc5FD918
IOCTL_OTERM_GET_WINDOW_RECT     = $0482 ; G zcc5FD918
IOCTL_OTERM_SET_CURSOR_COORD    = $0502 ; G zcc5FD918
IOCTL_OTERM_GET_CURSOR_COORD    = $0582 ; G zcc5FD918
IOCTL_OTERM_GET_OTERM           = $0602 ; G zcc5FD918
IOCTL_OTERM_SCROLL              = $0702 ; G zcc5FD918
IOCTL_OTERM_FONT                = $0802 ; G zcc5FD918
IOCTL_OTERM_FZX_SET_PAPER_COORD = $0A02 ; G zcc5FD918
IOCTL_OTERM_FZX_GET_PAPER_COORD = $0A82 ; G zcc5FD918
IOCTL_OTERM_FZX_SET_PAPER_RECT  = $0B02 ; G zcc5FD918
IOCTL_OTERM_FZX_GET_PAPER_RECT  = $0B82 ; G zcc5FD918
IOCTL_OTERM_FZX_LEFT_MARGIN     = $0C02 ; G zcc5FD918
IOCTL_OTERM_FZX_LINE_SPACING    = $0D02 ; G zcc5FD918
IOCTL_OTERM_FZX_SPACE_EXPAND    = $0E02 ; G zcc5FD918
IOCTL_OTERM_FZX_SET_FZX_STATE   = $0F02 ; G zcc5FD918
IOCTL_OTERM_FZX_GET_FZX_STATE   = $0F82 ; G zcc5FD918
IOCTL_ITERM_SET_DELAY           = $1001 ; G zcc5FD918
IOCTL_OTERM_FCOLOR              = $1002 ; G zcc5FD918
IOCTL_ITERM_GET_DELAY           = $1081 ; G zcc5FD918
IOCTL_ITERM_LASTK               = $1101 ; G zcc5FD918
IOCTL_OTERM_FMASK               = $1102 ; G zcc5FD918
IOCTL_OTERM_BCOLOR              = $1202 ; G zcc5FD918
__BANK_06_size                  = $1923 ; G 
__rodata_user_size              = $2880 ; G 
__MCLOAD_head                   = $4000 ; G 
mini_loader                     = $4000 ; G zcc5FD915
__MCLOAD_tail                   = $4020 ; G 
__code_compiler_size            = $4CA7 ; G 
__LOADER_head                   = $5B00 ; G 
__LOADER_CODE_head              = $5B03 ; G 
__LOADER_tail                   = $5B03 ; G 
__code_compress_zx7_head        = $5B03 ; G 
__code_compress_zx7_tail        = $5B03 ; G 
pietro_loader                   = $5B03 ; G zcc5FD915
__LOADER_CODE_tail              = $5B74 ; G 
CRT_ORG_CODE                    = $5C00 ; L zcc5FD918
__CODE_head                     = $5C00 ; G 
__Restart                       = $5C00 ; L zcc5FD918
__Restart_2                     = $5C00 ; L zcc5FD918
__Start                         = $5C00 ; G zcc5FD918
__crt_org_code                  = $5C00 ; L zcc5FD918
__CODE_tail                     = $5C01 ; G 
__code_crt_init_head            = $5C01 ; G 
__code_crt_init_tail            = $5C01 ; G 
__code_crt_main_head            = $5C01 ; G 
__Exit                          = $5C04 ; G zcc5FD918
__code_crt_exit_head            = $5C05 ; G 
__code_crt_exit_tail            = $5C05 ; G 
__code_crt_main_tail            = $5C05 ; G 
__code_crt_return_head          = $5C05 ; G 
__code_crt_common_head          = $5C07 ; G 
__code_crt_return_tail          = $5C07 ; G 
_zx_isr                         = $5C07 ; G zcc5FD917
_zx_enable_bank_00              = $5C42 ; G zcc5FD917
_zx_enable_bank_06              = $5C46 ; G zcc5FD917
__FONT_head                     = $5C4E ; G 
__code_crt_common_tail          = $5C4E ; G 
_pietro_font                    = $5C4E ; G zcc5FD910
__FONT_tail                     = $5F4E ; G 
__code_adt_b_array_head         = $5F4E ; G 
__code_adt_b_array_tail         = $5F4E ; G 
__code_adt_b_vector_head        = $5F4E ; G 
__code_adt_b_vector_tail        = $5F4E ; G 
__code_adt_ba_priority_queue_head = $5F4E ; G 
__code_adt_ba_priority_queue_tail = $5F4E ; G 
__code_adt_ba_stack_head        = $5F4E ; G 
__code_adt_ba_stack_tail        = $5F4E ; G 
__code_adt_bv_priority_queue_head = $5F4E ; G 
__code_adt_bv_priority_queue_tail = $5F4E ; G 
__code_adt_bv_stack_head        = $5F4E ; G 
__code_adt_bv_stack_tail        = $5F4E ; G 
__code_adt_p_forward_list_alt_head = $5F4E ; G 
__code_adt_p_forward_list_alt_tail = $5F4E ; G 
__code_adt_p_forward_list_head  = $5F4E ; G 
__code_adt_p_forward_list_tail  = $5F4E ; G 
__code_adt_p_list_head          = $5F4E ; G 
__code_adt_p_list_tail          = $5F4E ; G 
__code_adt_p_queue_head         = $5F4E ; G 
__code_adt_p_queue_tail         = $5F4E ; G 
__code_adt_p_stack_head         = $5F4E ; G 
__code_adt_p_stack_tail         = $5F4E ; G 
__code_adt_w_array_head         = $5F4E ; G 
__code_adt_w_array_tail         = $5F4E ; G 
__code_adt_w_vector_head        = $5F4E ; G 
__code_adt_w_vector_tail        = $5F4E ; G 
__code_adt_wa_priority_queue_head = $5F4E ; G 
__code_adt_wa_priority_queue_tail = $5F4E ; G 
__code_adt_wa_stack_head        = $5F4E ; G 
__code_adt_wa_stack_tail        = $5F4E ; G 
__code_adt_wv_priority_queue_head = $5F4E ; G 
__code_adt_wv_priority_queue_tail = $5F4E ; G 
__code_adt_wv_stack_head        = $5F4E ; G 
__code_adt_wv_stack_tail        = $5F4E ; G 
__code_alloc_balloc_head        = $5F4E ; G 
__code_alloc_balloc_tail        = $5F4E ; G 
__code_alloc_malloc_head        = $5F4E ; G 
__code_alloc_malloc_tail        = $5F4E ; G 
__code_alloc_obstack_head       = $5F4E ; G 
__code_alloc_obstack_tail       = $5F4E ; G 
__code_arch_head                = $5F4E ; G 
__code_clib_head                = $5F4E ; G 
__code_clib_tail                = $5F4E ; G 
__code_driver_head              = $5F4E ; G 
__code_driver_tail              = $5F4E ; G 
__code_font_head                = $5F4E ; G 
__code_font_tail                = $5F4E ; G 
asm_zx_cyx2saddr                = $5F4E ; G asm_zx_cyx2saddr
asm_zx_saddr2aaddr              = $5F5D ; G asm_zx_saddr2aaddr
_zx_border_fastcall             = $5F67 ; G zx_border_fastcall
asm_zx_border                   = $5F67 ; G asm_zx_border
_zx_cls_fastcall                = $5F77 ; G zx_cls_fastcall
asm_zx_cls                      = $5F77 ; G asm_zx_cls
__code_arch_tail                = $5F8B ; G 
__code_bifrost2_head            = $5F8B ; G 
__code_bifrost2_tail            = $5F8B ; G 
__code_bifrost_h_head           = $5F8B ; G 
__code_bifrost_h_tail           = $5F8B ; G 
__code_bifrost_l_head           = $5F8B ; G 
__code_bifrost_l_tail           = $5F8B ; G 
__code_compress_aplib_head      = $5F8B ; G 
__code_compress_aplib_tail      = $5F8B ; G 
__code_ctype_head               = $5F8B ; G 
__code_ctype_tail               = $5F8B ; G 
__code_driver_character_input_head = $5F8B ; G 
__code_driver_character_input_tail = $5F8B ; G 
__code_driver_character_output_head = $5F8B ; G 
__code_driver_character_output_tail = $5F8B ; G 
__code_driver_general_head      = $5F8B ; G 
__code_driver_general_tail      = $5F8B ; G 
__code_driver_memstream_head    = $5F8B ; G 
__code_driver_memstream_tail    = $5F8B ; G 
__code_driver_terminal_input_head = $5F8B ; G 
__code_driver_terminal_input_tail = $5F8B ; G 
__code_driver_terminal_output_head = $5F8B ; G 
__code_driver_terminal_output_tail = $5F8B ; G 
__code_driver_tty_head          = $5F8B ; G 
__code_driver_tty_tail          = $5F8B ; G 
__code_error_head               = $5F8B ; G 
__ch_system                     = $5F8F ; G zcc5FD918
error_zc                        = $5F8F ; G error_zc
error_znc                       = $5F97 ; G error_znc
error_einval_zc                 = $5FA0 ; G error_einval_zc
error_erange_zc                 = $5FA0 ; G error_erange_zc
errno_zc                        = $5FA2 ; G errno_zc
error_divide_by_zero_mc         = $5FAD ; G error_divide_by_zero_mc
error_edom_mc                   = $5FAD ; G error_edom_mc
errno_mc                        = $5FAF ; G errno_mc
error_mc                        = $5FBA ; G error_mc
__code_error_tail               = $5FBF ; G 
__code_fcntl_head               = $5FBF ; G 
__code_fcntl_tail               = $5FBF ; G 
__code_font_fzx_head            = $5FBF ; G 
__code_font_fzx_tail            = $5FBF ; G 
__code_fp_genmath_head          = $5FBF ; G 
__code_fp_genmath_tail          = $5FBF ; G 
__code_fp_math48_head           = $5FBF ; G 
__code_fp_math48_tail           = $5FBF ; G 
__code_input_head               = $5FBF ; G 
_in_test_key                    = $5FBF ; G in_test_key
_in_key_scancode_fastcall       = $5FC9 ; G in_key_scancode_fastcall
asm_in_key_scancode             = $5FC9 ; G asm_in_key_scancode
symbol_shift                    = $5FD9 ; L asm_in_key_scancode
cap_shift                       = $5FE1 ; L asm_in_key_scancode
divide_5                        = $5FE9 ; L asm_in_key_scancode
key_bit                         = $5FE9 ; L asm_in_key_scancode
row_loop                        = $5FF2 ; L asm_in_key_scancode
mask_loop                       = $5FF9 ; L asm_in_key_scancode
_in_stick_sinclair1             = $5FFF ; G in_stick_sinclair1
asm_in_stick_sinclair1          = $5FFF ; G asm_in_stick_sinclair1
table                           = $600F ; L asm_in_stick_sinclair1
_in_stick_sinclair2             = $602F ; G in_stick_sinclair2
asm_in_stick_sinclair2          = $602F ; G asm_in_stick_sinclair2
table                           = $603F ; L asm_in_stick_sinclair2
asm_in_test_key                 = $605F ; G asm_in_test_key
_in_wait_nokey                  = $6067 ; G in_wait_nokey
asm_in_wait_nokey               = $6067 ; G asm_in_wait_nokey
__code_input_tail               = $606D ; G 
__code_inttypes_head            = $606D ; G 
__code_inttypes_tail            = $606D ; G 
__code_l_head                   = $606D ; G 
__thread_block_timeout          = $606E ; G zcc5FD918
__thread_context_switch         = $606E ; G zcc5FD918
__thread_unblock                = $606E ; G zcc5FD918
l_ret                           = $606E ; G l_ret
l_small_utoa                    = $606F ; G l_small_utoa
l_utoa_lib                      = $6082 ; G l_small_utoa
no_leading_zeroes               = $6084 ; L l_small_utoa
leading_zeroes                  = $6090 ; L l_small_utoa
write                           = $6093 ; L l_small_utoa
write1s                         = $6098 ; L l_small_utoa
divide                          = $609E ; L l_small_utoa
divloop                         = $60A0 ; L l_small_utoa
___sdcc_call_hl                 = $60A7 ; G ___sdcc_call_hl
l_jphl                          = $60A7 ; G l_jphl
l_neg_de                        = $60A8 ; G l_neg_de
l_neg_hl                        = $60B0 ; G l_neg_hl
l_compare_de_hl                 = $60B8 ; G l_compare_de_hl
l_jpix                          = $60CD ; G l_jpix
___sdcc_enter_ix                = $60CF ; G ___sdcc_enter_ix
__code_l_sccz80_head            = $60CF ; G 
__code_l_sccz80_tail            = $60CF ; G 
__code_l_sdcc_head              = $60CF ; G 
__code_l_tail                   = $60CF ; G 
__modsint_callee                = $60D9 ; G __modsint_callee
__moduchar_callee               = $60E2 ; G __moduchar_callee
__code_l_sdcc_tail              = $60ED ; G 
__code_locale_head              = $60ED ; G 
__code_locale_tail              = $60ED ; G 
__code_math_head                = $60ED ; G 
l_divs_16_16x16                 = $60EE ; G l_divs_16_16x16
l_small_divs_16_16x16           = $60EE ; G l_small_divs_16_16x16
l0_divs_16_16x16                = $60F2 ; G l_divs_16_16x16
l0_small_divs_16_16x16          = $60F2 ; G l_small_divs_16_16x16
divide_by_zero                  = $610E ; L l_small_divs_16_16x16
l_small_divu_16_16x16           = $611A ; G l_small_divu_16_16x16
l0_small_divu_16_16x16          = $611E ; G l_small_divu_16_16x16
divisor_sixteen_bit             = $6122 ; L l_small_divu_16_16x16
loop_16_0                       = $6128 ; L l_small_divu_16_16x16
loop_16_1                       = $6130 ; L l_small_divu_16_16x16
l_divu_16_16x8                  = $613A ; G l_divu_16_16x8
l_small_divu_16_16x8            = $613A ; G l_small_divu_16_16x16
l0_divu_16_16x8                 = $613E ; G l_divu_16_16x8
l0_small_divu_16_16x8           = $613E ; G l_small_divu_16_16x16
loop_8_0                        = $6142 ; L l_small_divu_16_16x16
loop_8_2                        = $6149 ; L l_small_divu_16_16x16
loop_8_1                        = $614B ; L l_small_divu_16_16x16
divide_zero                     = $6150 ; L l_small_divu_16_16x16
l_mulu_16_16x16                 = $6154 ; G l_mulu_16_16x16
l_small_mul_16_16x16            = $6154 ; G l_small_mul_16_16x16
eight_bit_0                     = $6162 ; L l_small_mul_16_16x16
eight_bit_1                     = $6163 ; L l_small_mul_16_16x16
l_small_mul_16_16x8             = $6163 ; G l_small_mul_16_16x16
rejoin                          = $6166 ; L l_small_mul_16_16x16
loop_0                          = $6169 ; L l_small_mul_16_16x16
loop_1                          = $6170 ; L l_small_mul_16_16x16
_NIRVANAP_drawT_callee          = $6174 ; G NIRVANAP_drawT_callee
__code_math_tail                = $6174 ; G 
__code_network_head             = $6174 ; G 
__code_network_tail             = $6174 ; G 
__code_nirvanam_head            = $6174 ; G 
__code_nirvanam_tail            = $6174 ; G 
__code_nirvanap_head            = $6174 ; G 
asm_NIRVANAP_drawT              = $617D ; G asm_NIRVANAP_drawT
_NIRVANAP_drawT_raw_callee      = $6183 ; G NIRVANAP_drawT_raw_callee
_NIRVANAP_fillC_callee          = $618C ; G NIRVANAP_fillC_callee
_NIRVANAP_fillT_callee          = $6195 ; G NIRVANAP_fillT_callee
asm_NIRVANAP_fillT              = $619E ; G asm_NIRVANAP_fillT
_NIRVANAP_paintC_callee         = $61A4 ; G NIRVANAP_paintC_callee
_NIRVANAP_spriteT_callee        = $61AC ; G NIRVANAP_spriteT_callee
asm_NIRVANAP_spriteT            = $61B8 ; G asm_NIRVANAP_spriteT
_NIRVANAP_tiles_fastcall        = $61C6 ; G NIRVANAP_tiles_fastcall
asm_NIRVANAP_tiles              = $61C6 ; G asm_NIRVANAP_tiles
__code_nirvanap_tail            = $61CA ; G 
__code_setjmp_head              = $61CA ; G 
__code_setjmp_tail              = $61CA ; G 
__code_stdio_head               = $61CA ; G 
__code_stdio_tail               = $61CA ; G 
__code_stdlib_head              = $61CA ; G 
__insertion_sort__callee        = $61CA ; G _insertion_sort__callee
_abs_fastcall                   = $61D4 ; G abs_fastcall
asm_abs                         = $61D4 ; G asm_abs
_rand                           = $61DA ; G rand
asm_rand                        = $61DA ; G asm_rand
_srand_fastcall                 = $61F4 ; G srand_fastcall
asm_srand                       = $61F4 ; G asm_srand
seed_ok                         = $61F9 ; L asm_srand
asm_random_uniform_xor_32       = $6200 ; G asm_random_uniform_xor_32
asm_insertion_sort              = $6228 ; G asm_insertion_sort
asm0_insertion_sort             = $622C ; L asm_insertion_sort
array_loop                      = $6232 ; L asm_insertion_sort
begin_loop                      = $623C ; L asm_insertion_sort
insert_loop                     = $623F ; L asm_insertion_sort
insert_exit                     = $6258 ; L asm_insertion_sort
__sort_parameters               = $625E ; G __sort_parameters
__code_stdlib_tail              = $6278 ; G 
__code_string_head              = $6278 ; G 
asm_memset                      = $6278 ; G asm_memset
asm_memswap                     = $6289 ; G asm_memswap
asm0_memswap                    = $628C ; G asm_memswap
loop                            = $628D ; L asm_memswap
__code_string_tail              = $6298 ; G 
__code_temp_sp1_head            = $6298 ; G 
__code_temp_sp1_tail            = $6298 ; G 
__code_threads_head             = $6298 ; G 
__code_threads_mutex_head       = $6298 ; G 
__code_threads_mutex_tail       = $6298 ; G 
__code_threads_tail             = $6298 ; G 
__code_z80_head                 = $6298 ; G 
_z80_delay_ms_fastcall          = $6298 ; G z80_delay_ms_fastcall
asm_z80_delay_ms                = $6298 ; G asm_z80_delay_ms
ms_loop                         = $629A ; L asm_z80_delay_ms
last_ms                         = $62A7 ; L asm_z80_delay_ms
asm_z80_delay_tstate            = $62AD ; G asm_z80_delay_tstate
loop                            = $62B4 ; L asm_z80_delay_tstate
g0                              = $62C2 ; L asm_z80_delay_tstate
g1                              = $62C3 ; L asm_z80_delay_tstate
b0                              = $62C7 ; L asm_z80_delay_tstate
b1                              = $62CC ; L asm_z80_delay_tstate
__code_compiler_head            = $62CF ; G 
__code_lib_head                 = $62CF ; G 
__code_lib_tail                 = $62CF ; G 
__code_z80_tail                 = $62CF ; G 
_main                           = $62CF ; G zcc4EA62
l_main_00107                    = $62F4 ; L zcc4EA62
l_main_00108                    = $62F6 ; L zcc4EA62
l_main_00103                    = $634D ; L zcc4EA62
l_main_00101                    = $6357 ; L zcc4EA62
_enemy_coin1                    = $637B ; G zcc5F462
l_enemy_coin1_00101             = $63B3 ; L zcc5F462
l_enemy_coin1_00108             = $63BC ; L zcc5F462
_enemy_coin2                    = $63BD ; G zcc5F462
_enemy_collition                = $63E6 ; G zcc5F462
l_enemy_collition_00113         = $63EF ; L zcc5F462
l_enemy_collition_00104         = $64A1 ; L zcc5F462
l_enemy_collition_00109         = $64F8 ; L zcc5F462
l_enemy_collition_00114         = $650E ; L zcc5F462
_enemy_collition_check          = $651C ; G zcc5F462
l_enemy_collition_check_00102   = $652E ; L zcc5F462
l_enemy_collition_check_00104   = $6538 ; L zcc5F462
l_enemy_collition_check_00106   = $6545 ; L zcc5F462
l_enemy_collition_check_00108   = $655A ; L zcc5F462
l_enemy_collition_check_00110   = $6563 ; L zcc5F462
l_enemy_collition_check_00112   = $6578 ; L zcc5F462
l_enemy_collition_check_00114   = $658D ; L zcc5F462
l_enemy_collition_check_00116   = $6595 ; L zcc5F462
l_enemy_collition_check_00118   = $65C3 ; L zcc5F462
l_enemy_collition_check_00120   = $65F5 ; L zcc5F462
l_enemy_collition_check_00123   = $6605 ; L zcc5F462
l_enemy_collition_check_00125   = $6607 ; L zcc5F462
_enemy_hit                      = $6608 ; G zcc5F462
l_enemy_hit_00123               = $669E ; L zcc5F462
l_enemy_hit_00101               = $66BF ; L zcc5F462
l_enemy_hit_00102               = $66C9 ; L zcc5F462
l_enemy_hit_00103               = $66D3 ; L zcc5F462
l_enemy_hit_00104               = $66DD ; L zcc5F462
l_enemy_hit_00105               = $66E7 ; L zcc5F462
l_enemy_hit_00106               = $66F1 ; L zcc5F462
l_enemy_hit_00107               = $66FB ; L zcc5F462
l_enemy_hit_00108               = $6705 ; L zcc5F462
l_enemy_hit_00109               = $6711 ; L zcc5F462
l_enemy_hit_00110               = $6723 ; L zcc5F462
l_enemy_hit_00111               = $672F ; L zcc5F462
l_enemy_hit_00113               = $6739 ; L zcc5F462
_enemy_flip_change_dir          = $673A ; G zcc5F462
l_enemy_flip_change_dir_00102   = $676C ; L zcc5F462
l_enemy_flip_change_dir_00103   = $6788 ; L zcc5F462
l_enemy_flip_change_dir_00105   = $67BE ; L zcc5F462
l_enemy_flip_change_dir_00107   = $67F3 ; L zcc5F462
l_enemy_flip_change_dir_00110   = $6825 ; L zcc5F462
_enemy_flip                     = $6829 ; G zcc5F462
l_enemy_flip_00105              = $68BE ; L zcc5F462
l_enemy_flip_00102              = $68E3 ; L zcc5F462
l_enemy_flip_00103              = $68F3 ; L zcc5F462
l_enemy_flip_00107              = $690A ; L zcc5F462
_enemy_flip_sidestepper         = $690E ; G zcc5F462
l_enemy_flip_sidestepper_00102  = $692B ; L zcc5F462
l_enemy_flip_sidestepper_00104  = $697C ; L zcc5F462
_enemy_turn                     = $697F ; G zcc5F462
l_enemy_turn_00124              = $6984 ; L zcc5F462
l_enemy_turn_00102              = $69ED ; L zcc5F462
l_enemy_turn_00105              = $6A46 ; L zcc5F462
l_enemy_turn_00109              = $6A4B ; L zcc5F462
l_enemy_turn_00177              = $6A61 ; L zcc5F462
l_enemy_turn_00112              = $6A6D ; L zcc5F462
l_enemy_turn_00113              = $6A72 ; L zcc5F462
l_enemy_turn_00114              = $6A77 ; L zcc5F462
l_enemy_turn_00115              = $6A7C ; L zcc5F462
l_enemy_turn_00116              = $6A81 ; L zcc5F462
l_enemy_turn_00117              = $6A86 ; L zcc5F462
l_enemy_turn_00118              = $6A8B ; L zcc5F462
l_enemy_turn_00119              = $6A8E ; L zcc5F462
l_enemy_turn_00122              = $6AA0 ; L zcc5F462
_enemy_standard                 = $6AAB ; G zcc5F462
l_enemy_standard_00106          = $6ACF ; L zcc5F462
l_enemy_standard_00107          = $6B12 ; L zcc5F462
l_enemy_standard_00110          = $6B15 ; L zcc5F462
_enemy_slipice                  = $6B16 ; G zcc5F462
l_enemy_slipice_00102           = $6B7F ; L zcc5F462
l_enemy_slipice_00122           = $6BDD ; L zcc5F462
l_enemy_slipice_00116           = $6C00 ; L zcc5F462
l_enemy_slipice_00106           = $6C87 ; L zcc5F462
l_enemy_slipice_00110           = $6C8C ; L zcc5F462
l_enemy_slipice_00111           = $6C8F ; L zcc5F462
l_enemy_slipice_00117           = $6CB2 ; L zcc5F462
l_enemy_slipice_00127           = $6CBB ; L zcc5F462
_enemy_fireball_red             = $6CBC ; G zcc5F462
l_enemy_fireball_red_00114      = $6D03 ; L zcc5F462
l_enemy_fireball_red_00104      = $6D13 ; L zcc5F462
l_enemy_fireball_red_00105      = $6D27 ; L zcc5F462
l_enemy_fireball_red_00107      = $6D44 ; L zcc5F462
l_enemy_fireball_red_00108      = $6D55 ; L zcc5F462
l_enemy_fireball_red_00109      = $6D88 ; L zcc5F462
l_enemy_fireball_red_00119      = $6D8F ; L zcc5F462
_enemy_fireball_green           = $6D90 ; G zcc5F462
l_enemy_fireball_green_00102    = $6DED ; L zcc5F462
l_enemy_fireball_green_00104    = $6DFB ; L zcc5F462
l_enemy_fireball_green_00105    = $6E01 ; L zcc5F462
l_enemy_fireball_green_00110    = $6E17 ; L zcc5F462
l_enemy_fireball_green_00106    = $6E22 ; L zcc5F462
l_enemy_fireball_green_00114    = $6E38 ; L zcc5F462
_enemy_fighterfly               = $6E39 ; G zcc5F462
l_enemy_fighterfly_00102        = $6E61 ; L zcc5F462
l_enemy_fighterfly_00106        = $6EA4 ; L zcc5F462
l_enemy_fighterfly_00109        = $6ED3 ; L zcc5F462
l_enemy_fighterfly_00115        = $6EDB ; L zcc5F462
l_enemy_fighterfly_00111        = $6EF9 ; L zcc5F462
l_enemy_fighterfly_00116        = $6F06 ; L zcc5F462
l_enemy_fighterfly_00119        = $6F09 ; L zcc5F462
_enemy_trip                     = $6F0A ; G zcc5F462
l_enemy_trip_00104              = $6F6F ; L zcc5F462
l_enemy_trip_00108              = $6FC8 ; L zcc5F462
l_enemy_trip_00114              = $7010 ; L zcc5F462
_enemy_standard_hit             = $7011 ; G zcc5F462
l_enemy_standard_hit_00102      = $7043 ; L zcc5F462
_enemy_evolve                   = $707E ; G zcc5F462
l_enemy_evolve_00104            = $709B ; L zcc5F462
l_enemy_evolve_00105            = $70AD ; L zcc5F462
l_enemy_evolve_00109            = $70CB ; L zcc5F462
l_enemy_evolve_00111            = $70DC ; L zcc5F462
_enemy_upgrade                  = $70DD ; G zcc5F462
_enemy_walk                     = $711B ; G zcc5F462
l_enemy_walk_00102              = $714D ; L zcc5F462
l_enemy_walk_00106              = $716B ; L zcc5F462
l_enemy_walk_00107              = $7191 ; L zcc5F462
l_enemy_walk_00110              = $71A3 ; L zcc5F462
l_enemy_walk_00112              = $71BC ; L zcc5F462
l_enemy_walk_00114              = $71D4 ; L zcc5F462
l_enemy_walk_00115              = $71E3 ; L zcc5F462
l_enemy_walk_00218              = $7228 ; L zcc5F462
l_enemy_walk_00135              = $7231 ; L zcc5F462
l_enemy_walk_00121              = $7257 ; L zcc5F462
l_enemy_walk_00123              = $729C ; L zcc5F462
l_enemy_walk_00125              = $729F ; L zcc5F462
l_enemy_walk_00128              = $72F0 ; L zcc5F462
l_enemy_walk_00137              = $7314 ; L zcc5F462
_enemy_init                     = $7315 ; G zcc5F462
l_enemy_init_00102              = $7383 ; L zcc5F462
l_enemy_init_00103              = $7387 ; L zcc5F462
_enemy_kill                     = $73DC ; G zcc5F462
l_enemy_kill_00102              = $7403 ; L zcc5F462
l_enemy_kill_00103              = $7408 ; L zcc5F462
l_enemy_kill_00136              = $7418 ; L zcc5F462
l_enemy_kill_00137              = $741C ; L zcc5F462
l_enemy_kill_00105              = $746D ; L zcc5F462
l_enemy_kill_00107              = $7471 ; L zcc5F462
l_enemy_kill_00111              = $747F ; L zcc5F462
l_enemy_kill_00113              = $748E ; L zcc5F462
_game_calc_index                = $7491 ; G zcc91892
_game_print_footer              = $74AD ; G zcc91892
l_game_print_footer_00102       = $74FF ; L zcc91892
l_game_print_footer_00104       = $7525 ; L zcc91892
___str_0                        = $7542 ; L zcc91892
___str_1                        = $7544 ; L zcc91892
___str_2                        = $754A ; L zcc91892
___str_3                        = $754C ; L zcc91892
___str_4                        = $754E ; L zcc91892
___str_5                        = $7550 ; L zcc91892
___str_6                        = $7552 ; L zcc91892
_game_phase_print_score_back    = $7558 ; G zcc91892
___str_7                        = $758E ; L zcc91892
___str_8                        = $7592 ; L zcc91892
___str_9                        = $7595 ; L zcc91892
_game_print_lives               = $7598 ; G zcc91892
l_game_print_lives_00102        = $75B4 ; L zcc91892
_game_tick                      = $75CB ; G zcc91892
_game_start_timer               = $75D7 ; G zcc91892
_game_phase_calc                = $75E3 ; G zcc91892
l_game_phase_calc_00102         = $7630 ; L zcc91892
_game_phase_init                = $764C ; G zcc91892
l_game_phase_init_00104         = $7725 ; L zcc91892
l_game_phase_init_00105         = $773A ; L zcc91892
l_game_phase_init_00107         = $7749 ; L zcc91892
l_game_phase_init_00109         = $7767 ; L zcc91892
l_game_phase_init_00111         = $777A ; L zcc91892
_game_print_header              = $7783 ; G zcc91892
_game_phase_print               = $778E ; G zcc91892
l_game_phase_print_00102        = $77C3 ; L zcc91892
l_game_phase_print_00108        = $77D5 ; L zcc91892
l_game_phase_print_00105        = $77EE ; L zcc91892
l_game_phase_print_00109        = $77FE ; L zcc91892
___str_10                       = $7814 ; L zcc91892
___str_11                       = $781A ; L zcc91892
___str_12                       = $7820 ; L zcc91892
___str_13                       = $7825 ; L zcc91892
_game_loop                      = $782C ; G zcc91892
l_game_loop_00102               = $787A ; L zcc91892
l_game_loop_00103               = $787C ; L zcc91892
l_game_loop_00105               = $78AB ; L zcc91892
l_game_loop_00106               = $78B7 ; L zcc91892
l_game_loop_00134               = $78D7 ; L zcc91892
l_game_loop_00111               = $7909 ; L zcc91892
l_game_loop_00113               = $792D ; L zcc91892
l_game_loop_00137               = $793E ; L zcc91892
l_game_loop_00138               = $7981 ; L zcc91892
l_game_loop_00120               = $798A ; L zcc91892
l_game_loop_00123               = $79A8 ; L zcc91892
l_game_loop_00125               = $79B4 ; L zcc91892
l_game_loop_00127               = $79C7 ; L zcc91892
l_game_loop_00133               = $79CA ; L zcc91892
l_game_loop_00136               = $79D6 ; L zcc91892
___str_14                       = $7A0F ; L zcc91892
___str_15                       = $7A22 ; L zcc91892
___str_16                       = $7A35 ; L zcc91892
___str_17                       = $7A48 ; L zcc91892
_game_score_osd                 = $7A52 ; G zcc91892
l_game_score_osd_00105          = $7AB5 ; L zcc91892
l_game_score_osd_00102          = $7AC8 ; L zcc91892
l_game_score_osd_00117          = $7AD4 ; L zcc91892
l_game_score_osd_00110          = $7B55 ; L zcc91892
l_game_score_osd_00119          = $7B9A ; L zcc91892
_game_bonus_clock               = $7B9B ; G zcc91892
l_game_bonus_clock_00106        = $7BCA ; L zcc91892
l_game_bonus_clock_00108        = $7C00 ; L zcc91892
_game_bonus_summary             = $7C01 ; G zcc91892
l_game_bonus_summary_00102      = $7C20 ; L zcc91892
l_game_bonus_summary_00104      = $7C2E ; L zcc91892
l_game_bonus_summary_00106      = $7C78 ; L zcc91892
l_game_bonus_summary_00107      = $7C9D ; L zcc91892
l_game_bonus_summary_00109      = $7CB1 ; L zcc91892
l_game_bonus_summary_00112      = $7CC2 ; L zcc91892
___str_18                       = $7CC3 ; L zcc91892
___str_19                       = $7CD6 ; L zcc91892
___str_20                       = $7CE9 ; L zcc91892
_game_bonus_summary_player      = $7CF2 ; G zcc91892
l_game_bonus_summary_player_00102 = $7D2D ; L zcc91892
l_game_bonus_summary_player_00103 = $7D5B ; L zcc91892
l_game_bonus_summary_player_00107 = $7D84 ; L zcc91892
l_game_bonus_summary_player_00105 = $7DA5 ; L zcc91892
l_game_bonus_summary_player_00106 = $7DAB ; L zcc91892
l_game_bonus_summary_player_00109 = $7DE2 ; L zcc91892
___str_21                       = $7DF3 ; L zcc91892
___str_22                       = $7DFA ; L zcc91892
___str_23                       = $7E00 ; L zcc91892
_game_kill_all_sprites          = $7E06 ; G zcc91892
l_game_kill_all_sprites_00102   = $7E0B ; L zcc91892
_game_check_maze                = $7E1E ; G zcc91892
l_game_check_maze_00103         = $7E42 ; L zcc91892
l_game_check_maze_00104         = $7E46 ; L zcc91892
l_game_check_maze_00105         = $7E48 ; L zcc91892
_game_enemy_add                 = $7E4B ; G zcc91892
l_game_enemy_add_00106          = $7E57 ; L zcc91892
l_game_enemy_add_00107          = $7E78 ; L zcc91892
_game_enemy_quota               = $7E7B ; G zcc91892
l_game_enemy_quota_00101        = $7E90 ; L zcc91892
l_game_enemy_quota_00102        = $7E95 ; L zcc91892
l_game_enemy_quota_00105        = $7EBF ; L zcc91892
l_game_enemy_quota_00107        = $7ED9 ; L zcc91892
l_game_enemy_quota_00111        = $7EF0 ; L zcc91892
l_game_enemy_quota_00114        = $7F03 ; L zcc91892
l_game_enemy_quota_00184        = $7F1D ; L zcc91892
l_game_enemy_quota_00185        = $7F28 ; L zcc91892
l_game_enemy_quota_00115        = $7F30 ; L zcc91892
l_game_enemy_quota_00118        = $7F42 ; L zcc91892
l_game_enemy_quota_00121        = $7F5D ; L zcc91892
l_game_enemy_quota_00124        = $7F78 ; L zcc91892
l_game_enemy_quota_00127        = $7F91 ; L zcc91892
l_game_enemy_quota_00128        = $7F93 ; L zcc91892
_game_enemy_rnd                 = $7F94 ; G zcc91892
l_game_enemy_rnd_00102          = $7FC6 ; L zcc91892
_game_enemy_add1                = $7FC9 ; G zcc91892
l_game_enemy_add1_00197         = $7FE5 ; L zcc91892
l_game_enemy_add1_00198         = $7FE6 ; L zcc91892
l_game_enemy_add1_00107         = $7FF8 ; L zcc91892
TAR__crt_org_code               = $8000 ; L zcc5FD918
l_game_enemy_add1_00201         = $8003 ; L zcc91892
l_game_enemy_add1_00202         = $8004 ; L zcc91892
l_game_enemy_add1_00109         = $8016 ; L zcc91892
l_game_enemy_add1_00101         = $802B ; L zcc91892
l_game_enemy_add1_00102         = $8030 ; L zcc91892
l_game_enemy_add1_00111         = $8068 ; L zcc91892
l_game_enemy_add1_00115         = $806F ; L zcc91892
l_game_enemy_add1_00113         = $8084 ; L zcc91892
l_game_enemy_add1_00116         = $8089 ; L zcc91892
l_game_enemy_add1_00210         = $8094 ; L zcc91892
l_game_enemy_add1_00211         = $8095 ; L zcc91892
l_game_enemy_add1_00118         = $809D ; L zcc91892
l_game_enemy_add1_00125         = $80A9 ; L zcc91892
l_game_enemy_add1_00120         = $80C1 ; L zcc91892
l_game_enemy_add1_00122         = $80CC ; L zcc91892
l_game_enemy_add1_00124         = $80D8 ; L zcc91892
l_game_enemy_add1_00126         = $80DE ; L zcc91892
l_game_enemy_add1_00129         = $80F2 ; L zcc91892
l_game_enemy_add1_00132         = $80F8 ; L zcc91892
l_game_enemy_add1_00133         = $8120 ; L zcc91892
_game_enemy_add_get_index       = $8123 ; G zcc91892
l_game_enemy_add_get_index_00104 = $812B ; L zcc91892
l_game_enemy_add_get_index_00105 = $8142 ; L zcc91892
l_game_enemy_add_get_index_00106 = $814D ; L zcc91892
_game_freeze                    = $8150 ; G zcc91892
l_game_freeze_00102             = $81A8 ; L zcc91892
l_game_freeze_00107             = $81C2 ; L zcc91892
_game_unfreeze_all              = $81C5 ; G zcc91892
l_game_unfreeze_all_00104       = $81CB ; L zcc91892
l_game_unfreeze_all_00105       = $81D9 ; L zcc91892
l_game_unfreeze_all_00118       = $81E1 ; L zcc91892
_game_freeze_all                = $81EE ; G zcc91892
l_game_freeze_all_00104         = $81F4 ; L zcc91892
l_game_freeze_all_00105         = $8202 ; L zcc91892
l_game_freeze_all_00118         = $820A ; L zcc91892
_game_print_score               = $8217 ; G zcc91892
_game_paint_attrib              = $8248 ; G zcc91892
l_game_paint_attrib_00103       = $8251 ; L zcc91892
l_game_paint_attrib_00105       = $8272 ; L zcc91892
_game_paint_attrib_lin          = $8275 ; G zcc91892
l_game_paint_attrib_lin_00103   = $827E ; L zcc91892
l_game_paint_attrib_lin_00105   = $829C ; L zcc91892
_game_paint_attrib_lin_h        = $829F ; G zcc91892
l_game_paint_attrib_lin_h_00103 = $82A8 ; L zcc91892
l_game_paint_attrib_lin_h_00105 = $82C6 ; L zcc91892
_game_menu_config               = $82C9 ; G zcc91892
l_game_menu_config_00117        = $82EF ; L zcc91892
l_game_menu_config_00101        = $82F6 ; L zcc91892
l_game_menu_config_00105        = $8339 ; L zcc91892
l_game_menu_config_00106        = $8344 ; L zcc91892
l_game_menu_config_00151        = $8355 ; L zcc91892
l_game_menu_config_00107        = $835B ; L zcc91892
l_game_menu_config_00108        = $8368 ; L zcc91892
l_game_menu_config_00109        = $8375 ; L zcc91892
l_game_menu_config_00110        = $8380 ; L zcc91892
l_game_menu_config_00152        = $83A6 ; L zcc91892
l_game_menu_config_00111        = $83AC ; L zcc91892
l_game_menu_config_00112        = $83BF ; L zcc91892
l_game_menu_config_00115        = $83D7 ; L zcc91892
l_game_menu_config_00120        = $83E6 ; L zcc91892
___str_24                       = $83EA ; L zcc91892
___str_25                       = $83F5 ; L zcc91892
___str_26                       = $8400 ; L zcc91892
___str_27                       = $840B ; L zcc91892
___str_28                       = $840F ; L zcc91892
___str_29                       = $8413 ; L zcc91892
___str_30                       = $8417 ; L zcc91892
___str_31                       = $841B ; L zcc91892
_game_menu                      = $841F ; G zcc91892
l_game_menu_00101               = $8428 ; L zcc91892
l_game_menu_00125               = $845C ; L zcc91892
l_game_menu_00104               = $8462 ; L zcc91892
l_game_menu_00105               = $846C ; L zcc91892
l_game_menu_00106               = $8476 ; L zcc91892
_game_menu_paint                = $847B ; G zcc91892
l_game_menu_paint_00102         = $84B8 ; L zcc91892
___str_32                       = $855D ; L zcc91892
___str_33                       = $856B ; L zcc91892
___str_34                       = $8579 ; L zcc91892
___str_35                       = $8587 ; L zcc91892
___str_36                       = $859A ; L zcc91892
_game_menu_e                    = $85AC ; G zcc91892
l_game_menu_e_00114             = $85C0 ; L zcc91892
l_game_menu_e_00102             = $85E2 ; L zcc91892
l_game_menu_e_00104             = $85FE ; L zcc91892
l_game_menu_e_00108             = $8618 ; L zcc91892
l_game_menu_e_00109             = $861F ; L zcc91892
l_game_menu_e_00111             = $862F ; L zcc91892
l_game_menu_e_00112             = $8637 ; L zcc91892
_game_menu_handle               = $865F ; G zcc91892
l_game_menu_handle_00148        = $8675 ; L zcc91892
l_game_menu_handle_00149        = $8679 ; L zcc91892
l_game_menu_handle_00111        = $8688 ; L zcc91892
l_game_menu_handle_00104        = $86E6 ; L zcc91892
l_game_menu_handle_00106        = $8707 ; L zcc91892
l_game_menu_handle_00113        = $873C ; L zcc91892
_game_end                       = $8749 ; G zcc91892
l_game_end_00129                = $875F ; L zcc91892
l_game_end_00131                = $8777 ; L zcc91892
l_game_end_00133                = $878F ; L zcc91892
l_game_end_00105                = $87EB ; L zcc91892
l_game_end_00109                = $87F7 ; L zcc91892
l_game_end_00110                = $87FB ; L zcc91892
l_game_end_00221                = $8805 ; L zcc91892
l_game_end_00222                = $8806 ; L zcc91892
l_game_end_00112                = $8828 ; L zcc91892
l_game_end_00223                = $8832 ; L zcc91892
l_game_end_00224                = $8833 ; L zcc91892
l_game_end_00115                = $8858 ; L zcc91892
l_game_end_00118                = $8885 ; L zcc91892
l_game_end_00121                = $88CF ; L zcc91892
l_game_end_00124                = $8907 ; L zcc91892
l_game_end_00127                = $8960 ; L zcc91892
___str_37                       = $89B2 ; L zcc91892
___str_38                       = $89BC ; L zcc91892
___str_39                       = $89C5 ; L zcc91892
___str_40                       = $89D9 ; L zcc91892
___str_41                       = $89ED ; L zcc91892
___str_42                       = $8A03 ; L zcc91892
___str_43                       = $8A1A ; L zcc91892
_game_hall_check                = $8A31 ; G zcc91892
l_game_hall_check_00104         = $8A52 ; L zcc91892
l_game_hall_check_00105         = $8A63 ; L zcc91892
l_game_hall_check_00106         = $8A66 ; L zcc91892
_compare_scores                 = $8A69 ; G zcc91892
_game_hall_enter                = $8A8F ; G zcc91892
l_game_hall_enter_00102         = $8AC1 ; L zcc91892
l_game_hall_enter_00103         = $8AD4 ; L zcc91892
l_game_hall_enter_00125         = $8ADD ; L zcc91892
l_game_hall_enter_00105         = $8B02 ; L zcc91892
l_game_hall_enter_00107         = $8B16 ; L zcc91892
l_game_hall_enter_00122         = $8B47 ; L zcc91892
l_game_hall_enter_00109         = $8B84 ; L zcc91892
l_game_hall_enter_00111         = $8B95 ; L zcc91892
l_game_hall_enter_00113         = $8B9E ; L zcc91892
l_game_hall_enter_00190         = $8BD0 ; L zcc91892
l_game_hall_enter_00115         = $8BD5 ; L zcc91892
l_game_hall_enter_00191         = $8C0D ; L zcc91892
l_game_hall_enter_00119         = $8C12 ; L zcc91892
l_game_hall_enter_00124         = $8C1B ; L zcc91892
l_game_hall_enter_00126         = $8C33 ; L zcc91892
___str_44                       = $8C41 ; L zcc91892
___str_45                       = $8C4E ; L zcc91892
___str_46                       = $8C61 ; L zcc91892
_game_menu_back                 = $8C75 ; G zcc91892
_game_hall_enter_phs            = $8C8F ; G zcc91892
l_game_hall_enter_phs_00102     = $8CD2 ; L zcc91892
l_game_hall_enter_phs_00104     = $8D0A ; L zcc91892
___str_47                       = $8D0D ; L zcc91892
___str_48                       = $8D12 ; L zcc91892
_game_hall_print_p              = $8D19 ; G zcc91892
l_game_hall_print_p_00102       = $8D64 ; L zcc91892
l_game_hall_print_p_00108       = $8D7C ; L zcc91892
l_game_hall_print_p_00105       = $8DBE ; L zcc91892
l_game_hall_print_p_00110       = $8DD4 ; L zcc91892
_game_hall_edit_p               = $8DD7 ; G zcc91892
l_game_hall_edit_p_00102        = $8E04 ; L zcc91892
l_game_hall_edit_p_00103        = $8E1C ; L zcc91892
l_game_hall_edit_p_00107        = $8E52 ; L zcc91892
l_game_hall_edit_p_00120        = $8E5E ; L zcc91892
l_game_hall_edit_p_00168        = $8E75 ; L zcc91892
l_game_hall_edit_p_00167        = $8E7F ; L zcc91892
l_game_hall_edit_p_00115        = $8E90 ; L zcc91892
l_game_hall_edit_p_00116        = $8E98 ; L zcc91892
l_game_hall_edit_p_00121        = $8E9A ; L zcc91892
l_game_hall_edit_p_00122        = $8E9F ; L zcc91892
_game_hall_of_fame              = $8EA2 ; G zcc91892
l_game_hall_of_fame_00102       = $8ED4 ; L zcc91892
___str_49                       = $8F74 ; L zcc91892
___str_50                       = $8F76 ; L zcc91892
___str_51                       = $8F78 ; L zcc91892
_game_rotate_attrib             = $8F85 ; G zcc91892
_game_colour_message            = $8FA1 ; G zcc91892
l_game_colour_message_00107     = $8FC3 ; L zcc91892
l_game_colour_message_00103     = $9008 ; L zcc91892
l_game_colour_message_00110     = $902F ; L zcc91892
_game_check_time                = $9033 ; G zcc91892
l_game_check_time_00102         = $9051 ; L zcc91892
l_game_check_time_00104         = $9053 ; L zcc91892
_player_init                    = $9056 ; G zcc50532
l_player_init_00102             = $90F6 ; L zcc50532
l_player_init_00103             = $90FB ; L zcc50532
_player_collition               = $9140 ; G zcc50532
l_player_collition_00102        = $9153 ; L zcc50532
l_player_collition_00104        = $9167 ; L zcc50532
l_player_collition_00106        = $916F ; L zcc50532
l_player_collition_00117        = $9179 ; L zcc50532
l_player_collition_00112        = $919B ; L zcc50532
l_player_collition_00107        = $91AF ; L zcc50532
l_player_collition_00108        = $91BB ; L zcc50532
l_player_collition_00118        = $91C4 ; L zcc50532
l_player_collition_00119        = $91D3 ; L zcc50532
_player_collition_check         = $91D4 ; G zcc50532
l_player_collition_check_00102  = $91EB ; L zcc50532
l_player_collition_check_00104  = $9200 ; L zcc50532
l_player_collition_check_00109  = $923F ; L zcc50532
l_player_collition_check_00110  = $9250 ; L zcc50532
l_player_collition_check_00111  = $9261 ; L zcc50532
l_player_collition_check_00114  = $92B7 ; L zcc50532
l_player_collition_check_00116  = $92D6 ; L zcc50532
l_player_collition_check_00118  = $92EB ; L zcc50532
l_player_collition_check_00120  = $9308 ; L zcc50532
l_player_collition_check_00122  = $931B ; L zcc50532
l_player_collition_check_00124  = $9343 ; L zcc50532
l_player_collition_check_00125  = $9345 ; L zcc50532
_player_kill                    = $9349 ; G zcc50532
l_player_kill_00102             = $9395 ; L zcc50532
l_player_kill_00103             = $93A6 ; L zcc50532
l_player_kill_00106             = $93E9 ; L zcc50532
_player_restart                 = $93EA ; G zcc50532
l_player_restart_00102          = $9413 ; L zcc50532
l_player_restart_00103          = $942A ; L zcc50532
_player_lost_life               = $9469 ; G zcc50532
l_player_lost_life_00102        = $9497 ; L zcc50532
l_player_lost_life_00105        = $949B ; L zcc50532
l_player_lost_life_00106        = $94A3 ; L zcc50532
_player_turn                    = $94A4 ; G zcc50532
l_player_turn_00102             = $94F2 ; L zcc50532
l_player_turn_00103             = $9501 ; L zcc50532
l_player_turn_00110             = $9507 ; L zcc50532
_player_move                    = $9508 ; G zcc50532
l_player_move_00102             = $9577 ; L zcc50532
l_player_move_00106             = $95DF ; L zcc50532
l_player_move_00110             = $961D ; L zcc50532
l_player_move_00117             = $9647 ; L zcc50532
l_player_move_00112             = $965B ; L zcc50532
l_player_move_00118             = $9695 ; L zcc50532
l_player_move_00120             = $96C7 ; L zcc50532
l_player_move_00122             = $96D8 ; L zcc50532
l_player_move_00124             = $9765 ; L zcc50532
l_player_move_00126             = $976A ; L zcc50532
l_player_move_00128             = $9781 ; L zcc50532
l_player_move_00132             = $97BA ; L zcc50532
l_player_move_00133             = $97D5 ; L zcc50532
l_player_move_00155             = $9803 ; L zcc50532
l_player_move_00142             = $986C ; L zcc50532
l_player_move_00143             = $988A ; L zcc50532
l_player_move_00152             = $98AA ; L zcc50532
l_player_move_00145             = $98EE ; L zcc50532
l_player_move_00146             = $98FC ; L zcc50532
l_player_move_00156             = $9918 ; L zcc50532
l_player_move_00159             = $9936 ; L zcc50532
l_player_move_00160             = $994A ; L zcc50532
_player_move_input              = $994E ; G zcc50532
l_player_move_input_00139       = $9963 ; L zcc50532
l_player_move_input_00102       = $9985 ; L zcc50532
l_player_move_input_00104       = $99BF ; L zcc50532
l_player_move_input_00105       = $99CD ; L zcc50532
l_player_move_input_00107       = $99F8 ; L zcc50532
l_player_move_input_00110       = $9A06 ; L zcc50532
l_player_move_input_00112       = $9A14 ; L zcc50532
l_player_move_input_00114       = $9A69 ; L zcc50532
l_player_move_input_00116       = $9AF9 ; L zcc50532
l_player_move_input_00119       = $9B0C ; L zcc50532
l_player_move_input_00124       = $9B22 ; L zcc50532
l_player_move_input_00140       = $9B44 ; L zcc50532
l_player_move_input_00130       = $9B88 ; L zcc50532
l_player_move_input_00132       = $9C0E ; L zcc50532
l_player_move_input_00141       = $9C33 ; L zcc50532
l_player_move_input_00144       = $9C36 ; L zcc50532
_player_move_horizontal         = $9C37 ; G zcc50532
l_player_move_horizontal_00102  = $9C43 ; L zcc50532
l_player_move_horizontal_00104  = $9C46 ; L zcc50532
_player_push_check              = $9C47 ; G zcc50532
l_player_push_check_00102       = $9C58 ; L zcc50532
l_player_push_check_00104       = $9C6C ; L zcc50532
l_player_push_check_00106       = $9C9B ; L zcc50532
l_player_push_check_00109       = $9CB6 ; L zcc50532
l_player_push_check_00111       = $9CB8 ; L zcc50532
_player_push                    = $9CB9 ; G zcc50532
l_player_push_00102             = $9D1D ; L zcc50532
l_player_push_00103             = $9D20 ; L zcc50532
_player_hit_slipice             = $9D3C ; G zcc50532
_player_hit_brick               = $9D6D ; G zcc50532
l_player_hit_brick_00111        = $9DA9 ; L zcc50532
l_player_hit_brick_00116        = $9DAE ; L zcc50532
l_player_hit_brick_00172        = $9E11 ; L zcc50532
l_player_hit_brick_00117        = $9E1A ; L zcc50532
l_player_hit_brick_00175        = $9E7C ; L zcc50532
l_player_hit_brick_00108        = $9F06 ; L zcc50532
l_player_hit_brick_00112        = $9F52 ; L zcc50532
l_player_hit_brick_00118        = $9F54 ; L zcc50532
_player_hit_brick_clear         = $9F55 ; G zcc50532
_player_hit_pow                 = $9FA3 ; G zcc50532
l_player_hit_pow_00106          = $9FC1 ; L zcc50532
l_player_hit_pow_00110          = $9FD0 ; L zcc50532
l_player_hit_pow_00111          = $9FF5 ; L zcc50532
l_player_hit_pow_00105          = $A024 ; L zcc50532
l_player_hit_pow_00112          = $A02D ; L zcc50532
_player_coin                    = $A02E ; G zcc50532
l_player_coin_00102             = $A049 ; L zcc50532
l_player_coin_00103             = $A04F ; L zcc50532
l_player_coin_00107             = $A093 ; L zcc50532
l_player_coin_00109             = $A09D ; L zcc50532
_player_score_add               = $A0A0 ; G zcc50532
l_player_score_add_00102        = $A0DD ; L zcc50532
l_player_score_add_00104        = $A10B ; L zcc50532
l_player_score_add_00106        = $A11C ; L zcc50532
_player_set1                    = $A121 ; G zcc50532
_player_set2                    = $A13B ; G zcc50532
_spr_chktime                    = $A155 ; G zcc5D042
l_spr_chktime_00102             = $A180 ; L zcc5D042
l_spr_chktime_00103             = $A183 ; L zcc5D042
l_spr_chktime_00105             = $A1BE ; L zcc5D042
l_spr_chktime_00106             = $A1C0 ; L zcc5D042
_spr_move_up                    = $A1C4 ; G zcc5D042
l_spr_move_up_00102             = $A20D ; L zcc5D042
l_spr_move_up_00104             = $A211 ; L zcc5D042
l_spr_move_up_00108             = $A218 ; L zcc5D042
l_spr_move_up_00110             = $A245 ; L zcc5D042
l_spr_move_up_00111             = $A247 ; L zcc5D042
_spr_move_down                  = $A248 ; G zcc5D042
l_spr_move_down_00102           = $A2A1 ; L zcc5D042
l_spr_move_down_00106           = $A2A5 ; L zcc5D042
l_spr_move_down_00108           = $A2CB ; L zcc5D042
l_spr_move_down_00109           = $A2CD ; L zcc5D042
_spr_move_horizontal            = $A2CE ; G zcc5D042
l_spr_move_horizontal_00104     = $A2E3 ; L zcc5D042
l_spr_move_horizontal_00106     = $A2E9 ; L zcc5D042
_spr_move_right                 = $A2EA ; G zcc5D042
l_spr_move_right_00104          = $A325 ; L zcc5D042
_spr_move_left                  = $A328 ; G zcc5D042
l_spr_move_left_00104           = $A363 ; L zcc5D042
_spr_redraw                     = $A366 ; G zcc5D042
l_spr_redraw_00111              = $A3A0 ; L zcc5D042
l_spr_redraw_00102              = $A3B4 ; L zcc5D042
l_spr_redraw_00104              = $A3FB ; L zcc5D042
l_spr_redraw_00106              = $A40A ; L zcc5D042
l_spr_redraw_00112              = $A40F ; L zcc5D042
l_spr_redraw_00113              = $A427 ; L zcc5D042
l_spr_redraw_00115              = $A429 ; L zcc5D042
_spr_killed                     = $A42A ; G zcc5D042
l_spr_killed_00101              = $A451 ; L zcc5D042
l_spr_killed_00102              = $A461 ; L zcc5D042
l_spr_killed_00103              = $A471 ; L zcc5D042
l_spr_killed_00104              = $A481 ; L zcc5D042
l_spr_killed_00105              = $A49A ; L zcc5D042
l_spr_killed_00106              = $A4B3 ; L zcc5D042
l_spr_killed_00107              = $A4BC ; L zcc5D042
_spr_anim_fall                  = $A4C1 ; G zcc5D042
l_spr_anim_fall_00114           = $A518 ; L zcc5D042
l_spr_anim_fall_00102           = $A55A ; L zcc5D042
l_spr_anim_fall_00107           = $A5A2 ; L zcc5D042
l_spr_anim_fall_00108           = $A5B6 ; L zcc5D042
l_spr_anim_fall_00110           = $A5C1 ; L zcc5D042
l_spr_anim_fall_00116           = $A5CB ; L zcc5D042
_spr_anim_kill                  = $A5CF ; G zcc5D042
l_spr_anim_kill_00102           = $A631 ; L zcc5D042
l_spr_anim_kill_00104           = $A63E ; L zcc5D042
l_spr_anim_kill_00106           = $A675 ; L zcc5D042
l_spr_anim_kill_00110           = $A67E ; L zcc5D042
_spr_collition_check            = $A683 ; G zcc5D042
l_spr_collition_check_00102     = $A6B9 ; L zcc5D042
l_spr_collition_check_00106     = $A6C5 ; L zcc5D042
l_spr_collition_check_00104     = $A6CC ; L zcc5D042
l_spr_collition_check_00107     = $A6D3 ; L zcc5D042
l_spr_collition_check_00109     = $A6EB ; L zcc5D042
l_spr_collition_check_00111     = $A70F ; L zcc5D042
l_spr_collition_check_00113     = $A733 ; L zcc5D042
l_spr_collition_check_00114     = $A735 ; L zcc5D042
_spr_check_over                 = $A738 ; G zcc5D042
l_spr_check_over_00102          = $A75B ; L zcc5D042
l_spr_check_over_00112          = $A766 ; L zcc5D042
l_spr_check_over_00106          = $A779 ; L zcc5D042
l_spr_check_over_00113          = $A784 ; L zcc5D042
l_spr_check_over_00114          = $A786 ; L zcc5D042
_spr_destroy                    = $A787 ; G zcc5D042
l_spr_destroy_00103             = $A807 ; L zcc5D042
_spr_set_fall                   = $A80B ; G zcc5D042
l_spr_set_fall_00104            = $A828 ; L zcc5D042
l_spr_set_fall_00106            = $A844 ; L zcc5D042
_spr_tile                       = $A845 ; G zcc5D042
l_spr_tile_00102                = $A85F ; L zcc5D042
l_spr_tile_00103                = $A864 ; L zcc5D042
l_spr_tile_00105                = $A879 ; L zcc5D042
l_spr_tile_00139                = $A8A0 ; L zcc5D042
l_spr_tile_00106                = $A8C4 ; L zcc5D042
l_spr_tile_00107                = $A8D8 ; L zcc5D042
l_spr_tile_00108                = $A8EC ; L zcc5D042
l_spr_tile_00109                = $A900 ; L zcc5D042
l_spr_tile_00110                = $A906 ; L zcc5D042
l_spr_tile_00111                = $A90C ; L zcc5D042
l_spr_tile_00112                = $A912 ; L zcc5D042
l_spr_tile_00113                = $A917 ; L zcc5D042
l_spr_tile_00114                = $A91C ; L zcc5D042
l_spr_tile_00115                = $A921 ; L zcc5D042
l_spr_tile_00116                = $A926 ; L zcc5D042
l_spr_tile_00117                = $A92B ; L zcc5D042
l_spr_tile_00118                = $A930 ; L zcc5D042
l_spr_tile_00119                = $A933 ; L zcc5D042
_spr_tile_dir                   = $A936 ; G zcc5D042
l_spr_tile_dir_00102            = $A956 ; L zcc5D042
l_spr_tile_dir_00104            = $A972 ; L zcc5D042
l_spr_tile_dir_00106            = $A97E ; L zcc5D042
l_spr_tile_dir_00108            = $A98A ; L zcc5D042
_spr_draw_back                  = $A98D ; G zcc5D042
l_spr_draw_back_00107           = $A99C ; L zcc5D042
l_spr_draw_back_00105           = $A9A1 ; L zcc5D042
l_spr_draw_back_00106           = $A9CD ; L zcc5D042
_spr_draw_clear                 = $AA23 ; G zcc5D042
l_spr_draw_clear_00105          = $AA2F ; L zcc5D042
l_spr_draw_clear_00103          = $AA34 ; L zcc5D042
_spr_draw_pow                   = $AA5B ; G zcc5D042
l_spr_draw_pow_00102            = $AA6A ; L zcc5D042
l_spr_draw_pow_00104            = $AA76 ; L zcc5D042
l_spr_draw_pow_00106            = $AA81 ; L zcc5D042
l_spr_draw_pow_00109            = $AA98 ; L zcc5D042
_spr_back_clr                   = $AA99 ; G zcc5D042
_spr_back_fix                   = $AADF ; G zcc5D042
l_spr_back_fix_00118            = $AB08 ; L zcc5D042
l_spr_back_fix_00119            = $AB0A ; L zcc5D042
l_spr_back_fix_00121            = $AB26 ; L zcc5D042
l_spr_back_fix_00122            = $AB28 ; L zcc5D042
l_spr_back_fix_00107            = $AB3C ; L zcc5D042
l_spr_back_fix_00102            = $AB94 ; L zcc5D042
l_spr_back_fix_00105            = $ABAC ; L zcc5D042
l_spr_back_fix_00108            = $ABBE ; L zcc5D042
l_spr_back_fix_00115            = $ABDB ; L zcc5D042
_spr_back_fix1                  = $ABDE ; G zcc5D042
_spr_back_fix2                  = $AC1F ; G zcc5D042
_spr_back_fix3                  = $AC60 ; G zcc5D042
_spr_back_fix4                  = $ACA2 ; G zcc5D042
_spr_brick_anim                 = $ACE4 ; G zcc5D042
l_spr_brick_anim_00101          = $AD0B ; L zcc5D042
l_spr_brick_anim_00102          = $AD11 ; L zcc5D042
l_spr_brick_anim_00104          = $AD1D ; L zcc5D042
l_spr_brick_anim_00105          = $AD22 ; L zcc5D042
l_spr_brick_anim_00108          = $AD39 ; L zcc5D042
l_spr_brick_anim_00109          = $AD48 ; L zcc5D042
l_spr_brick_anim_00111          = $AD66 ; L zcc5D042
l_spr_brick_anim_00114          = $AD80 ; L zcc5D042
l_spr_brick_anim_00117          = $ADA3 ; L zcc5D042
l_spr_brick_anim_00120          = $ADD1 ; L zcc5D042
_spr_cortina_brick              = $ADD5 ; G zcc5D042
l_spr_cortina_brick_00101       = $ADE9 ; L zcc5D042
l_spr_cortina_brick_00103       = $AE14 ; L zcc5D042
_spr_cortina_pipes              = $AE20 ; G zcc5D042
l_spr_cortina_pipes_00130       = $AE26 ; L zcc5D042
l_spr_cortina_pipes_00117       = $AE35 ; L zcc5D042
l_spr_cortina_pipes_00101       = $AE42 ; L zcc5D042
l_spr_cortina_pipes_00102       = $AE43 ; L zcc5D042
l_spr_cortina_pipes_00106       = $AE56 ; L zcc5D042
l_spr_cortina_pipes_00137       = $AE84 ; L zcc5D042
l_spr_cortina_pipes_00121       = $AE93 ; L zcc5D042
l_spr_cortina_pipes_00109       = $AEA0 ; L zcc5D042
l_spr_cortina_pipes_00110       = $AEA1 ; L zcc5D042
l_spr_cortina_pipes_00122       = $AEC1 ; L zcc5D042
_spr_water_splash_draw          = $AEDB ; G zcc5D042
l_spr_water_splash_draw_00103   = $AF1E ; L zcc5D042
___str_0                        = $AF21 ; L zcc5D042
___str_1                        = $AF24 ; L zcc5D042
_spr_water_splash_clear         = $AF27 ; G zcc5D042
___str_2                        = $AF73 ; L zcc5D042
__code_compiler_tail            = $AF76 ; G 
__code_user_head                = $AF76 ; G 
_ay_reset                       = $AF76 ; G zcc5FD911
_ay_is_playing                  = $AF7C ; G zcc5FD911
answer_known                    = $AF99 ; L zcc5FD911
_ay_midi_play                   = $AF9E ; G zcc5FD911
midi_play                       = $AFA6 ; L zcc5FD911
midi_disable                    = $AFBC ; L zcc5FD911
_ay_fx_play                     = $AFC7 ; G zcc5FD911
ay_play                         = $AFCF ; L zcc5FD911
ay_disable                      = $AFE1 ; L zcc5FD911
_game_fill_row                  = $AFEC ; G zcc5FD914
game_fill_row                   = $AFF3 ; L zcc5FD914
gf_ploop                        = $B000 ; L zcc5FD914
_sound_nirvana_halt             = $B02B ; L zcc5FD916
_sound_slide                    = $B033 ; G zcc5FD916
_sound_jump                     = $B04C ; G zcc5FD916
_sound_coin                     = $B077 ; G zcc5FD916
_sound_enter_enemy              = $B099 ; G zcc5FD916
_sound_kill                     = $B0A9 ; G zcc5FD916
_sound_hit_enemy                = $B0C2 ; G zcc5FD916
_sound_hit_brick                = $B0ED ; G zcc5FD916
_sound_hit_pow                  = $B106 ; G zcc5FD916
_zx_print_str                   = $B128 ; G zcc5FD917
zx_print_str                    = $B12F ; L zcc5FD917
zps_sloop                       = $B133 ; L zcc5FD917
zps_cloop                       = $B144 ; L zcc5FD917
_zx_print_int                   = $B15E ; G zcc5FD917
zx_print_int                    = $B165 ; L zcc5FD917
_zx_print_chr                   = $B17A ; G zcc5FD917
zx_print_chr                    = $B182 ; L zcc5FD917
_zx_print_bonus_time            = $B193 ; G zcc5FD917
zx_print_bonus_time             = $B19A ; L zcc5FD917
__code_user_tail                = $B1B7 ; G 
__rodata_clib_head              = $B1B7 ; G 
__rodata_clib_tail              = $B1B7 ; G 
__rodata_driver_head            = $B1B7 ; G 
__rodata_driver_tail            = $B1B7 ; G 
__rodata_error_string_end_head  = $B1B7 ; G 
__rodata_error_strings_head     = $B1B7 ; G 
__rodata_error_strings_tail     = $B1B7 ; G 
__rodata_font_head              = $B1B7 ; G 
__rodata_font_tail              = $B1B7 ; G 
__rodata_error_string_end_tail  = $B1B8 ; G 
__rodata_fcntl_head             = $B1B8 ; G 
__rodata_fcntl_tail             = $B1B8 ; G 
__rodata_font_4x8_head          = $B1B8 ; G 
__rodata_font_4x8_tail          = $B1B8 ; G 
__rodata_font_8x8_head          = $B1B8 ; G 
__rodata_font_8x8_tail          = $B1B8 ; G 
__rodata_font_fzx_head          = $B1B8 ; G 
__rodata_font_fzx_tail          = $B1B8 ; G 
__rodata_input_head             = $B1B8 ; G 
in_key_translation_table        = $B1B8 ; G in_key_translation_table
__rodata_compiler_head          = $B258 ; G 
__rodata_input_tail             = $B258 ; G 
__rodata_lib_head               = $B258 ; G 
__rodata_lib_tail               = $B258 ; G 
__rodata_sound_bit_head         = $B258 ; G 
__rodata_sound_bit_tail         = $B258 ; G 
__rodata_stdio_head             = $B258 ; G 
__rodata_stdio_tail             = $B258 ; G 
__rodata_stdlib_head            = $B258 ; G 
__rodata_stdlib_tail            = $B258 ; G 
_hall_valids                    = $B258 ; G zcc4EA22
___str_0                        = $B282 ; L zcc4EA22
___str_1                        = $B291 ; L zcc4EA22
___str_2                        = $B29A ; L zcc4EA22
___str_3                        = $B2A5 ; L zcc4EA22
__rodata_compiler_tail          = $B2B0 ; G 
__rodata_user_head              = $B2B0 ; G 
_btiles                         = $B2B0 ; G zcc5FD99
BANK06_ay_reset                 = $C000 ; G zcc5FD911
__BANK_06_head                  = $C000 ; G 
IOCTL_ITERM_CAPS                = $C009 ; G zcc5FD918
IOCTL_ITERM_COOK                = $C011 ; G zcc5FD918
IOCTL_OTERM_CRLF                = $C012 ; G zcc5FD918
IOCTL_OCHAR_CRLF                = $C014 ; G zcc5FD918
BANK06_ay_midi_play_isr         = $C01D ; G zcc5FD911
IOCTL_ITERM_LINE                = $C021 ; G zcc5FD918
IOCTL_OTERM_COOK                = $C022 ; G zcc5FD918
midi_loop                       = $C024 ; L zcc5FD911
midi_position_hold              = $C03F ; L zcc5FD911
IOCTL_ITERM_PASS                = $C041 ; G zcc5FD918
midi_position_next              = $C041 ; L zcc5FD911
IOCTL_OTERM_PAUSE               = $C042 ; G zcc5FD918
BANK06_ay_reg                   = $C045 ; L zcc5FD911
BANK06_ay_fx_play_isr           = $C053 ; G zcc5FD911
fx_repeat_loop                  = $C056 ; L zcc5FD911
fx_playing                      = $C065 ; L zcc5FD911
fx_loop                         = $C06B ; L zcc5FD911
logvol_loop                     = $C07B ; L zcc5FD911
IOCTL_ITERM_ECHO                = $C081 ; G zcc5FD918
IOCTL_OTERM_PAGE                = $C082 ; G zcc5FD918
fx_repeat                       = $C08C ; L zcc5FD911
BANK06_ay_rout                  = $C093 ; L zcc5FD911
rout_loop                       = $C099 ; L zcc5FD911
_ay_effect_01                   = $C0A9 ; G zcc5FD912
_ay_effect_02                   = $C0E7 ; G zcc5FD912
IOCTL_ITERM_CRLF                = $C101 ; G zcc5FD918
IOCTL_OTERM_BELL                = $C102 ; G zcc5FD918
IOCTL_ICHAR_CRLF                = $C103 ; G zcc5FD918
_ay_effect_03                   = $C15B ; G zcc5FD912
_ay_effect_04                   = $C1D5 ; G zcc5FD912
IOCTL_ITERM_CURS                = $C201 ; G zcc5FD918
IOCTL_OTERM_SIGNAL              = $C202 ; G zcc5FD918
_ay_effect_05                   = $C261 ; G zcc5FD912
_ay_effect_06                   = $C2F3 ; G zcc5FD912
_ay_effect_07                   = $C385 ; G zcc5FD912
_ay_effect_08                   = $C441 ; G zcc5FD912
_ay_effect_09                   = $C4FD ; G zcc5FD912
_ay_effect_10                   = $C5BF ; G zcc5FD912
_ay_effect_11                   = $C681 ; G zcc5FD912
_ay_effect_12                   = $C749 ; G zcc5FD912
_ay_effect_13                   = $C84D ; G zcc5FD912
_ay_effect_14                   = $C963 ; G zcc5FD912
_ay_effect_15                   = $CB09 ; G zcc5FD912
_ay_effect_16                   = $CD15 ; G zcc5FD912
_ay_effect_17                   = $CF69 ; G zcc5FD912
_ay_effect_18                   = $D211 ; G zcc5FD912
_ay_effect_19                   = $D53D ; G zcc5FD912
_ay_effect_background           = $D53D ; G zcc5FD912
_ay_effect_20                   = $D571 ; G zcc5FD912
_pb_midi_title                  = $D5F9 ; G zcc5FD913
_pb_midi_phase_1                = $D7F7 ; G zcc5FD913
__BANK_06_tail                  = $D923 ; G 
__CODE_END_head                 = $DB30 ; G 
__CODE_END_tail                 = $DB30 ; G 
__IGNORE_head                   = $DB30 ; G 
__IGNORE_tail                   = $DB30 ; G 
__rodata_user_tail              = $DB30 ; G 
__size                          = $DB30 ; G 
__tail                          = $DB30 ; G 
asm_NIRVANAP_paintC             = $DC62 ; G asm_NIRVANAP_paintC
IOCTL_OTERM_CLEAR               = $E002 ; G zcc5FD918
_NIRVANAP_isr                   = $F5D2 ; L zcc91892
__NIRVANA_HOLE_head             = $F5E6 ; G 
__NIRVANA_HOLE_tail             = $F5E7 ; G 
__code_sound_bit_head           = $F5E7 ; G 
asm_bit_beep_raw                = $F5E7 ; G asm_bit_beep_raw
beeper                          = $F5EB ; L asm_bit_beep_raw
beixp3                          = $F5FF ; L asm_bit_beep_raw
behllp                          = $F604 ; L asm_bit_beep_raw
be_again                        = $F620 ; L asm_bit_beep_raw
be_end                          = $F624 ; L asm_bit_beep_raw
asm_bit_close                   = $F627 ; G asm_bit_close
asm_bit_open                    = $F632 ; G asm_bit_open
__DATA_head                     = $F638 ; G 
__DATA_tail                     = $F638 ; G 
__code_sound_bit_tail           = $F638 ; G 
__data_alloc_balloc_head        = $F638 ; G 
__data_alloc_balloc_tail        = $F638 ; G 
__data_alloc_malloc_head        = $F638 ; G 
__data_alloc_malloc_tail        = $F638 ; G 
__data_clib_head                = $F638 ; G 
__data_clib_tail                = $F638 ; G 
__data_driver_head              = $F638 ; G 
__data_driver_tail              = $F638 ; G 
__data_fcntl_fdtable_body_head  = $F638 ; G 
__data_fcntl_fdtable_body_tail  = $F638 ; G 
__data_fcntl_head               = $F638 ; G 
__data_fcntl_stdio_heap_body_head = $F638 ; G 
__data_fcntl_stdio_heap_body_tail = $F638 ; G 
__data_fcntl_stdio_heap_head_head = $F638 ; G 
__data_fcntl_stdio_heap_head_tail = $F638 ; G 
__data_fcntl_stdio_heap_tail_head = $F638 ; G 
__data_fcntl_stdio_heap_tail_tail = $F638 ; G 
__data_fcntl_tail               = $F638 ; G 
__data_font_head                = $F638 ; G 
__data_font_tail                = $F638 ; G 
__data_sound_bit_head           = $F638 ; G 
__smc_clib_head                 = $F638 ; G 
__smc_clib_tail                 = $F638 ; G 
__smc_compiler_head             = $F638 ; G 
__smc_compiler_tail             = $F638 ; G 
__smc_driver_head               = $F638 ; G 
__smc_driver_tail               = $F638 ; G 
__smc_fcntl_head                = $F638 ; G 
__smc_fcntl_tail                = $F638 ; G 
__smc_font_head                 = $F638 ; G 
__smc_font_tail                 = $F638 ; G 
__smc_l_head                    = $F638 ; G 
__smc_l_tail                    = $F638 ; G 
__smc_lib_head                  = $F638 ; G 
__smc_lib_tail                  = $F638 ; G 
__smc_sound_bit_head            = $F638 ; G 
__smc_sound_bit_tail            = $F638 ; G 
__smc_user_head                 = $F638 ; G 
__smc_user_tail                 = $F638 ; G 
__sound_bit_state               = $F638 ; G __sound_bit_state
__data_sound_bit_tail           = $F639 ; G 
__data_stdio_head               = $F639 ; G 
__data_stdio_tail               = $F639 ; G 
__data_stdlib_head              = $F639 ; G 
__stdlib_seed                   = $F639 ; G __stdlib_seed
__data_stdlib_tail              = $F63D ; G 
__data_threads_head             = $F63D ; G 
__thrd_id                       = $F63D ; G zcc5FD918
__data_compiler_head            = $F63E ; G 
__data_lib_head                 = $F63E ; G 
__data_lib_tail                 = $F63E ; G 
__data_threads_tail             = $F63E ; G 
_joynames                       = $F63E ; G zcc4EA22
_phases                         = $F646 ; G zcc4EA22
_lvl_1                          = $F6C6 ; G zcc4EA22
_spr_idx                        = $F966 ; G zcc4EA22
_sprite_speed                   = $F990 ; G zcc4EA22
_hof                            = $F9A1 ; G zcc4EA22
_initials                       = $F9DD ; G zcc4EA22
__BSS_UNINITIALIZED_head        = $F9E5 ; G 
__BSS_UNINITIALIZED_tail        = $F9E5 ; G 
__BSS_head                      = $F9E5 ; G 
__BSS_tail                      = $F9E5 ; G 
__DATA_END_head                 = $F9E5 ; G 
__DATA_END_tail                 = $F9E5 ; G 
__bss_alloc_balloc_head         = $F9E5 ; G 
__bss_alloc_balloc_tail         = $F9E5 ; G 
__bss_alloc_malloc_head         = $F9E5 ; G 
__bss_alloc_malloc_tail         = $F9E5 ; G 
__bss_arch_head                 = $F9E5 ; G 
__bss_arch_tail                 = $F9E5 ; G 
__bss_clib_head                 = $F9E5 ; G 
__bss_clib_tail                 = $F9E5 ; G 
__bss_compress_aplib_head       = $F9E5 ; G 
__bss_compress_aplib_tail       = $F9E5 ; G 
__bss_driver_head               = $F9E5 ; G 
__bss_driver_tail               = $F9E5 ; G 
__bss_error_head                = $F9E5 ; G 
__bss_font_head                 = $F9E5 ; G 
__bss_font_tail                 = $F9E5 ; G 
__data_compiler_tail            = $F9E5 ; G 
__data_user_head                = $F9E5 ; G 
__data_user_tail                = $F9E5 ; G 
_errno                          = $F9E5 ; G _errno
__bss_error_tail                = $F9E7 ; G 
__bss_fcntl_head                = $F9E7 ; G 
__bss_fcntl_tail                = $F9E7 ; G 
__bss_input_head                = $F9E7 ; G 
__bss_input_tail                = $F9E7 ; G 
__bss_sound_bit_head            = $F9E7 ; G 
__bss_sound_bit_tail            = $F9E7 ; G 
__bss_stdio_head                = $F9E7 ; G 
__bss_stdio_tail                = $F9E7 ; G 
__bss_stdlib_head               = $F9E7 ; G 
__exit_stack                    = $F9E7 ; G zcc5FD918
__quickexit_stack               = $F9E8 ; G zcc5FD918
__bss_compiler_head             = $F9E9 ; G 
__bss_lib_head                  = $F9E9 ; G 
__bss_lib_tail                  = $F9E9 ; G 
__bss_stdlib_tail               = $F9E9 ; G 
__bss_string_head               = $F9E9 ; G 
__bss_string_tail               = $F9E9 ; G 
_spec128                        = $F9E9 ; G zcc4EA22
_joyfunc1                       = $F9EA ; G zcc4EA22
_joyfunc2                       = $F9EC ; G zcc4EA22
_k1                             = $F9EE ; G zcc4EA22
_k2                             = $F9F8 ; G zcc4EA22
_dirs                           = $FA02 ; G zcc4EA22
_tbuffer                        = $FA03 ; G zcc4EA22
_class                          = $FA0A ; G zcc4EA22
_state                          = $FA12 ; G zcc4EA22
_state_a                        = $FA1A ; G zcc4EA22
_tile                           = $FA22 ; G zcc4EA22
_lin                            = $FA2A ; G zcc4EA22
_col                            = $FA32 ; G zcc4EA22
_colint                         = $FA3A ; G zcc4EA22
_spr_timer                      = $FA42 ; G zcc4EA22
_spr_timer_c                    = $FA52 ; G zcc4EA22
_last_time                      = $FA62 ; G zcc4EA22
_jump_lin                       = $FA72 ; G zcc4EA22
_hit_lin                        = $FA7A ; G zcc4EA22
_hit_col                        = $FA7C ; G zcc4EA22
_sliding                        = $FA7E ; G zcc4EA22
_player_lock                    = $FA80 ; G zcc4EA22
_player_score                   = $FA82 ; G zcc4EA22
_player_next_extra              = $FA86 ; G zcc4EA22
_index_player                   = $FA8A ; G zcc4EA22
_sprite_other_player            = $FA8B ; G zcc4EA22
_sprite                         = $FA8C ; G zcc4EA22
_tile_offset                    = $FA8D ; G zcc4EA22
_tile_offset_other_player       = $FA8E ; G zcc4EA22
_hit_count                      = $FA8F ; G zcc4EA22
_s_tile0                        = $FA90 ; G zcc4EA22
_s_tile1                        = $FA91 ; G zcc4EA22
_s_lin0                         = $FA92 ; G zcc4EA22
_s_lin1                         = $FA93 ; G zcc4EA22
_s_col0                         = $FA94 ; G zcc4EA22
_s_col1                         = $FA95 ; G zcc4EA22
_loop_count                     = $FA96 ; G zcc4EA22
_index1                         = $FA98 ; G zcc4EA22
_index2                         = $FA9A ; G zcc4EA22
_index3                         = $FA9C ; G zcc4EA22
_index_d                        = $FA9E ; G zcc4EA22
_tmp                            = $FAA0 ; G zcc4EA22
_tmp0                           = $FAA1 ; G zcc4EA22
_tmp1                           = $FAA2 ; G zcc4EA22
_tmp_uc                         = $FAA3 ; G zcc4EA22
_tmp_sc                         = $FAA4 ; G zcc4EA22
_tmp_ui                         = $FAA5 ; G zcc4EA22
_enemies                        = $FAA7 ; G zcc4EA22
_zx_val_asm                     = $FAA8 ; G zcc4EA22
_attrib                         = $FAA9 ; G zcc4EA22
_attrib_hl                      = $FAAD ; G zcc4EA22
_s_state                        = $FAB1 ; G zcc4EA22
_curr_time                      = $FAB2 ; G zcc4EA22
_entry_time                     = $FAB4 ; G zcc4EA22
_frame_time                     = $FAB6 ; G zcc4EA22
_col_time                       = $FAB8 ; G zcc4EA22
_frame_loop_count               = $FABA ; G zcc4EA22
_spr_count                      = $FABC ; G zcc4EA22
_game_pow                       = $FABD ; G zcc4EA22
_game_brick_tile                = $FABE ; G zcc4EA22
_game_two_player                = $FABF ; G zcc4EA22
_game_sound                     = $FAC0 ; G zcc4EA22
_game_over                      = $FAC1 ; G zcc4EA22
_game_lives                     = $FAC2 ; G zcc4EA22
_game_lives_update              = $FAC4 ; G zcc4EA22
_game_time_flipped              = $FAC5 ; G zcc4EA22
_game_time_fireball_start       = $FAC7 ; G zcc4EA22
_spr_water_clear                = $FAC9 ; G zcc4EA22
_spr_water_time                 = $FACA ; G zcc4EA22
_game_bonus                     = $FACC ; G zcc4EA22
_game_type                      = $FACD ; G zcc4EA22
_game_menu_sel                  = $FACE ; G zcc4EA22
_game_score_top                 = $FACF ; G zcc4EA22
_phase_quota                    = $FAD1 ; G zcc4EA22
_phase_left                     = $FAD4 ; G zcc4EA22
_phase_tot                      = $FAD5 ; G zcc4EA22
_phase_pop                      = $FAD6 ; G zcc4EA22
_phase_coins                    = $FAD7 ; G zcc4EA22
_phase_end                      = $FAD8 ; G zcc4EA22
_phase_curr                     = $FAD9 ; G zcc4EA22
_phase_angry                    = $FADA ; G zcc4EA22
_phase_bonus_total              = $FADB ; G zcc4EA22
_screen_paper                   = $FADD ; G zcc4EA22
_screen_ink                     = $FADE ; G zcc4EA22
_score_osd_lin                  = $FADF ; G zcc4EA22
_score_osd_col                  = $FAE1 ; G zcc4EA22
_score_osd_time                 = $FAE3 ; G zcc4EA22
_score_osd_tile                 = $FAE7 ; G zcc4EA22
_sprite_speed_alt               = $FAEB ; G zcc4EA22
__bss_compiler_tail             = $FAF3 ; G 
__bss_user_head                 = $FAF3 ; G 
_ay_reset_low                   = $FAF3 ; G zcc5FD911
_ay_midi_playing                = $FAF4 ; G zcc5FD911
_ay_midi_hold                   = $FAF6 ; G zcc5FD911
_ay_fx_playing                  = $FAF7 ; G zcc5FD911
__BSS_END_head                  = $FAF9 ; G 
__BSS_END_tail                  = $FAF9 ; G 
__bss_user_tail                 = $FAF9 ; G 
asm_NIRVANAP_drawT_raw          = $FB06 ; G asm_NIRVANAP_drawT_raw
asm_NIRVANAP_fillT_raw          = $FDA0 ; G asm_NIRVANAP_fillT_raw
_NIRVANAP_start                 = $FDE3 ; G NIRVANAP_start
asm_NIRVANAP_start              = $FDE3 ; G asm_NIRVANAP_start
_NIRVANAP_stop                  = $FDF4 ; G NIRVANAP_stop
asm_NIRVANAP_stop               = $FDF4 ; G asm_NIRVANAP_stop
asm_NIRVANAP_fillC              = $FF21 ; G asm_NIRVANAP_fillC
TAR__register_sp                = $FF58 ; L zcc5FD918
TAR__crt_on_exit                = $30002 ; L zcc5FD918
__clock_freq                    = $3567E0 ; L asm_z80_delay_ms
